******************************************************************************
                  TI ARM Linker Unix v20.2.5                   
******************************************************************************
>> Linked Tue Jan 18 18:58:09 2022

OUTPUT FILE NAME:   <nvsinternal_CC1352R1_LAUNCHXL_tirtos_ccs.out>
ENTRY POINT SYMBOL: "ResetISR"  address: 000576c5


MEMORY CONFIGURATION

         name            origin    length      used     unused   attr    fill
----------------------  --------  ---------  --------  --------  ----  --------
  FLASH                 00000000   00058000  00058000  00000000  R  X
  GPRAM                 11000000   00002000  00000000  00002000  RW X
  SRAM                  20000000   00014000  00006a42  0000d5be  RW X
  LOG_DATA              90000000   00040000  00000000  00040000  R   


SEGMENT ALLOCATION MAP

run origin  load origin   length   init length attrs members
----------  ----------- ---------- ----------- ----- -------
00000000    00000000    0000003c   0000003c    r--
  00000000    00000000    0000003c   0000003c    r-- .resetVecs
00000000    00000000    00000046   00000046    r-x
  00000000    00000000    00000046   00000046    r-x .text.1
00000000    00000000    00000058   00000058    r--
  00000000    00000000    00000058   00000058    r-- .ccfg
00000000    00000000    00000238   00000238    r--
  00000000    00000000    00000238   00000238    r-- .cinit
00000000    00000000    00000e90   00000e90    r--
  00000000    00000000    00000e90   00000e90    r-- .const
0000003c    0000003c    00000a4e   00000a4e    r-x
  0000003c    0000003c    00000a4e   00000a4e    r-x .text.2
00000046    00000046    00000002   00000002    r-x
  00000046    00000046    00000002   00000002    r-x .text.3
00000048    00000048    00000a60   00000a60    r-x
  00000048    00000048    00000a60   00000a60    r-x .text.4
00000a8a    00000a8a    00000002   00000002    r-x
  00000a8a    00000a8a    00000002   00000002    r-x .text.5
00000a8c    00000a8c    000005a8   000005a8    r-x
  00000a8c    00000a8c    000005a8   000005a8    r-x .text.6
00000aa8    00000aa8    0000059c   0000059c    r-x
  00000aa8    00000aa8    0000059c   0000059c    r-x .text.7
00001034    00001034    00000018   00000018    r-x
  00001034    00001034    00000018   00000018    r-x .text.8
00001044    00001044    00000028   00000028    r-x
  00001044    00001044    00000028   00000028    r-x .text.9
0000104c    0000104c    000004c8   000004c8    r-x
  0000104c    0000104c    000004c8   000004c8    r-x .text.10
0000106c    0000106c    000004b2   000004b2    r-x
  0000106c    0000106c    000004b2   000004b2    r-x .text.11
00001514    00001514    000002a8   000002a8    r-x
  00001514    00001514    000002a8   000002a8    r-x .text.12
0000151e    0000151e    0000001e   0000001e    r-x
  0000151e    0000151e    0000001e   0000001e    r-x .text.13
0000153c    0000153c    00000284   00000284    r-x
  0000153c    0000153c    00000284   00000284    r-x .text.14
000017bc    000017bc    00000298   00000298    r-x
  000017bc    000017bc    00000298   00000298    r-x .text.15
000017c0    000017c0    0000029a   0000029a    r-x
  000017c0    000017c0    0000029a   0000029a    r-x .text.16
00001a54    00001a54    00000278   00000278    r-x
  00001a54    00001a54    00000278   00000278    r-x .text.17
00001a5c    00001a5c    00000272   00000272    r-x
  00001a5c    00001a5c    00000272   00000272    r-x .text.18
00001ccc    00001ccc    00000270   00000270    r-x
  00001ccc    00001ccc    00000270   00000270    r-x .text.19
00001cce    00001cce    00000064   00000064    r-x
  00001cce    00001cce    00000064   00000064    r-x .text.20
00001d34    00001d34    000001f8   000001f8    r-x
  00001d34    00001d34    000001f8   000001f8    r-x .text.21
00001f3c    00001f3c    000000c4   000000c4    r-x
  00001f3c    00001f3c    000000c4   000000c4    r-x .text.22
00002000    00002000    00050000   00000000    rw-
  00002000    00002000    00050000   00000000    rw- .TI.bound:flashBuf0
00052000    00052000    00006000   00006000    r-x
  00052000    00052000    00006000   00006000    r-x .text.23
20000100    20000100    00000ced   00000000    rw-
  20000100    20000100    00000004   00000000    rw- .data:xdcRomConstPtr
  20000104    20000104    00000004   00000000    rw- .data:xdcRomExternFuncPtr
  20000108    20000108    00000004   00000000    rw- .data:xdcRomStatePtr
  20000110    20000110    00000cdd   00000000    rw- .bss
20001850    20001850    00000010   00000000    rw-
  20001850    20001850    00000010   00000000    rw- .TI.bound:dmaUart1RxControlTableEntry
20001860    20001860    00000010   00000000    rw-
  20001860    20001860    00000010   00000000    rw- .TI.bound:dmaUart1TxControlTableEntry
20001870    20001870    00004000   00000000    r--
  20001870    20001870    00004000   00000000    r-- .priheap
20005870    20005870    00001861   00000000    rw-
  20005870    20005870    00001861   00000000    rw- .data
20013c00    20013c00    00000400   00000000    rw-
  20013c00    20013c00    00000400   00000000    rw- .stack


SECTION ALLOCATION MAP

 output                                  attributes/
section   page    origin      length       input sections
--------  ----  ----------  ----------   ----------------
.binit     0    00000000    00000000     

.cinit     0    00000000    00000238     FAILED TO ALLOCATE
.init_array 
*          0    00000000    00000000     UNINITIALIZED

.ccfg      0    00000000    00000058     FAILED TO ALLOCATE
.bss       0    20000110    00000cdd     UNINITIALIZED
                  20000110    00000400     ti_drivers_config.obj (.bss:displayUART2Buffer)
                  20000510    00000200     release_pem4f.oem4f (.bss:taskStackSection)
                  20000710    000001f8     (.common:uart2CC26X2Objects)
                  20000908    00000120     rtsv7M4_T_le_v4SPD16_eabi.lib : trgmsg.c.obj (.bss:_CIOBUF_)
                  20000a28    000000d8     (.common:ti_sysbios_family_arm_m3_Hwi_dispatchTable)
                  20000b00    000000a0     (.common:__TI_tmpnams)
                  20000ba0    00000098     EasyLink.obj (.bss:rxBuffer)
                  20000c38    0000007c     (.common:gpioCallbackFunctions)
                  20000cb4    0000007c     (.common:gpioUserArgs)
                  20000d30    00000020     ti_drivers_config.obj (.bss:uart2RxRingBuffer0)
                  20000d50    00000020     ti_drivers_config.obj (.bss:uart2TxRingBuffer0)
                  20000d70    00000020     (.common:udmaCC26XXObject)
                  20000d90    0000001c     drivers_cc13x2.a : GPIOCC26XX.oem4f (.bss:gpioHwi)
                  20000dac    00000014     rf_multiMode_cc13x2.a : RFCC26X2_multiMode.c.cc13x2.ccs.o (.bss:RF_ratSyncCmd)
                  20000dc0    0000000c     drivers_cc13x2.a : NVSCC26XX.oem4f (.bss)
                  20000dcc    0000000c     (.common:displayUart2Object)
                  20000dd8    00000008     (.common:parmbuf)
                  20000de0    00000004     (.common:PowerCC26XX_swiKey)
                  20000de4    00000004     (.common:PowerCC26XX_taskKey)
                  20000de8    00000004     (.common:nvsCC26XXObjects)
                  20000dec    00000001     rf_multiMode_cc13x2.a : RFCC26X2_multiMode.c.cc13x2.ccs.o (.bss)

.data      0    20005870    00001861     UNINITIALIZED
                  20005870    00000620     nvsinternal.obj (.data:$O1$$)
                  20005e90    00000508     rf_multiMode_cc13x2.a : RFCC26X2_multiMode.c.cc13x2.ccs.o (.data:$O1$$)
                  20006398    000003b0     EasyLink.obj (.data:$O1$$)
                  20006748    00000170     drivers_cc13x2.a : PowerCC26X2.oem4f (.data:PowerCC26X2_module)
                  200068b8    0000010c     release_pem4f.oem4f (.data:ROM_stateStruct)
                  200069c4    000000f0     rtsv7M4_T_le_v4SPD16_eabi.lib : defs.c.obj (.data:_ftable)
                  20006ab4    000000b4     rom_sysbios.aem4f : rom_sysbios.obj (.data:$O1$$)
                  20006b68    0000007c     ti_drivers_config.obj (.data:gpioPinConfigs)
                  20006be4    00000078     rtsv7M4_T_le_v4SPD16_eabi.lib : host_device.c.obj (.data:_device)
                  20006c5c    00000064     ti_radio_config.obj (.data:txPowerTable_868_pa13)
                  20006cc0    00000050     rtsv7M4_T_le_v4SPD16_eabi.lib : host_device.c.obj (.data:_stream)
                  20006d10    0000004c     release_pem4f.oem4f (.data:ti_sysbios_knl_Task_Object__table__V)
                  20006d5c    00000004     rtsv7M4_T_le_v4SPD16_eabi.lib : rand.c.obj (.data)
                  20006d60    00000048     release_pem4f.oem4f (.data:ti_sysbios_family_arm_cc26xx_Timer_Object__table__V)
                  20006da8    00000040     EasyLink.obj (.data:addrFilterTable)
                  20006de8    00000038     release_pem4f.oem4f (.data:ti_sysbios_gates_GateMutex_Object__table__V)
                  20006e20    00000030     ti_radio_config.obj (.data:RF_cmdPropRxAdv)
                  20006e50    00000030     release_pem4f.oem4f (.data:ti_sysbios_knl_Swi_Module_State_0_readyQ__A)
                  20006e80    00000030     release_pem4f.oem4f (.data:ti_sysbios_knl_Swi_Object__table__V)
                  20006eb0    00000030     release_pem4f.oem4f (.data:ti_sysbios_knl_Task_Module_State_0_readyQ__A)
                  20006ee0    00000028     ti_radio_config.obj (.data:RF_cmdPropRadioDivSetup)
                  20006f08    00000028     ti_radio_config.obj (.data:pOverrides)
                  20006f30    00000024     driverlib.lib : osc.obj (.data:$O1$$)
                  20006f54    00000024     ti_easylink_config.obj (.data:EasyLink_supportedPhys)
                  20006f78    00000020     release_pem4f.oem4f (.data:ti_sysbios_knl_Clock_Object__table__V)
                  20006f98    00000020     release_pem4f.oem4f (.data:xdc_runtime_Error_IgnoreBlock)
                  20006fb8    00000018     ti_radio_config.obj (.data:RF_cmdFs)
                  20006fd0    00000018     ti_radio_config.obj (.data:RF_cmdPropTx)
                  20006fe8    00000018     release_pem4f.oem4f (.data:ti_sysbios_family_arm_m3_Hwi_Object__table__V)
                  20007000    00000018     release_pem4f.oem4f (.data:ti_sysbios_heaps_HeapMem_Object__table__V)
                  20007018    00000010     ti_radio_config.obj (.data:RF_prop)
                  20007028    00000010     rtsv7M4_T_le_v4SPD16_eabi.lib : defs.c.obj (.data)
                  20007038    0000000c                                   : exit.c.obj (.data:$O1$$)
                  20007044    00000008                                   : _lock.c.obj (.data:$O1$$)
                  2000704c    00000008     rf_multiMode_cc13x2.a : RFCC26X2_multiMode.c.cc13x2.ccs.o (.data:RFCC26XX_schedulerPolicy)
                  20007054    00000008     release_pem4f.oem4f (.data:ti_sysbios_family_arm_m3_Hwi_Module__root__V)
                  2000705c    00000008     release_pem4f.oem4f (.data:ti_sysbios_gates_GateHwi_Module__root__V)
                  20007064    00000008     release_pem4f.oem4f (.data:ti_sysbios_gates_GateMutex_Module__root__V)
                  2000706c    00000008     release_pem4f.oem4f (.data:ti_sysbios_hal_Hwi_Module__root__V)
                  20007074    00000008     release_pem4f.oem4f (.data:ti_sysbios_heaps_HeapMem_Module__root__V)
                  2000707c    00000008     release_pem4f.oem4f (.data:ti_sysbios_knl_Clock_Module__root__V)
                  20007084    00000008     release_pem4f.oem4f (.data:ti_sysbios_knl_Event_Module__root__V)
                  2000708c    00000008     release_pem4f.oem4f (.data:ti_sysbios_knl_Mailbox_Module__root__V)
                  20007094    00000008     release_pem4f.oem4f (.data:ti_sysbios_knl_Queue_Module__root__V)
                  2000709c    00000008     release_pem4f.oem4f (.data:ti_sysbios_knl_Semaphore_Module__root__V)
                  200070a4    00000008     release_pem4f.oem4f (.data:ti_sysbios_knl_Swi_Module__root__V)
                  200070ac    00000008     release_pem4f.oem4f (.data:ti_sysbios_knl_Task_Module__root__V)
                  200070b4    00000008     release_pem4f.oem4f (.data:xdc_runtime_System_Module_State_0_atexitHandlers__A)
                  200070bc    00000004     rtsv7M4_T_le_v4SPD16_eabi.lib : stkdepth_vars.c.obj (.data)
                  200070c0    00000004     release_pem4f.oem4f (.data:ti_sysbios_family_arm_m3_Hwi_Module_State_0_excContext__A)
                  200070c4    00000004     release_pem4f.oem4f (.data:ti_sysbios_family_arm_m3_Hwi_Module_State_0_excStack__A)
                  200070c8    00000004     release_pem4f.oem4f (.data:ti_sysbios_knl_Task_Module_State_0_idleTask__A)
                  200070cc    00000002     release_pem4f.oem4f (.data:ti_sysbios_family_arm_m3_Hwi_Module_State_0_excActive__A)
                  200070ce    00000001     drivers_cc13x2.a : GPIOCC26XX.oem4f (.data)
                  200070cf    00000001                      : NVS.oem4f (.data)
                  200070d0    00000001     rf_multiMode_cc13x2.a : rf_patch_cpe_multi_protocol.c.cc13x2.ccs.o (.data)

.stack     0    20013c00    00000400     UNINITIALIZED
                  20013c00    00000400     --HOLE--

.priheap   0    20001870    00004000     UNINITIALIZED
                  20001870    00004000     --HOLE--

.log_data 
*          0    90000000    00000000     COPY SECTION

.data:xdcRomConstPtr 
*          0    20000100    00000004     UNINITIALIZED
                  20000100    00000004     release_pem4f.oem4f (.data:xdcRomConstPtr)

.data:xdcRomExternFuncPtr 
*          0    20000104    00000004     UNINITIALIZED
                  20000104    00000004     release_pem4f.oem4f (.data:xdcRomExternFuncPtr)

.data:xdcRomStatePtr 
*          0    20000108    00000004     UNINITIALIZED
                  20000108    00000004     release_pem4f.oem4f (.data:xdcRomStatePtr)

.bootVecs 
*          0    00000000    00000008     DSECT
                  00000000    00000008     boot.aem4f : boot.oem4f (.bootVecs)

.resetVecs 
*          0    00000000    0000003c     
                  00000000    0000003c     release_pem4f.oem4f (.resetVecs)

.TI.bound:flashBuf0 
*          0    00002000    00050000     UNINITIALIZED
                  00002000    00050000     ti_drivers_config.obj (.TI.bound:flashBuf0)

.vecs      0    20000000    000000d8     NOLOAD SECTION
                  20000000    000000d8     release_pem4f.oem4f (.vecs)

xdc.meta   0    00000000    000000ff     COPY SECTION
                  00000000    000000ff     release_pem4f.oem4f (xdc.meta)

xdc.noload 
*          0    00000000    00000000     COPY SECTION

.const     0    00000000    00000e90     FAILED TO ALLOCATE
__llvm_prf_cnts 
*          0    20000000    00000000     UNINITIALIZED

.TI.bound:dmaUart1RxControlTableEntry 
*          0    20001850    00000010     UNINITIALIZED
                  20001850    00000010     ti_drivers_config.obj (.TI.bound:dmaUart1RxControlTableEntry)

.TI.bound:dmaUart1TxControlTableEntry 
*          0    20001860    00000010     UNINITIALIZED
                  20001860    00000010     ti_drivers_config.obj (.TI.bound:dmaUart1TxControlTableEntry)

.text.1    0    00000000    00000046     FAILED TO ALLOCATE
.text.2    0    0000003c    00000a4e     
                  0000003c    00000a4e     rtsv7M4_T_le_v4SPD16_eabi.lib : _printfi.c.obj (.text:__TI_printfi)

.text.3    0    00000046    00000002     FAILED TO ALLOCATE
.text.4    0    00000048    00000a60     FAILED TO ALLOCATE
.text.5    0    00000a8a    00000002     
                  00000a8a    00000002     ti_drivers_config.obj (.text:Board_initHook)

.text.6    0    00000a8c    000005a8     
                  00000a8c    00000008     (.tramp.strlen.1)
                  00000a94    000005a0     EasyLink.obj (.text:EasyLink_init)

.text.7    0    00000aa8    0000059c     FAILED TO ALLOCATE
.text.8    0    00001034    00000018     
                  00001034    00000008     (.tramp.ti_sysbios_knl_Semaphore_pend__E.1)
                  0000103c    00000008     (.tramp.ti_sysbios_knl_Semaphore_post__E.1)
                  00001044    00000008     (.tramp.ti_sysbios_knl_Semaphore_Params__init__S.1)

.text.9    0    00001044    00000028     FAILED TO ALLOCATE
.text.10   0    0000104c    000004c8     
                  0000104c    00000008     (.tramp.ti_sysbios_knl_Semaphore_create.1)
                  00001054    000004c0     rf_multiMode_cc13x2.a : RFCC26X2_multiMode.c.cc13x2.ccs.o (.text:RF_fsmActiveState)

.text.11   0    0000106c    000004b2     FAILED TO ALLOCATE
.text.12   0    00001514    000002a8     
                  00001514    00000008     (.tramp.ti_sysbios_family_arm_m3_Hwi_restoreFxn__E.1)
                  0000151c    000002a0     nvsinternal.obj (.text:echoRxDoneCb)

.text.13   0    0000151e    0000001e     FAILED TO ALLOCATE
.text.14   0    0000153c    00000284     FAILED TO ALLOCATE
.text.15   0    000017bc    00000298     
                  000017bc    00000298     rf_multiMode_cc13x2.a : RFCC26X2_multiMode.c.cc13x2.ccs.o (.text:RF_open)

.text.16   0    000017c0    0000029a     FAILED TO ALLOCATE
.text.17   0    00001a54    00000278     
                  00001a54    00000278     drivers_cc13x2.a : UART2.oem4f (.text:UART2_writeTimeout)

.text.18   0    00001a5c    00000272     FAILED TO ALLOCATE
.text.19   0    00001ccc    00000270     
                  00001ccc    00000270     rtsv7M4_T_le_v4SPD16_eabi.lib : _printfi.c.obj (.text:_pconv_a)

.text.20   0    00001cce    00000064     FAILED TO ALLOCATE
.text.21   0    00001d34    000001f8     
                  00001d34    00000008     rtsv7M4_T_le_v4SPD16_eabi.lib : memcpy_t2.asm.obj (.tramp.memcpy.1)
                  00001d3c    00000008                                   : memset_t2.asm.obj (.tramp.memset.1)
                  00001d44    00000008     (.tramp.ti_sysbios_knl_Clock_Params__init__S.1)
                  00001d4c    00000008     (.tramp.ti_sysbios_knl_Clock_construct.1)
                  00001d54    00000008                                   : div0.asm.obj (.tramp.__aeabi_idiv0.1)
                  00001d5c    00000008     drivers_cc13x2.a : UART2CC26X2.oem4f (.tramp.UART2_open.1)
                  00001d64    00000008     (.tramp.ti_sysbios_family_arm_m3_Hwi_Params__init__S.1)
                  00001d6c    00000008     ti_drivers_config.obj (.tramp.Board_init.1)
                  00001d74    00000008     drivers_cc13x2.a : GPIOCC26XX.oem4f (.tramp.GPIO_init.1)
                  00001d7c    00000008                      : GPIOCC26XX.oem4f (.tramp.GPIO_setConfig.1)
                  00001d84    00000008     nvsinternal.obj (.tramp.echoTask_init.1)
                  00001d8c    00000008     (.tramp.ti_sysbios_family_arm_m3_Hwi_construct.1)
                  00001d94    00000008     drivers_cc13x2.a : UART2CC26X2.oem4f (.tramp.UART2Support_dmaStopRx.1)
                  00001d9c    00000008                      : PowerCC26X2.oem4f (.tramp.Power_releaseDependency.1)
                  00001da4    00000008     rtsv7M4_T_le_v4SPD16_eabi.lib : fclose.c.obj (.tramp.__TI_closefile.1)
                  00001dac    00000008     drivers_cc13x2.a : NVSCC26XX.oem4f (.tramp.doErase.1)
                  00001db4    00000008     rf_multiMode_cc13x2.a : rf_patch_cpe_multi_protocol.c.cc13x2.ccs.o (.tramp.configureMultiProtocolPatch.1)
                  00001dbc    00000008     (.tramp.ti_sysbios_knl_Swi_disable__E.1)
                  00001dc4    00000008     (.tramp.xdc_runtime_Startup_rtsDone__E.1)
                  00001dcc    00000008     (.tramp.ti_sysbios_BIOS_linkedWithIncorrectBootLibrary__E.1)
                  00001dd4    00000008     (.tramp.xdc_runtime_System_atexit__E.1)
                  00001ddc    00000008     (.tramp.ti_sysbios_family_arm_cc26xx_Timer_startup__E.1)
                  00001de4    00000008     (.tramp.ti_sysbios_hal_Hwi_startup__E.1)
                  00001dec    00000008     (.tramp.ti_sysbios_knl_Swi_startup__E.1)
                  00001df4    00000008     (.tramp.ti_sysbios_knl_Task_startup__E.1)
                  00001dfc    00000008     rtsv7M4_T_le_v4SPD16_eabi.lib : ull_div_t2.asm.obj (.tramp.__aeabi_uldivmod.1)
                  00001e04    00000008     (.tramp.ti_sysbios_knl_Clock_getTicks__E.1)
                  00001e0c    00000008     (.tramp.ti_sysbios_knl_Semaphore_destruct.1)
                  00001e14    00000008     (.tramp.ti_sysbios_knl_Task_delete.1)
                  00001e1c    00000008     rom_sysbios.aem4f : rom_sysbios.obj (.tramp.pthread_exit.1)
                  00001e24    00000008     (.tramp.ti_sysbios_knl_Clock_TimerProxy_getCurrentTick__E.1)
                  00001e2c    00000008     rf_multiMode_cc13x2.a : RFCC26X2_multiMode.c.cc13x2.ccs.o (.tramp.RF_getCurrentTime.1)
                  00001e34    00000008                           : RFCC26X2_multiMode.c.cc13x2.ccs.o (.tramp.RF_postCmd.1)
                  00001e3c    00000008                           : RFCC26X2_multiMode.c.cc13x2.ccs.o (.tramp.RF_pendCmd.1)
                  00001e44    00000008                           : RFCC26X2_multiMode.c.cc13x2.ccs.o (.tramp.RF_scheduleCmd.1)
                  00001e4c    00000008     drivers_cc13x2.a : PowerCC26X2.oem4f (.tramp.disableLFClockQualifiers.1)
                  00001e54    00000008                      : PowerCC26X2.oem4f (.tramp.switchXOSCHF.1)
                  00001e5c    00000008     (.tramp.ti_sysbios_family_arm_m3_Hwi_disableFxn__E.1)
                  00001e64    00000008     rf_multiMode_cc13x2.a : RFCC26X2_multiMode.c.cc13x2.ccs.o (.tramp.RF_dispatchNextEvent.1)
                  00001e6c    00000008     (.tramp.ti_sysbios_BIOS_RtsGateProxy_enter__E.1)
                  00001e74    00000008     (.tramp.ti_sysbios_knl_Swi_construct.1)
                  00001e7c    00000008     drivers_cc13x2.a : PowerCC26X2_calibrateRCOSC.oem4f (.tramp.PowerCC26X2_initiateCalibration.1)
                  00001e84    00000008     main_tirtos.obj (.tramp.main.1)
                  00001e8c    00000008     (.tramp.ti_sysbios_BIOS_RtsGateProxy_leave__E.1)
                  00001e94    00000008     (.tramp.ti_sysbios_knl_Swi_post__E.1)
                  00001e9c    00000008     (.tramp.ti_sysbios_BIOS_getThreadType__E.1)
                  00001ea4    00000008     drivers_cc13x2.a : UART2CC26X2.oem4f (.tramp.UART2_close.1)
                  00001eac    00000008                      : PowerCC26X2_calibrateRCOSC.oem4f (.tramp.runCalibrateFsm.1)
                  00001eb4    00000008     (.tramp.ti_sysbios_knl_Clock_logTick__E.1)
                  00001ebc    00000008                      : UART2CC26X2.oem4f (.tramp.UART2CC26X2_initHw.1)
                  00001ec4    00000008                      : UART2.oem4f (.tramp.UART2_writeTimeout.1)
                  00001ecc    00000008     (.tramp.ti_sysbios_knl_Semaphore_delete.1)
                  00001ed4    00000008     (.tramp.ti_sysbios_knl_Task_self__E.1)
                  00001edc    00000008     rf_multiMode_cc13x2.a : RFCC26X2_multiMode.c.cc13x2.ccs.o (.tramp.RF_issueRadioFreeCb.1)
                  00001ee4    00000008     (.tramp.ti_sysbios_knl_Clock_destruct.1)
                  00001eec    00000008     (.tramp.ti_sysbios_BIOS_getCpuFreq__E.1)
                  00001ef4    00000008     (.tramp.ti_sysbios_family_arm_m3_Hwi_destruct.1)
                  00001efc    00000008     (.tramp.ti_sysbios_family_arm_m3_Hwi_enableInterrupt__E.1)
                  00001f04    00000008     (.tramp.ti_sysbios_knl_Swi_destruct.1)
                  00001f0c    00000008     (.tramp.xdc_runtime_System_vsnprintf__E.1)
                  00001f14    00000008     rtsv7M4_T_le_v4SPD16_eabi.lib : fputc.c.obj (.tramp.fputc.1)
                  00001f1c    00000008                                   : fputs.c.obj (.tramp.fputs.1)
                  00001f24    00000008     driverlib.lib : setup.obj (.tramp.NOROM_SetupTrimDevice.1)

.text.22   0    00001f3c    000000c4     
                  00001f3c    000000c0     drivers_cc13x2.a : PowerCC26X2.oem4f (.text:Power_releaseDependency)
                  00001ffc    00000004     dpl_cc13x2.a : PowerCC26X2_tirtos.oem4f (.text:CPUwfi)

.text.23   0    00052000    00006000     
                  00052000    00000210     rf_multiMode_cc13x2.a : RFCC26X2_multiMode.c.cc13x2.ccs.o (.text:RF_scheduleCmd)
                  00052210    000001f4     drivers_cc13x2.a : UART2CC26X2.oem4f (.text:UART2CC26X2_hwiIntFxn)
                  00052404    000001dc     rf_multiMode_cc13x2.a : RFCC26X2_multiMode.c.cc13x2.ccs.o (.text:RF_dispatchNextCmd)
                  000525e0    000001dc     drivers_cc13x2.a : UART2CC26X2.oem4f (.text:UART2_open)
                  000527bc    000001d0     rtsv7M4_T_le_v4SPD16_eabi.lib : _printfi.c.obj (.text:_pconv_g)
                  0005298c    000001b6                                   : fd_add_t2.asm.obj (.text)
                  00052b42    00000002     display_cc13x2.a : DisplayUart2.oem4f (.text:DisplayUart2Min_clear)
                  00052b44    000001a0     EasyLink.obj (.text:EasyLink_transmitAsync)
                  00052ce4    00000198     drivers_cc13x2.a : PowerCC26X2.oem4f (.text:Power_sleep)
                  00052e7c    00000190                      : PowerCC26X2_calibrateRCOSC.oem4f (.text:calibrateRcoscHf1)
                  0005300c    0000018c                      : PowerCC26X2_calibrateRCOSC.oem4f (.text:runCalibrateFsm)
                  00053198    00000188     EasyLink.obj (.text:EasyLink_receiveAsync)
                  00053320    00000188     release_pem4f.oem4f (.text:xdc_runtime_System_printfExtend__I)
                  000534a8    0000016c     drivers_cc13x2.a : PowerCC26X2.oem4f (.text:Power_init)
                  00053614    00000154     rf_multiMode_cc13x2.a : RFCC26X2_multiMode.c.cc13x2.ccs.o (.text:RF_radioOpDoneCb)
                  00053768    00000144                           : RFCC26X2_multiMode.c.cc13x2.ccs.o (.text:RF_fsmSetupState)
                  000538ac    0000013c     rtsv7M4_T_le_v4SPD16_eabi.lib : _printfi.c.obj (.text:_pconv_e)
                  000539e8    00000138     drivers_cc13x2.a : NVSCC26XX.oem4f (.text:NVSCC26XX_write)
                  00053b20    00000138     rf_multiMode_cc13x2.a : RFCC26X2_multiMode.c.cc13x2.ccs.o (.text:RF_abortCmd)
                  00053c58    00000136     rtsv7M4_T_le_v4SPD16_eabi.lib : fd_div_t2.asm.obj (.text)
                  00053d8e    00000002     display_cc13x2.a : DisplayUart2.oem4f (.text:DisplayUart2Min_clearLines)
                  00053d90    0000012c     drivers_cc13x2.a : UART2CC26X2.oem4f (.text:UART2CC26X2_initHw)
                  00053ebc    00000124     rtsv7M4_T_le_v4SPD16_eabi.lib : _printfi.c.obj (.text:fcvt)
                  00053fe0    00000120     rf_multiMode_cc13x2.a : RFCC26X2_multiMode.c.cc13x2.ccs.o (.text:RF_close)
                  00054100    00000120     drivers_cc13x2.a : PowerCC26X2.oem4f (.text:configureXOSCHF)
                  00054220    00000118     nvsinternal.obj (.text:rfEasyLinkEchoRxFnx)
                  00054338    00000008     (.tramp.xdc_runtime_System_abort__E.1)
                  00054340    00000114     rtsv7M4_T_le_v4SPD16_eabi.lib : fputs.c.obj (.text:fputs)
                  00054454    00000110                                   : s_scalbn.c.obj (.text:scalbn)
                  00054564    0000010c     EasyLink.obj (.text:rxDoneCallback)
                  00054670    00000104     rf_multiMode_cc13x2.a : RFCC26X2_multiMode.c.cc13x2.ccs.o (.text:RF_hwiCpe0Active)
                  00054774    000000fc                           : RFCC26X2_multiMode.c.cc13x2.ccs.o (.text:RF_decodeOverridePointers)
                  00054870    000000fc     rtsv7M4_T_le_v4SPD16_eabi.lib : fd_mul_t2.asm.obj (.text)
                  0005496c    000000f0     driverlib.lib : sys_ctrl.obj (.text:NOROM_SysCtrlStandby)
                  00054a5c    000000f0     rf_multiMode_cc13x2.a : RFCC26X2_multiMode.c.cc13x2.ccs.o (.text:RF_fsmPowerUpState)
                  00054b4c    000000ec     rom_sysbios.aem4f : rom_sysbios.obj (.text:pthread_create)
                  00054c38    00000008     (.tramp.ti_sysbios_knl_Task_Params__init__S.1)
                  00054c40    00000008     (.tramp.xdc_runtime_Memory_alloc__E.1)
                  00054c48    00000008     (.tramp.ti_sysbios_knl_Queue_construct.1)
                  00054c50    00000008     (.tramp.ti_sysbios_knl_Semaphore_construct.1)
                  00054c58    00000008     (.tramp.ti_sysbios_knl_Task_create.1)
                  00054c60    000000e8     drivers_cc13x2.a : GPIOCC26XX.oem4f (.text:GPIO_init)
                  00054d48    000000e8                      : UART2CC26X2.oem4f (.text:UART2Support_dmaStartRx)
                  00054e30    000000e4     rf_multiMode_cc13x2.a : RFCC26X2_multiMode.c.cc13x2.ccs.o (.text:RF_postCmd)
                  00054f14    000000dc     rtsv7M4_T_le_v4SPD16_eabi.lib : setvbuf.c.obj (.text:setvbuf)
                  00054ff0    000000d8     rf_multiMode_cc13x2.a : RFCC26X2_multiMode.c.cc13x2.ccs.o (.text:RF_pendCmd)
                  000550c8    00000008     (.tramp.ti_sysbios_knl_Swi_restore__E.1)
                  000550d0    000000d2                           : RFCC26X2_multiMode.c.cc13x2.ccs.o (.text:RF_updatePaConfiguration)
                  000551a2    00000002     display_cc13x2.a : DisplayUart2.oem4f (.text:DisplayUart2Min_init)
                  000551a4    000000cc     rf_multiMode_cc13x2.a : RFCC26X2_multiMode.c.cc13x2.ccs.o (.text:RF_swiHw)
                  00055270    000000c8     dpl_cc13x2.a : PowerCC26X2_tirtos.oem4f (.text:PowerCC26XX_standbyPolicy)
                  00055338    00000008     (.tramp.ti_sysbios_knl_Clock_setTimeout__E.1)
                  00055340    00000008     (.tramp.ti_sysbios_knl_Clock_start__E.1)
                  00055348    00000008     (.tramp.ti_sysbios_knl_Clock_stop__E.1)
                  00055350    000000bc     driverlib.lib : setup.obj (.text:NOROM_SetupTrimDevice)
                  0005540c    000000bc     rf_multiMode_cc13x2.a : RFCC26X2_multiMode.c.cc13x2.ccs.o (.text:RF_initRadioSetup)
                  000554c8    000000b8     drivers_cc13x2.a : PowerCC26X2.oem4f (.text:Power_setDependency)
                  00055580    000000b1     rtsv7M4_T_le_v4SPD16_eabi.lib : _printfi.c.obj (.text:_ltostr)
                  00055631    00000001     --HOLE-- [fill = 0]
                  00055632    00000002     rf_multiMode_cc13x2.a : rfc.c.cc13x2.ccs.o (.text:NOROM_RFCCpePatchReset)
                  00055634    000000b0     driverlib.lib : setup.obj (.text:TrimAfterColdResetWakeupFromShutDown)
                  000556e4    000000ac     drivers_cc13x2.a : UART2CC26X2.oem4f (.text:UART2Support_dmaStartTx)
                  00055790    000000a4     rf_multiMode_cc13x2.a : RFCC26X2_multiMode.c.cc13x2.ccs.o (.text:RF_ratRestartChannels)
                  00055834    000000a0                           : RFCC26X2_multiMode.c.cc13x2.ccs.o (.text:RF_cmdDispatchTime)
                  000558d4    000000a0     drivers_cc13x2.a : UART2CC26X2.oem4f (.text:UART2_close)
                  00055974    000000a0     auto_init.aem4f : auto_init.oem4f (.text)
                  00055a14    000000a0     rom_sysbios.aem4f : rom_sysbios.obj (.text:ti_sysbios_knl_Task_setPri__E)
                  00055ab4    00000008     (.tramp.ti_sysbios_knl_Task_disable__E.1)
                  00055abc    00000008     (.tramp.ti_sysbios_knl_Queue_remove__E.1)
                  00055ac4    00000008     (.tramp.ti_sysbios_knl_Queue_empty__E.1)
                  00055acc    00000008     (.tramp.ti_sysbios_knl_Queue_enqueue__E.1)
                  00055ad4    00000008     (.tramp.ti_sysbios_knl_Task_restore__E.1)
                  00055adc    0000009c     rtsv7M4_T_le_v4SPD16_eabi.lib : memcpy_t2.asm.obj (.text)
                  00055b78    00000098     rf_multiMode_cc13x2.a : RFCC26X2_multiMode.c.cc13x2.ccs.o (.text:RF_calculateDispatchTime)
                  00055c10    00000096     rtsv7M4_T_le_v4SPD16_eabi.lib : ull_div_t2.asm.obj (.text)
                  00055ca6    00000002     rf_multiMode_cc13x2.a : RFCC26X2_multiMode.c.cc13x2.ccs.o (.text:RF_defaultCallback)
                  00055ca8    00000090                           : RFCC26X2_multiMode.c.cc13x2.ccs.o (.text:RF_discardPendCmd)
                  00055d38    0000008c     rtsv7M4_T_le_v4SPD16_eabi.lib : fputc.c.obj (.text:fputc)
                  00055dc4    00000088     driverlib.lib : osc.obj (.text:NOROM_OSCHF_AttemptToSwitchToXosc)
                  00055e4c    00000088     rom_sysbios.aem4f : rom_sysbios.obj (.text:_pthread_removeThreadKeys)
                  00055ed4    00000008     (.tramp.ti_sysbios_knl_Queue_head__E.1)
                  00055edc    00000008     (.tramp.ti_sysbios_knl_Queue_next__E.1)
                  00055ee4    00000008     (.tramp.xdc_runtime_Memory_free__E.1)
                  00055eec    00000088     drivers_cc13x2.a : PowerCC26X2_calibrateRCOSC.oem4f (.text:calibrateRcoscHf2)
                  00055f74    00000088                      : PowerCC26X2.oem4f (.text:disableLFClockQualifiers)
                  00055ffc    00000088                      : PowerCC26X2_calibrateRCOSC.oem4f (.text:updateSubSecInc)
                  00056084    00000086     rtsv7M4_T_le_v4SPD16_eabi.lib : fd_cmp_t2.asm.obj (.text:__aeabi_cdcmple)
                  0005610a    00000086                                   : fd_cmp_t2.asm.obj (.text:__aeabi_cdrcmple)
                  00056190    00000084     rf_multiMode_cc13x2.a : RFCC26X2_multiMode.c.cc13x2.ccs.o (.text:RF_issueRadioFreeCb)
                  00056214    00000084                           : RFCC26X2_multiMode.c.cc13x2.ccs.o (.text:RF_verifyGap)
                  00056298    00000084     rom_sysbios.aem4f : rom_sysbios.obj (.text:ti_sysbios_family_arm_m3_Hwi_excHandlerMin__I)
                  0005631c    00000008     (.tramp.ti_sysbios_family_arm_m3_Hwi_excFillContext__I.1)
                  00056324    00000008     (.tramp.ti_sysbios_BIOS_setThreadType__E.1)
                  0005632c    00000008     (.tramp.xdc_runtime_Error_raiseX__E.1)
                  00056334    00000080     driverlib.lib : chipinfo.obj (.text:NOROM_ChipInfo_GetChipType)
                  000563b4    00000080                   : sys_ctrl.obj (.text:NOROM_SysCtrlSetRechargeBeforePowerDown)
                  00056434    00000080     drivers_cc13x2.a : NVSCC26XX.oem4f (.text:NVSCC26XX_open)
                  000564b4    00000080     rom_sysbios.aem4f : rom_sysbios.obj (.text:ti_sysbios_family_arm_cc26xx_Timer_start__E)
                  00056534    0000007c     rf_multiMode_cc13x2.a : RFCC26X2_multiMode.c.cc13x2.ccs.o (.text:RF_ratFreeChannel)
                  000565b0    0000007a     rtsv7M4_T_le_v4SPD16_eabi.lib : memset_t2.asm.obj (.text)
                  0005662a    00000002     drivers_cc13x2.a : UART2CC26X2.oem4f (.text:UART2CC26X2_eventCallback)
                  0005662c    00000078     rf_multiMode_cc13x2.a : rf_patch_cpe_multi_protocol.c.cc13x2.ccs.o (.text:configureMultiProtocolPatch)
                  000566a4    00000076     drivers_cc13x2.a : UART2CC26X2.oem4f (.text:UART2CC26X2_readCallback)
                  0005671a    00000076     rom_sysbios.aem4f : rom_sysbios.obj (.text:ti_sysbios_heaps_HeapMem_allocUnprotected__E)
                  00056790    00000074     drivers_cc13x2.a : PowerCC26X2_calibrateRCOSC.oem4f (.text:PowerCC26X2_auxISR)
                  00056804    00000074     rtsv7M4_T_le_v4SPD16_eabi.lib : fclose.c.obj (.text:__TI_closefile)
                  00056878    00000074     EasyLink.obj (.text:txDoneCallback)
                  000568ec    00000072     rf_multiMode_cc13x2.a : RFCC26X2_multiMode.c.cc13x2.ccs.o (.text:RF_detachOverrides)
                  0005695e    00000070                           : rfc.c.cc13x2.ccs.o (.text:NOROM_RFCAnaDivTxOverride)
                  000569ce    00000002     rtsv7M4_T_le_v4SPD16_eabi.lib : _lock.c.obj (.text:_nop)
                  000569d0    00000070     rf_multiMode_cc13x2.a : RFCC26X2_multiMode.c.cc13x2.ccs.o (.text:RF_getCurrentTime)
                  00056a40    0000006e                           : RFCC26X2_multiMode.c.cc13x2.ccs.o (.text:RF_attachOverrides)
                  00056aae    0000006e                           : RFCC26X2_multiMode.c.cc13x2.ccs.o (.text:RF_howToSchedule)
                  00056b1c    0000006e     rtsv7M4_T_le_v4SPD16_eabi.lib : _printfi.c.obj (.text:_mcpy)
                  00056b8a    00000002     drivers_cc13x2.a : PowerCC26X2.oem4f (.text:emptyClockFunc)
                  00056b8c    0000006d     rom_sysbios.aem4f : rom_sysbios.obj (.text:xdc_runtime_System_formatNum__I)
                  00056bf9    00000001     --HOLE-- [fill = 0]
                  00056bfa    00000002     rtsv7M4_T_le_v4SPD16_eabi.lib : div0.asm.obj (.text)
                  00056bfc    0000006c     drivers_cc13x2.a : GPIOCC26XX.oem4f (.text:GPIO_setConfig)
                  00056c68    0000006c     rtsv7M4_T_le_v4SPD16_eabi.lib : hostrename.c.obj (.text:HOSTrename)
                  00056cd4    0000006c     rf_multiMode_cc13x2.a : RFCC26X2_multiMode.c.cc13x2.ccs.o (.text:RF_dispatchNextEvent)
                  00056d40    0000006c     drivers_cc13x2.a : UART2CC26X2.oem4f (.text:UART2Support_dmaStopTx)
                  00056dac    00000068     rtsv7M4_T_le_v4SPD16_eabi.lib : hostlseek.c.obj (.text:HOSTlseek)
                  00056e14    00000068     driverlib.lib : osc.obj (.text:NOROM_OSCHF_SwitchToRcOscTurnOffXosc)
                  00056e7c    00000068     rf_multiMode_cc13x2.a : RFCC26X2_multiMode.c.cc13x2.ccs.o (.text:RF_hwiHw)
                  00056ee4    00000068     rtsv7M4_T_le_v4SPD16_eabi.lib : copy_decompress_lzss.c.obj (.text:decompress:lzss:__TI_decompress_lzss)
                  00056f4c    00000068                                   : printf.c.obj (.text:printf)
                  00056fb4    00000064     drivers_cc13x2.a : UART2CC26X2.oem4f (.text:UART2Support_dmaStopRx)
                  00057018    00000064     rtsv7M4_T_le_v4SPD16_eabi.lib : s_frexp.c.obj (.text:frexp)
                  0005707c    00000064                                   : fseek.c.obj (.text:fseek)
                  000570e0    00000062     rf_multiMode_cc13x2.a : RFCC26X2_multiMode.c.cc13x2.ccs.o (.text:RF_syncCb)
                  00057142    00000062     rtsv7M4_T_le_v4SPD16_eabi.lib : _io_perm.c.obj (.text:__TI_wrt_ok)
                  000571a4    00000060                                   : hostopen.c.obj (.text:HOSTopen)
                  00057204    00000060     rf_multiMode_cc13x2.a : RFCC26X2_multiMode.c.cc13x2.ccs.o (.text:RF_applyRfCorePatch)
                  00057264    00000060     main_tirtos.obj (.text:main)
                  000572c4    00000008     (.tramp.ti_sysbios_BIOS_start__E.1)
                  000572cc    0000005c     display_cc13x2.a : Display.oem4f (.text:Display_doOpen)
                  00057328    0000005c     rf_multiMode_cc13x2.a : RFCC26X2_multiMode.c.cc13x2.ccs.o (.text:RF_hwiCpe0PowerFsm)
                  00057384    0000005c     drivers_cc13x2.a : UART2.oem4f (.text:UART2_readCancel)
                  000573e0    0000005c     rtsv7M4_T_le_v4SPD16_eabi.lib : close.c.obj (.text:close)
                  0005743c    0000005c     drivers_cc13x2.a : NVSCC26XX.oem4f (.text:doErase)
                  00057498    0000005c     rom_sysbios.aem4f : rom_sysbios.obj (.text:ti_sysbios_heaps_HeapMem_initPrimary__I)
                  000574f4    00000008     (.tramp.ti_sysbios_heaps_HeapMem_Object__get__S.1)
                  000574fc    00000008     (.tramp.ti_sysbios_heaps_HeapMem_restore__E.1)
                  00057504    0000005c     release_pem4f.oem4f (.text:xdc_runtime_Startup_getState__I)
                  00057560    0000005a     drivers_cc13x2.a : UART2.oem4f (.text:UART2_writeCancel)
                  000575ba    00000002     release_pem4f.oem4f (.text:ti_sysbios_BIOS_nullFunc__I)
                  000575bc    00000058     rtsv7M4_T_le_v4SPD16_eabi.lib : hostread.c.obj (.text:HOSTread)
                  00057614    00000058                                   : hostwrite.c.obj (.text:HOSTwrite)
                  0005766c    00000058     drivers_cc13x2.a : PowerCC26X2_calibrateRCOSC.oem4f (.text:PowerCC26X2_initiateCalibration)
                  000576c4    00000058     boot.aem4f : boot.oem4f (.text)
                  0005771c    00000008     (.tramp.xdc_runtime_System_exit__E.1)
                  00057724    00000058     rom_sysbios.aem4f : rom_sysbios.obj (.text:pthread_exit)
                  0005777c    00000058                       : rom_sysbios.obj (.text:ti_sysbios_heaps_HeapMem_alloc__E)
                  000577d4    00000008     (.tramp.ti_sysbios_heaps_HeapMem_Module_GateProxy_enter__E.1)
                  000577dc    00000008     (.tramp.ti_sysbios_heaps_HeapMem_Module_GateProxy_leave__E.1)
                  000577e4    00000056     ti_drivers_config.obj (.text:Board_sendExtFlashByte)
                  0005783a    00000056     rf_multiMode_cc13x2.a : RFCC26X2_multiMode.c.cc13x2.ccs.o (.text:RF_defaultSubmitPolicy)
                  00057890    00000056     rtsv7M4_T_le_v4SPD16_eabi.lib : _printfi.c.obj (.text:_pconv_f)
                  000578e6    00000002     rom_sysbios.aem4f : rom_sysbios.obj (.text:xdc_runtime_SysCallback_defaultAbort)
                  000578e8    00000054     ti_drivers_config.obj (.text:Board_shutDownExtFlash)
                  0005793c    00000054     driverlib.lib : prcm.obj (.text:NOROM_PRCMPowerDomainsAllOff)
                  00057990    00000054     drivers_cc13x2.a : NVSCC26XX.oem4f (.text:NVSCC26XX_init)
                  000579e4    00000054     rf_multiMode_cc13x2.a : RFCC26X2_multiMode.c.cc13x2.ccs.o (.text:RF_fsmXOSCState)
                  00057a38    00000054     dpl_cc13x2.a : SwiP_tirtos.oem4f (.text:SwiP_construct)
                  00057a8c    00000008     (.tramp.ti_sysbios_knl_Swi_Params__init__S.1)
                  00057a94    00000054     rtsv7M4_T_le_v4SPD16_eabi.lib : _ltoa.c.obj (.text:__TI_ltoa)
                  00057ae8    00000052                                   : _printfi.c.obj (.text:_ecpy)
                  00057b3a    00000002     rom_sysbios.aem4f : rom_sysbios.obj (.text:xdc_runtime_SysCallback_defaultExit)
                  00057b3c    00000050     drivers_cc13x2.a : GPIOCC26XX.oem4f (.text:GPIO_hwiIntFxn)
                  00057b8c    0000004c     driverlib.lib : prcm.obj (.text:NOROM_PRCMPowerDomainsAllOn)
                  00057bd8    0000004c     rf_multiMode_cc13x2.a : RFCC26X2_multiMode.c.cc13x2.ccs.o (.text:RF_wakeupNotification)
                  00057c24    0000004c     drivers_cc13x2.a : UDMACC26XX.oem4f (.text:UDMACC26XX_open)
                  00057c70    0000004c     rtsv7M4_T_le_v4SPD16_eabi.lib : fflush.c.obj (.text:__TI_doflush)
                  00057cbc    0000004c                                   : atoi.c.obj (.text:atoi)
                  00057d08    0000004c                                   : cpy_tbl.c.obj (.text:copy_in)
                  00057d54    00000048     display_cc13x2.a : DisplayUart2.oem4f (.text:DisplayUart2Min_vprintf)
                  00057d9c    00000048     rf_multiMode_cc13x2.a : rfc.c.cc13x2.ccs.o (.text:NOROM_RFCSynthPowerDown)
                  00057de4    00000048     drivers_cc13x2.a : NVS.oem4f (.text:NVS_open)
                  00057e2c    00000048                      : PowerCC26X2_calibrateRCOSC.oem4f (.text:PowerCC26X2_RCOSC_clockFunc)
                  00057e74    00000048                      : PowerCC26X2.oem4f (.text:PowerCC26XX_switchXOSC_HF)
                  00057ebc    00000048                      : NVSCC26XX.oem4f (.text:disableFlashCache)
                  00057f04    00000048     nvsinternal.obj (.text:echoTask_init)
                  00057f4c    00000008     (.tramp.ti_sysbios_knl_Task_construct.1)
                  00057f54    00000048     rtsv7M4_T_le_v4SPD16_eabi.lib : fd_toi_t2.asm.obj (.text)
                  00057f9c    00000048     drivers_cc13x2.a : PowerCC26X2.oem4f (.text:switchXOSCHF)
                  00057fe4    00000014     ti_drivers_config.obj (.text:Board_init)
                  00057ff8    00000008     (.tramp.xdc_runtime_System_doPrint__I.1)

MODULE SUMMARY

       Module                                       code    ro data   rw data
       ------                                       ----    -------   -------
    ./
       nvsinternal.obj                              1024    0         1568   
       main_tirtos.obj                              96      0         0      
    +--+--------------------------------------------+-------+---------+---------+
       Total:                                       1120    0         1568   
                                                                             
    ./easylink/
       EasyLink.obj                                 2632    0         1160   
    +--+--------------------------------------------+-------+---------+---------+
       Total:                                       2632    0         1160   
                                                                             
    ./syscfg/
       ti_drivers_config.obj                        192     0         329724 
       ti_radio_config.obj                          0       0         292    
       ti_easylink_config.obj                       0       0         36     
    +--+--------------------------------------------+-------+---------+---------+
       Total:                                       192     0         330052 
                                                                             
    /home/pramodh/workspace_v11/tirtos_builds_cc13x2_cc26x2_release_ccs/Debug/configPkg/package/cfg/
       release_pem4f.oem4f                          486     60        1802   
    +--+--------------------------------------------+-------+---------+---------+
       Total:                                       486     60        1802   
                                                                             
    /home/pramodh/ti/ccs1100/ccs/tools/compiler/ti-cgt-arm_20.2.5.LTS/lib/rtsv7M4_T_le_v4SPD16_eabi.lib
       _printfi.c.obj                               4789    0         0      
       fd_add_t2.asm.obj                            438     0         0      
       defs.c.obj                                   0       0         416    
       fd_div_t2.asm.obj                            310     0         0      
       trgmsg.c.obj                                 0       0         288    
       fputs.c.obj                                  276     0         0      
       s_scalbn.c.obj                               272     0         0      
       fd_cmp_t2.asm.obj                            268     0         0      
       fd_mul_t2.asm.obj                            252     0         0      
       setvbuf.c.obj                                220     0         0      
       host_device.c.obj                            0       0         200    
       memcpy_t2.asm.obj                            156     0         0      
       ull_div_t2.asm.obj                           150     0         0      
       fputc.c.obj                                  140     0         0      
       memset_t2.asm.obj                            122     0         0      
       fclose.c.obj                                 116     0         0      
       hostrename.c.obj                             108     0         0      
       copy_decompress_lzss.c.obj                   104     0         0      
       hostlseek.c.obj                              104     0         0      
       hostopen.c.obj                               96      0         8      
       printf.c.obj                                 104     0         0      
       fseek.c.obj                                  100     0         0      
       s_frexp.c.obj                                100     0         0      
       _io_perm.c.obj                               98      0         0      
       close.c.obj                                  92      0         0      
       hostread.c.obj                               88      0         0      
       hostwrite.c.obj                              88      0         0      
       _ltoa.c.obj                                  84      0         0      
       atoi.c.obj                                   76      0         0      
       cpy_tbl.c.obj                                76      0         0      
       fflush.c.obj                                 76      0         0      
       fd_toi_t2.asm.obj                            72      0         0      
       exit.c.obj                                   0       0         12     
       _lock.c.obj                                  2       0         8      
       rand.c.obj                                   0       0         4      
       stkdepth_vars.c.obj                          0       0         4      
       div0.asm.obj                                 2       0         0      
    +--+--------------------------------------------+-------+---------+---------+
       Total:                                       8979    0         940    
                                                                             
    /home/pramodh/ti/simplelink_cc13xx_cc26xx_sdk_5_30_01_01/kernel/tirtos/packages/ti/dpl/lib/ccs/m4f/dpl_cc13x2.a
       PowerCC26X2_tirtos.oem4f                     204     0         8      
       SwiP_tirtos.oem4f                            84      0         0      
    +--+--------------------------------------------+-------+---------+---------+
       Total:                                       288     0         8      
                                                                             
    /home/pramodh/ti/simplelink_cc13xx_cc26xx_sdk_5_30_01_01/kernel/tirtos/packages/ti/targets/arm/rtsarm/lib/auto_init.aem4f
       auto_init.oem4f                              160     0         0      
    +--+--------------------------------------------+-------+---------+---------+
       Total:                                       160     0         0      
                                                                             
    /home/pramodh/ti/simplelink_cc13xx_cc26xx_sdk_5_30_01_01/kernel/tirtos/packages/ti/targets/arm/rtsarm/lib/boot.aem4f
       boot.oem4f                                   88      0         0      
    +--+--------------------------------------------+-------+---------+---------+
       Total:                                       88      0         0      
                                                                             
    /home/pramodh/ti/simplelink_cc13xx_cc26xx_sdk_5_30_01_01/source/ti/devices/cc13x2_cc26x2/driverlib/bin/ccs/driverlib.lib
       sys_ctrl.obj                                 368     0         0      
       setup.obj                                    364     0         0      
       osc.obj                                      240     0         36     
       prcm.obj                                     160     0         0      
       chipinfo.obj                                 128     0         0      
    +--+--------------------------------------------+-------+---------+---------+
       Total:                                       1260    0         36     
                                                                             
    /home/pramodh/ti/simplelink_cc13xx_cc26xx_sdk_5_30_01_01/source/ti/display/lib/ccs/m4f/display_cc13x2.a
       Display.oem4f                                92      0         0      
       DisplayUart2.oem4f                           78      0         0      
    +--+--------------------------------------------+-------+---------+---------+
       Total:                                       170     0         0      
                                                                             
    /home/pramodh/ti/simplelink_cc13xx_cc26xx_sdk_5_30_01_01/source/ti/drivers/lib/ccs/m4f/drivers_cc13x2.a
       UART2CC26X2.oem4f                            2168    0         0      
       PowerCC26X2.oem4f                            1718    0         368    
       PowerCC26X2_calibrateRCOSC.oem4f             1344    0         0      
       UART2.oem4f                                  814     0         0      
       NVSCC26XX.oem4f                              688     0         12     
       GPIOCC26XX.oem4f                             420     0         29     
       UDMACC26XX.oem4f                             76      0         0      
       NVS.oem4f                                    72      0         1      
    +--+--------------------------------------------+-------+---------+---------+
       Total:                                       7300    0         410    
                                                                             
    /home/pramodh/ti/simplelink_cc13xx_cc26xx_sdk_5_30_01_01/source/ti/drivers/rf/lib/ccs/m4f/rf_multiMode_cc13x2.a
       RFCC26X2_multiMode.c.cc13x2.ccs.o            8146    0         1317   
       rfc.c.cc13x2.ccs.o                           186     0         0      
       rf_patch_cpe_multi_protocol.c.cc13x2.ccs.o   120     0         1      
    +--+--------------------------------------------+-------+---------+---------+
       Total:                                       8452    0         1318   
                                                                             
    /home/pramodh/workspace_v11/tirtos_builds_cc13x2_cc26x2_release_ccs/src/sysbios/rom_sysbios.aem4f
       rom_sysbios.obj                              1291    0         180    
    +--+--------------------------------------------+-------+---------+---------+
       Total:                                       1291    0         180    
                                                                             
       Stack:                                       0       0         1024   
       Linker Generated:                            288     0         0      
    +--+--------------------------------------------+-------+---------+---------+
       Grand Total:                                 32706   60        338498 


LINKER GENERATED COPY TABLES

__TI_cinit_table @ 00000200 records: 7, size/record: 8, table size: 56
	.data: load addr=00000000, load size=000001bf bytes, run addr=20005870, run size=00001861 bytes, compression=lzss
	.TI.bound:dmaUart1RxControlTableEntry: load addr=000001d0, load size=00000008 bytes, run addr=20001850, run size=00000010 bytes, compression=zero_init
	.TI.bound:dmaUart1TxControlTableEntry: load addr=000001d8, load size=00000008 bytes, run addr=20001860, run size=00000010 bytes, compression=zero_init
	.bss: load addr=000001e0, load size=00000008 bytes, run addr=20000110, run size=00000cdd bytes, compression=zero_init
	.data:xdcRomConstPtr: load addr=000001e8, load size=00000007 bytes, run addr=20000100, run size=00000004 bytes, compression=lzss
	.data:xdcRomExternFuncPtr: load addr=000001ef, load size=00000007 bytes, run addr=20000104, run size=00000004 bytes, compression=lzss
	.data:xdcRomStatePtr: load addr=000001f6, load size=00000007 bytes, run addr=20000108, run size=00000004 bytes, compression=lzss


LINKER GENERATED HANDLER TABLE

__TI_handler_table @ 000001c0 records: 3, size/record: 4, table size: 12
	index: 0, handler: __TI_decompress_lzss
	index: 1, handler: __TI_decompress_none
	index: 2, handler: __TI_zero_init


FAR CALL TRAMPOLINES

callee name               trampoline name
   callee addr  tramp addr   call addr  call info
--------------  -----------  ---------  ----------------
strlen                    $Tramp$TT$L$PI$$strlen
   1002fddb     00000a8c     00000058   rtsv7M4_T_le_v4SPD16_eabi.lib : _printfi.c.obj (.text:__TI_printfi)
                             0000088e                                 : _printfi.c.obj (.text:__TI_printfi)
                             000008e6                                 : _printfi.c.obj (.text:__TI_printfi)
                             000008f4                                 : _printfi.c.obj (.text:__TI_printfi)
                             00001e9c                                 : _printfi.c.obj (.text:_pconv_a)
                             0005290c                                 : _printfi.c.obj (.text:_pconv_g)
                             00053978                                 : _printfi.c.obj (.text:_pconv_e)
                             0005399e                                 : _printfi.c.obj (.text:_pconv_e)
                             00054372                                 : fputs.c.obj (.text:fputs)
                             00055600                                 : _printfi.c.obj (.text:_ltostr)
                             00056b26                                 : _printfi.c.obj (.text:_mcpy)
                             00056c82                                 : hostrename.c.obj (.text:HOSTrename)
                             00056c94                                 : hostrename.c.obj (.text:HOSTrename)
                             000571c4                                 : hostopen.c.obj (.text:HOSTopen)
                             00057d76   display_cc13x2.a : DisplayUart2.oem4f (.text:DisplayUart2Min_vprintf)
                             00000098   rtsv7M4_T_le_v4SPD16_eabi.lib : hostunlink.c.obj (.text:HOSTunlink)
                             000004ac                                 : _printfi.c.obj (.text:_fcpy)
ti_sysbios_knl_Semaphore_pend__E  $Tramp$TT$L$PI$$ti_sysbios_knl_Semaphore_pend__E
   1002bfb1     00001034     00000ac6   EasyLink.obj (.text:EasyLink_init)
                             00052b9c   EasyLink.obj (.text:EasyLink_transmitAsync)
                             000531e2   EasyLink.obj (.text:EasyLink_receiveAsync)
                             0005428c   nvsinternal.obj (.text:rfEasyLinkEchoRxFnx)
                             000542b8   nvsinternal.obj (.text:rfEasyLinkEchoRxFnx)
                             00055e70   rom_sysbios.aem4f : rom_sysbios.obj (.text:_pthread_removeThreadKeys)
                             00001a04   dpl_cc13x2.a : SemaphoreP_tirtos.oem4f (.text:SemaphoreP_pend)
ti_sysbios_knl_Semaphore_post__E  $Tramp$TT$L$PI$$ti_sysbios_knl_Semaphore_post__E
   1002cd21     0000103c     00000c90   EasyLink.obj (.text:EasyLink_init)
                             00001014   EasyLink.obj (.text:EasyLink_init)
                             000016a6   nvsinternal.obj (.text:echoRxDoneCb)
                             00052cc8   EasyLink.obj (.text:EasyLink_transmitAsync)
                             00053300   EasyLink.obj (.text:EasyLink_receiveAsync)
                             00054596   EasyLink.obj (.text:rxDoneCallback)
                             000545b0   EasyLink.obj (.text:rxDoneCallback)
                             00055eba   rom_sysbios.aem4f : rom_sysbios.obj (.text:_pthread_removeThreadKeys)
                             00056882   EasyLink.obj (.text:txDoneCallback)
                             00057754   rom_sysbios.aem4f : rom_sysbios.obj (.text:pthread_exit)
                             00000b8c   nvsinternal.obj (.text:echoTxDoneCb)
                             00001cf2   dpl_cc13x2.a : SemaphoreP_tirtos.oem4f (.text:SemaphoreP_post)
ti_sysbios_knl_Semaphore_Params__init__S  $Tramp$TT$L$PI$$ti_sysbios_knl_Semaphore_Params__init__S
   1002ebe5     00001044     00000ff2   EasyLink.obj (.text:EasyLink_init)
                             00054230   nvsinternal.obj (.text:rfEasyLinkEchoRxFnx)
                             00054be2   rom_sysbios.aem4f : rom_sysbios.obj (.text:pthread_create)
                             00000dda   dpl_cc13x2.a : SemaphoreP_tirtos.oem4f (.text:SemaphoreP_constructBinary)
                             00000e04                : SemaphoreP_tirtos.oem4f (.text:SemaphoreP_createBinary)
ti_sysbios_knl_Semaphore_create  $Tramp$TT$L$PI$$ti_sysbios_knl_Semaphore_create
   1002dc49     0000104c     00001006   EasyLink.obj (.text:EasyLink_init)
                             00054240   nvsinternal.obj (.text:rfEasyLinkEchoRxFnx)
                             00000e14   dpl_cc13x2.a : SemaphoreP_tirtos.oem4f (.text:SemaphoreP_createBinary)
ti_sysbios_family_arm_m3_Hwi_restoreFxn__E  $Tramp$TT$L$PI$$ti_sysbios_family_arm_m3_Hwi_restoreFxn__E
   1002ec47     00001514     00001110   rf_multiMode_cc13x2.a : RFCC26X2_multiMode.c.cc13x2.ccs.o (.text:RF_fsmActiveState)
                             00001210                         : RFCC26X2_multiMode.c.cc13x2.ccs.o (.text:RF_fsmActiveState)
                             000012b0                         : RFCC26X2_multiMode.c.cc13x2.ccs.o (.text:RF_fsmActiveState)
                             000013a0                         : RFCC26X2_multiMode.c.cc13x2.ccs.o (.text:RF_fsmActiveState)
                             00001434                         : RFCC26X2_multiMode.c.cc13x2.ccs.o (.text:RF_fsmActiveState)
                             000014bc                         : RFCC26X2_multiMode.c.cc13x2.ccs.o (.text:RF_fsmActiveState)
                             000014e0                         : RFCC26X2_multiMode.c.cc13x2.ccs.o (.text:RF_fsmActiveState)
                             00001898                         : RFCC26X2_multiMode.c.cc13x2.ccs.o (.text:RF_open)
                             00001990                         : RFCC26X2_multiMode.c.cc13x2.ccs.o (.text:RF_open)
                             00001ad4   drivers_cc13x2.a : UART2.oem4f (.text:UART2_writeTimeout)
                             00001b7a                    : UART2.oem4f (.text:UART2_writeTimeout)
                             00001bb0                    : UART2.oem4f (.text:UART2_writeTimeout)
                             00001bfe                    : UART2.oem4f (.text:UART2_writeTimeout)
                             00001c3e                    : UART2.oem4f (.text:UART2_writeTimeout)
                             00001cc0                    : UART2.oem4f (.text:UART2_writeTimeout)
                             00001fdc                    : PowerCC26X2.oem4f (.text:Power_releaseDependency)
                             000521f4   rf_multiMode_cc13x2.a : RFCC26X2_multiMode.c.cc13x2.ccs.o (.text:RF_scheduleCmd)
                             0005261a   drivers_cc13x2.a : UART2CC26X2.oem4f (.text:UART2_open)
                             0005262a                    : UART2CC26X2.oem4f (.text:UART2_open)
                             000536e2   rf_multiMode_cc13x2.a : RFCC26X2_multiMode.c.cc13x2.ccs.o (.text:RF_radioOpDoneCb)
                             00053abe   drivers_cc13x2.a : NVSCC26XX.oem4f (.text:NVSCC26XX_write)
                             00053c3e   rf_multiMode_cc13x2.a : RFCC26X2_multiMode.c.cc13x2.ccs.o (.text:RF_abortCmd)
                             00053e4a   drivers_cc13x2.a : UART2CC26X2.oem4f (.text:UART2CC26X2_initHw)
                             0005406e   rf_multiMode_cc13x2.a : RFCC26X2_multiMode.c.cc13x2.ccs.o (.text:RF_close)
                             000540e2                         : RFCC26X2_multiMode.c.cc13x2.ccs.o (.text:RF_close)
                             00054c7a   drivers_cc13x2.a : GPIOCC26XX.oem4f (.text:GPIO_init)
                             00054d1a                    : GPIOCC26XX.oem4f (.text:GPIO_init)
                             00054e24                    : UART2CC26X2.oem4f (.text:UART2Support_dmaStartRx)
                             00054f00   rf_multiMode_cc13x2.a : RFCC26X2_multiMode.c.cc13x2.ccs.o (.text:RF_postCmd)
                             000551ee                         : RFCC26X2_multiMode.c.cc13x2.ccs.o (.text:RF_swiHw)
                             00055562   drivers_cc13x2.a : PowerCC26X2.oem4f (.text:Power_setDependency)
                             00055770                    : UART2CC26X2.oem4f (.text:UART2Support_dmaStartTx)
                             000561f0   rf_multiMode_cc13x2.a : RFCC26X2_multiMode.c.cc13x2.ccs.o (.text:RF_issueRadioFreeCb)
                             00056208                         : RFCC26X2_multiMode.c.cc13x2.ccs.o (.text:RF_issueRadioFreeCb)
                             000565a0                         : RFCC26X2_multiMode.c.cc13x2.ccs.o (.text:RF_ratFreeChannel)
                             000569e8                         : RFCC26X2_multiMode.c.cc13x2.ccs.o (.text:RF_getCurrentTime)
                             00056a24                         : RFCC26X2_multiMode.c.cc13x2.ccs.o (.text:RF_getCurrentTime)
                             00056c30   drivers_cc13x2.a : GPIOCC26XX.oem4f (.text:GPIO_setConfig)
                             00056c56                    : GPIOCC26XX.oem4f (.text:GPIO_setConfig)
                             00056d2c   rf_multiMode_cc13x2.a : RFCC26X2_multiMode.c.cc13x2.ccs.o (.text:RF_dispatchNextEvent)
                             00056d68   drivers_cc13x2.a : UART2CC26X2.oem4f (.text:UART2Support_dmaStopTx)
                             00056fda                    : UART2CC26X2.oem4f (.text:UART2Support_dmaStopRx)
                             000573da                    : UART2.oem4f (.text:UART2_readCancel)
                             00057470                    : NVSCC26XX.oem4f (.text:doErase)
                             000575b4                    : UART2.oem4f (.text:UART2_writeCancel)
                             00057692                    : PowerCC26X2_calibrateRCOSC.oem4f (.text:PowerCC26X2_initiateCalibration)
                             000579bc                    : NVSCC26XX.oem4f (.text:NVSCC26XX_init)
                             000579cc                    : NVSCC26XX.oem4f (.text:NVSCC26XX_init)
                             00057c60                    : UDMACC26XX.oem4f (.text:UDMACC26XX_open)
                             00057e90                    : PowerCC26X2.oem4f (.text:PowerCC26XX_switchXOSC_HF)
                             00057fba                    : PowerCC26X2.oem4f (.text:switchXOSCHF)
                             00000014                    : RingBuf.oem4f (.text:RingBuf_put)
                             0000003e                    : RingBuf.oem4f (.text:RingBuf_put)
                             00000312                    : PowerCC26X2.oem4f (.text:PowerCC26XX_isStableXOSC_HF)
                             0000049a                    : RingBuf.oem4f (.text:RingBuf_putAdvance)
                             0000058e   rf_multiMode_cc13x2.a : RFCC26X2_multiMode.c.cc13x2.ccs.o (.text:RF_cmdStoreEvents)
                             000007cc   drivers_cc13x2.a : UART2.oem4f (.text:UART2_rxDisable)
                             00000802                    : UDMACC26XX.oem4f (.text:UDMACC26XX_close)
                             000008cc   rf_multiMode_cc13x2.a : RFCC26X2_multiMode.c.cc13x2.ccs.o (.text:RF_powerConstraintRelease)
                             00000908   drivers_cc13x2.a : RingBuf.oem4f (.text:RingBuf_getConsume)
                             0000093c                    : RingBuf.oem4f (.text:RingBuf_putPointer)
                             00000acc                    : PowerCC26X2.oem4f (.text:Power_releaseConstraint)
                             00000afc                    : PowerCC26X2.oem4f (.text:Power_setConstraint)
                             00000d0e   rf_multiMode_cc13x2.a : RFCC26X2_multiMode.c.cc13x2.ccs.o (.text:RF_queueEnd)
                             00000f4a   drivers_cc13x2.a : List.oem4f (.text:List_insert)
                             00000f9c                    : RingBuf.oem4f (.text:RingBuf_getPointer)
                             00000fe8                    : GPIOCC26XX.oem4f (.text:GPIO_setMux)
                             0000117c                    : List.oem4f (.text:List_put)
                             000011a2                    : List.oem4f (.text:List_putHead)
                             000011c8                    : List.oem4f (.text:List_remove)
                             00001376                    : List.oem4f (.text:List_get)
                             000013ba   dpl_cc13x2.a : HwiP_tirtos.oem4f (.text:HwiP_setFunc)
                             000013d4   drivers_cc13x2.a : PowerCC26X2.oem4f (.text:Power_unregisterNotify)
                             00001664   rf_multiMode_cc13x2.a : RFCC26X2_multiMode.c.cc13x2.ccs.o (.text:RF_powerConstraintSet)
                             00001908   dpl_cc13x2.a : HwiP_tirtos.oem4f (.text:HwiP_interruptsEnabled)
                             00001922   drivers_cc13x2.a : List.oem4f (.text:List_clearList)
memcpy                    $Tramp$TT$S$$memcpy
   00055add     00001d34     00000142   drivers_cc13x2.a : NVSCC26XX.oem4f (.text:NVSCC26XX_read)
                             000001b6   EasyLink.obj (.text:createTxAdvFromTx)
                             00000b4a   rf_multiMode_cc13x2.a : rf_patch_cpe_multi_protocol.c.cc13x2.ccs.o (.text:applyMultiProtocolPatch)
                             00001b60   rtsv7M4_T_le_v4SPD16_eabi.lib : copy_decompress_none.c.obj (.text:decompress:none:__TI_decompress_none)
memset                    $Tramp$TT$S$$memset
   000565b9     00001d3c     000001a6   EasyLink.obj (.text:createTxAdvFromTx)
                             0000185c   rom_sysbios.aem4f : rom_sysbios.obj (.text:xdc_runtime_Error_init__E)
                             00001c18   rtsv7M4_T_le_v4SPD16_eabi.lib : copy_zero_init.c.obj (.text:decompress:ZI:__TI_zero_init)
ti_sysbios_knl_Clock_Params__init__S  $Tramp$TT$L$PI$$ti_sysbios_knl_Clock_Params__init__S
   1002eb9d     00001d44     00000284   dpl_cc13x2.a : ClockP_tirtos.oem4f (.text:ClockP_construct)
ti_sysbios_knl_Clock_construct  $Tramp$TT$L$PI$$ti_sysbios_knl_Clock_construct
   1002dd8d     00001d4c     0000029e   dpl_cc13x2.a : ClockP_tirtos.oem4f (.text:ClockP_construct)
__aeabi_idiv0             $Tramp$TT$S$$__aeabi_idiv0
   00056bfb     00001d54     000003a2   rtsv7M4_T_le_v4SPD16_eabi.lib : u_divt2.asm.obj (.text)
UART2_open                $Tramp$TT$S$$UART2_open
   000525e1     00001d5c     00000414   display_cc13x2.a : DisplayUart2.oem4f (.text:DisplayUart2Min_open)
ti_sysbios_family_arm_m3_Hwi_Params__init__S  $Tramp$TT$L$PI$$ti_sysbios_family_arm_m3_Hwi_Params__init__S
   1002eb49     00001d64     00000442   dpl_cc13x2.a : HwiP_tirtos.oem4f (.text:HwiP_construct)
Board_init                $Tramp$TT$S$$Board_init
   00057fe5     00001d6c     0000060e   nvsinternal.obj (.text:mainThread)
GPIO_init                 $Tramp$TT$S$$GPIO_init
   00054c61     00001d74     00000612   nvsinternal.obj (.text:mainThread)
GPIO_setConfig            $Tramp$TT$S$$GPIO_setConfig
   00056bfd     00001d7c     0000061c   nvsinternal.obj (.text:mainThread)
                             00000624   nvsinternal.obj (.text:mainThread)
                             00000a4e   ti_drivers_config.obj (.text:Board_wakeUpExtFlash)
                             00000d58   drivers_cc13x2.a : GPIO.oem4f (.text:GPIO_resetConfig)
echoTask_init             $Tramp$TT$S$$echoTask_init
   00057f05     00001d84     00000638   nvsinternal.obj (.text:mainThread)
ti_sysbios_family_arm_m3_Hwi_construct  $Tramp$TT$L$PI$$ti_sysbios_family_arm_m3_Hwi_construct
   1002d421     00001d8c     00000662   rom_sysbios.aem4f : rom_sysbios.obj (.text:ti_sysbios_family_arm_m3_Hwi_construct2__E)
UART2Support_dmaStopRx    $Tramp$TT$S$$UART2Support_dmaStopRx
   00056fb5     00001d94     000007b4   drivers_cc13x2.a : UART2.oem4f (.text:UART2_rxDisable)
Power_releaseDependency   $Tramp$TT$S$$Power_releaseDependency
   00001f3d     00001d9c     000007fc   drivers_cc13x2.a : UDMACC26XX.oem4f (.text:UDMACC26XX_close)
__TI_closefile            $Tramp$TT$S$$__TI_closefile
   00056805     00001da4     0000094a   rtsv7M4_T_le_v4SPD16_eabi.lib : fopen.c.obj (.text:__TI_cleanup)
                             00000962                                 : fopen.c.obj (.text:__TI_cleanup)
                             00000e5c                                 : fclose.c.obj (.text:fclose)
doErase                   $Tramp$TT$S$$doErase
   0005743d     00001dac     00000a92   drivers_cc13x2.a : NVSCC26XX.oem4f (.text:NVSCC26XX_erase)
configureMultiProtocolPatch  $Tramp$TT$S$$configureMultiProtocolPatch
   0005662d     00001db4     00000b56   rf_multiMode_cc13x2.a : rf_patch_cpe_multi_protocol.c.cc13x2.ccs.o (.text:applyMultiProtocolPatch)
ti_sysbios_knl_Swi_disable__E  $Tramp$TT$L$PI$$ti_sysbios_knl_Swi_disable__E
   1002ea25     00001dbc     00000bca   release_pem4f.oem4f (.text:ti_sysbios_BIOS_atExitFunc__I)
                             000015d2   dpl_cc13x2.a : PowerCC26X2_tirtos.oem4f (.text:PowerCC26XX_schedulerDisable)
                             00001cfa                : SwiP_tirtos.oem4f (.text:SwiP_disable)
xdc_runtime_Startup_rtsDone__E  $Tramp$TT$L$PI$$xdc_runtime_Startup_rtsDone__E
   1002f8e5     00001dc4     00000bfa   release_pem4f.oem4f (.text:ti_sysbios_BIOS_startFunc__I)
ti_sysbios_BIOS_linkedWithIncorrectBootLibrary__E  $Tramp$TT$L$PI$$ti_sysbios_BIOS_linkedWithIncorrectBootLibrary__E
   1002d01b     00001dcc     00000c02   release_pem4f.oem4f (.text:ti_sysbios_BIOS_startFunc__I)
xdc_runtime_System_atexit__E  $Tramp$TT$L$PI$$xdc_runtime_System_atexit__E
   1002f559     00001dd4     00000c08   release_pem4f.oem4f (.text:ti_sysbios_BIOS_startFunc__I)
ti_sysbios_family_arm_cc26xx_Timer_startup__E  $Tramp$TT$L$PI$$ti_sysbios_family_arm_cc26xx_Timer_startup__E
   1002dcf1     00001ddc     00000c10   release_pem4f.oem4f (.text:ti_sysbios_BIOS_startFunc__I)
ti_sysbios_hal_Hwi_startup__E  $Tramp$TT$L$PI$$ti_sysbios_hal_Hwi_startup__E
   1002ec31     00001de4     00000c14   release_pem4f.oem4f (.text:ti_sysbios_BIOS_startFunc__I)
ti_sysbios_knl_Swi_startup__E  $Tramp$TT$L$PI$$ti_sysbios_knl_Swi_startup__E
   1002ec6b     00001dec     00000c18   release_pem4f.oem4f (.text:ti_sysbios_BIOS_startFunc__I)
ti_sysbios_knl_Task_startup__E  $Tramp$TT$L$PI$$ti_sysbios_knl_Task_startup__E
   1002eceb     00001df4     00000c1c   release_pem4f.oem4f (.text:ti_sysbios_BIOS_startFunc__I)
__aeabi_uldivmod          $Tramp$TT$S$$__aeabi_uldivmod
   00055c11     00001dfc     00000c38   rom_sysbios.aem4f : rom_sysbios.obj (.text:ti_sysbios_family_arm_cc26xx_Timer_getCurrentTick__E)
                             00001344                     : rom_sysbios.obj (.text:ti_sysbios_family_arm_cc26xx_Timer_getMaxTicks__E)
ti_sysbios_knl_Clock_getTicks__E  $Tramp$TT$L$PI$$ti_sysbios_knl_Clock_getTicks__E
   1002dc11     00001e04     00000c9c   rom_sysbios.aem4f : rom_sysbios.obj (.text:ti_sysbios_knl_Clock_getTimeout__E)
ti_sysbios_knl_Semaphore_destruct  $Tramp$TT$L$PI$$ti_sysbios_knl_Semaphore_destruct
   1002e6fd     00001e0c     00000e28   rom_sysbios.aem4f : rom_sysbios.obj (.text:_pthread_delete$45)
                             00001cee   dpl_cc13x2.a : SemaphoreP_tirtos.oem4f (.text:SemaphoreP_destruct)
ti_sysbios_knl_Task_delete  $Tramp$TT$L$PI$$ti_sysbios_knl_Task_delete
   1002ece7     00001e14     00000e34   rom_sysbios.aem4f : rom_sysbios.obj (.text:_pthread_delete$45)
pthread_exit              $Tramp$TT$S$$pthread_exit
   00057725     00001e1c     00000e9c   rom_sysbios.aem4f : rom_sysbios.obj (.text:pthread_setcancelstate)
                             00001a32                     : rom_sysbios.obj (.text:_pthread_runStub$45)
ti_sysbios_knl_Clock_TimerProxy_getCurrentTick__E  $Tramp$TT$L$PI$$ti_sysbios_knl_Clock_TimerProxy_getCurrentTick__E
   1002eac5     00001e24     00000eb6   rom_sysbios.aem4f : rom_sysbios.obj (.text:ti_sysbios_knl_Clock_getTicksUntilInterrupt__E)
RF_getCurrentTime         $Tramp$TT$S$$RF_getCurrentTime
   000569d1     00001e2c     0000104a   rf_multiMode_cc13x2.a : RFCC26X2_multiMode.c.cc13x2.ccs.o (.text:RF_calculateDeltaTimeUs)
                             0000138c   EasyLink.obj (.text:EasyLink_getAbsTime)
RF_postCmd                $Tramp$TT$S$$RF_postCmd
   00054e31     00001e34     0000107e   rf_multiMode_cc13x2.a : RFCC26X2_multiMode.c.cc13x2.ccs.o (.text:RF_runCmd)
RF_pendCmd                $Tramp$TT$S$$RF_pendCmd
   00054ff1     00001e3c     0000108c   rf_multiMode_cc13x2.a : RFCC26X2_multiMode.c.cc13x2.ccs.o (.text:RF_runCmd)
                             000010b4                         : RFCC26X2_multiMode.c.cc13x2.ccs.o (.text:RF_runScheduleCmd)
RF_scheduleCmd            $Tramp$TT$S$$RF_scheduleCmd
   00052001     00001e44     000010a6   rf_multiMode_cc13x2.a : RFCC26X2_multiMode.c.cc13x2.ccs.o (.text:RF_runScheduleCmd)
disableLFClockQualifiers  $Tramp$TT$S$$disableLFClockQualifiers
   00055f75     00001e4c     000010f8   drivers_cc13x2.a : PowerCC26X2.oem4f (.text:oscillatorISR)
switchXOSCHF              $Tramp$TT$S$$switchXOSCHF
   00057f9d     00001e54     00001100   drivers_cc13x2.a : PowerCC26X2.oem4f (.text:oscillatorISR)
                             000017fe                    : PowerCC26X2.oem4f (.text:switchToTCXO)
ti_sysbios_family_arm_m3_Hwi_disableFxn__E  $Tramp$TT$L$PI$$ti_sysbios_family_arm_m3_Hwi_disableFxn__E
   1002eb55     00001e5c     000013a8   dpl_cc13x2.a : HwiP_tirtos.oem4f (.text:HwiP_setFunc)
                             00001902                : HwiP_tirtos.oem4f (.text:HwiP_interruptsEnabled)
                             00001cda                : HwiP_tirtos.oem4f (.text:HwiP_disable)
RF_dispatchNextEvent      $Tramp$TT$S$$RF_dispatchNextEvent
   00056cd5     00001e64     000013f2   rf_multiMode_cc13x2.a : RFCC26X2_multiMode.c.cc13x2.ccs.o (.text:RF_clkPowerUp)
ti_sysbios_BIOS_RtsGateProxy_enter__E  $Tramp$TT$L$PI$$ti_sysbios_BIOS_RtsGateProxy_enter__E
   1002ec77     00001e6c     000014a6   release_pem4f.oem4f (.text:ti_sysbios_BIOS_rtsLock__I)
ti_sysbios_knl_Swi_construct  $Tramp$TT$L$PI$$ti_sysbios_knl_Swi_construct
   1002d719     00001e74     000016ae   rom_sysbios.aem4f : rom_sysbios.obj (.text:ti_sysbios_knl_Swi_construct2__E)
PowerCC26X2_initiateCalibration  $Tramp$TT$S$$PowerCC26X2_initiateCalibration
   0005766d     00001e7c     000016f4   drivers_cc13x2.a : PowerCC26X2.oem4f (.text:PowerCC26XX_calibrate)
main                      $Tramp$TT$S$$main
   00057265     00001e84     000017b8   rtsv7M4_T_le_v4SPD16_eabi.lib : args_main.c.obj (.text:_args_main)
ti_sysbios_BIOS_RtsGateProxy_leave__E  $Tramp$TT$L$PI$$ti_sysbios_BIOS_RtsGateProxy_leave__E
   1002ec7b     00001e8c     00001816   release_pem4f.oem4f (.text:ti_sysbios_BIOS_rtsUnlock__I)
ti_sysbios_knl_Swi_post__E  $Tramp$TT$L$PI$$ti_sysbios_knl_Swi_post__E
   1002d891     00001e94     00001834   rom_sysbios.aem4f : rom_sysbios.obj (.text:ti_sysbios_knl_Swi_or__E)
                             000019e6   release_pem4f.oem4f (.text:ti_sysbios_knl_Clock_doTick__I)
ti_sysbios_BIOS_getThreadType__E  $Tramp$TT$L$PI$$ti_sysbios_BIOS_getThreadType__E
   1002ea95     00001e9c     0000183a   rom_sysbios.aem4f : rom_sysbios.obj (.text:ti_sysbios_rts_ti_ReentSupport_getReent__F)
UART2_close               $Tramp$TT$S$$UART2_close
   000558d5     00001ea4     0000186e   display_cc13x2.a : DisplayUart2.oem4f (.text:DisplayUart2Min_close)
runCalibrateFsm           $Tramp$TT$S$$runCalibrateFsm
   0005300d     00001eac     0000193e   drivers_cc13x2.a : PowerCC26X2_calibrateRCOSC.oem4f (.text:PowerCC26X2_calibrate)
ti_sysbios_knl_Clock_logTick__E  $Tramp$TT$L$PI$$ti_sysbios_knl_Clock_logTick__E
   1002dbd7     00001eb4     000019de   release_pem4f.oem4f (.text:ti_sysbios_knl_Clock_doTick__I)
UART2CC26X2_initHw        $Tramp$TT$S$$UART2CC26X2_initHw
   00053d91     00001ebc     00001ae4   drivers_cc13x2.a : UART2CC26X2.oem4f (.text:UART2CC26X2_postNotifyFxn)
UART2_writeTimeout        $Tramp$TT$S$$UART2_writeTimeout
   00001a55     00001ec4     00001b50   drivers_cc13x2.a : UART2.oem4f (.text:UART2_write)
ti_sysbios_knl_Semaphore_delete  $Tramp$TT$L$PI$$ti_sysbios_knl_Semaphore_delete
   1002ecdb     00001ecc     00001bda   dpl_cc13x2.a : SemaphoreP_tirtos.oem4f (.text:SemaphoreP_delete)
ti_sysbios_knl_Task_self__E  $Tramp$TT$L$PI$$ti_sysbios_knl_Task_self__E
   1002eaf5     00001ed4     00001c1e   rom_sysbios.aem4f : rom_sysbios.obj (.text:pthread_self)
[...]
1002ebf1  ti_sysbios_knl_Swi_Params__init__S                                 
1002ebfd  ti_sysbios_knl_Swi_self__E                                         
1002ec09  ti_sysbios_knl_Task_Params__init__S                                
1002ec15  ti_sysbios_hal_Hwi_Instance_finalize__E                            
1002ec1f  ti_sysbios_knl_Event_Instance_init__E                              
1002ec29  ti_sysbios_family_arm_m3_Hwi_doSwiRestore__I                       
1002ec31  ti_sysbios_family_arm_m3_Hwi_startup__E                            
1002ec31  ti_sysbios_hal_Hwi_HwiProxy_startup__E                             
1002ec31  ti_sysbios_hal_Hwi_HwiProxy_startup__E                             
1002ec31  ti_sysbios_hal_Hwi_startup__E                                      
1002ec31  ti_sysbios_hal_Hwi_startup__E                                      
1002ec39  ti_sysbios_knl_Idle_loop__E                                        
1002ec41  ti_sysbios_family_arm_m3_Hwi_doTaskRestore__I                      
1002ec47  HwiP_restore                                                       
1002ec47  ti_sysbios_family_arm_m3_Hwi_restoreFxn__E                         
1002ec4d  ti_sysbios_gates_GateHwi_leave__E                                  
1002ec53  ti_sysbios_gates_GateMutex_Instance_finalize__E                    
1002ec59  ti_sysbios_heaps_HeapMem_isBlocking__E                             
1002ec5f  ti_sysbios_knl_Queue_Instance_init__E                              
1002ec65  ti_sysbios_knl_Queue_elemClear__E                                  
1002ec6b  ti_sysbios_knl_Swi_startup__E                                      
1002ec71  ti_sysbios_knl_Task_enable__E                                      
1002ec77  ti_sysbios_BIOS_RtsGateProxy_enter__E                              
1002ec7b  ti_sysbios_BIOS_RtsGateProxy_leave__E                              
1002ec7f  ti_sysbios_family_arm_cc26xx_Timer_getExpiredTicks__E              
1002ec83  ti_sysbios_family_arm_cc26xx_Timer_getPeriod__E                    
1002ec87  ti_sysbios_family_arm_cc26xx_Timer_setPeriod__E                    
1002ec8b  ti_sysbios_family_arm_m3_Hwi_delete                                
1002ec8f  ti_sysbios_family_arm_m3_TaskSupport_Module__startupDone__S        
1002ec8f  ti_sysbios_knl_Task_SupportProxy_Module__startupDone__S            
1002ec93  ti_sysbios_gates_GateHwi_query__E                                  
1002ec93  xdc_runtime_Main_Module_GateProxy_query__E                         
1002ec93  xdc_runtime_System_Module_GateProxy_query__E                       
1002ec93  xdc_runtime_System_Module_GateProxy_query__E                       
1002ec97  ti_sysbios_gates_GateMutex_delete                                  
1002ec9b  ti_sysbios_BIOS_RtsGateProxy_query__E                              
1002ec9b  ti_sysbios_BIOS_RtsGateProxy_query__E                              
1002ec9b  ti_sysbios_gates_GateMutex_query__E                                
1002ec9b  ti_sysbios_heaps_HeapMem_Module_GateProxy_query__E                 
1002ec9b  ti_sysbios_heaps_HeapMem_Module_GateProxy_query__E                 
1002ec9f  ti_sysbios_hal_Hwi_HwiProxy_create                                 
1002eca3  ti_sysbios_hal_Hwi_HwiProxy_delete                                 
1002eca7  ti_sysbios_hal_Hwi_delete                                          
1002ecab  ti_sysbios_heaps_HeapMem_Module_GateProxy_enter__E                 
1002ecaf  ti_sysbios_heaps_HeapMem_Module_GateProxy_leave__E                 
1002ecb3  ti_sysbios_knl_Clock_TimerProxy_getExpiredTicks__E                 
1002ecb7  ti_sysbios_knl_Clock_TimerProxy_getPeriod__E                       
1002ecbb  ti_sysbios_knl_Clock_delete                                        
1002ecbf  ti_sysbios_knl_Clock_removeI__E                                    
1002ecc3  ti_sysbios_knl_Clock_setTimeout__E                                 
1002ecc7  ti_sysbios_knl_Event_delete                                        
1002eccb  ti_sysbios_knl_Mailbox_delete                                      
1002eccf  ti_sysbios_knl_Queue_delete                                        
1002ecd3  ti_sysbios_knl_Queue_head__E                                       
1002ecd7  ti_sysbios_knl_Queue_next__E                                       
1002ecdb  ti_sysbios_knl_Semaphore_delete                                    
1002ecdf  ti_sysbios_knl_Swi_delete                                          
1002ece3  ti_sysbios_knl_Swi_postInit__I                                     
1002ece7  ti_sysbios_knl_Task_delete                                         
1002eceb  ti_sysbios_knl_Task_startup__E                                     
1002ecf1  xdc_runtime_System_doPrint__I                                      
1002f055  xdc_runtime_Startup_startMods__I                                   
1002f15d  xdc_runtime_Text_putSite__E                                        
1002f1f7  xdc_runtime_Error_policySpin__E                                    
1002f1f9  xdc_runtime_Text_putMod__E                                         
1002f289  xdc_runtime_Memory_alloc__E                                        
1002f2f9  xdc_runtime_Core_createObject__I                                   
1002f367  xdc_runtime_Core_deleteObject__I                                   
1002f3c5  xdc_runtime_Text_putLab__E                                         
1002f421  xdc_runtime_Assert_raise__I                                        
1002f475  xdc_runtime_Startup_exec__E                                        
1002f4c9  xdc_runtime_Core_assignParams__I                                   
1002f511  xdc_runtime_Core_constructObject__I                                
1002f559  xdc_runtime_System_atexit__E                                       
1002f5a1  xdc_runtime_Text_xprintf__I                                        
1002f5e5  xdc_runtime_System_processAtExit__E                                
1002f625  xdc_runtime_System_putchar__I                                      
1002f659  xdc_runtime_Core_assignLabel__I                                    
1002f689  xdc_runtime_Text_printVisFxn__I                                    
1002f6b9  xdc_runtime_System_vprintf__E                                      
1002f6e5  xdc_runtime_Text_cordText__E                                       
1002f711  xdc_runtime_System_abort__E                                        
1002f739  xdc_runtime_Error_raiseX__E                                        
1002f759  xdc_runtime_Registry_findById__E                                   
1002f779  xdc_runtime_Error_check__E                                         
1002f795  xdc_runtime_Memory_valloc__E                                       
1002f7b1  xdc_runtime_System_exit__E                                         
1002f7cd  xdc_runtime_Text_ropeText__E                                       
1002f7e9  xdc_runtime_System_printf__E                                       
1002f803  xdc_runtime_Core_destructObject__I                                 
1002f81b  xdc_runtime_System_abortSpin__E                                    
1002f81d  xdc_runtime_Memory_free__E                                         
1002f831  xdc_runtime_Memory_getStats__E                                     
1002f845  xdc_runtime_SysCallback_abort__E                                   
1002f845  xdc_runtime_System_SupportProxy_abort__E                           
1002f859  xdc_runtime_SysCallback_exit__E                                    
1002f859  xdc_runtime_System_SupportProxy_exit__E                            
1002f86d  xdc_runtime_SysCallback_flush__E                                   
1002f86d  xdc_runtime_System_SupportProxy_flush__E                           
1002f86d  xdc_runtime_System_flush__E                                        
1002f881  xdc_runtime_SysCallback_putch__E                                   
1002f881  xdc_runtime_System_SupportProxy_putch__E                           
1002f895  xdc_runtime_SysCallback_ready__E                                   
1002f895  xdc_runtime_System_SupportProxy_ready__E                           
1002f8a9  xdc_runtime_Memory_getMaxDefaultTypeAlign__E                       
1002f8b9  xdc_runtime_System_vsnprintf__E                                    
1002f8c9  xdc_runtime_Timestamp_SupportProxy_get32__E                        
1002f8c9  xdc_runtime_Timestamp_SupportProxy_get32__E                        
1002f8c9  xdc_runtime_Timestamp_get32__E                                     
1002f8c9  xdc_runtime_Timestamp_get32__E                                     
1002f8d9  xdc_runtime_Memory_calloc__E                                       
1002f8e5  xdc_runtime_Startup_rtsDone__E                                     
1002f8f1  xdc_runtime_Memory_HeapProxy_alloc__E                              
1002f8fb  xdc_runtime_Memory_HeapProxy_free__E                               
1002f905  xdc_runtime_Memory_HeapProxy_getStats__E                           
1002f90f  xdc_runtime_Gate_leaveSystem__E                                    
1002f915  xdc_runtime_System_Module_startup__E                               
1002f91b  xdc_runtime_Gate_enterSystem__E                                    
1002f91f  xdc_runtime_SysCallback_Module__startupDone__S                     
1002f91f  xdc_runtime_System_SupportProxy_Module__startupDone__S             
1002f923  xdc_runtime_System_Module_GateProxy_enter__E                       
1002f927  xdc_runtime_System_Module_GateProxy_leave__E                       
1002f92b  xdc_runtime_System_printf_va__F                                    
1002f92f  xdc_runtime_System_exitSpin__E                                     
1002f931  ti_sysbios_family_arm_m3_Hwi_dispatch__I                           
1002fa11  ti_sysbios_family_arm_m3_Hwi_interruptsAreDisabledButShouldNotBe   
1002fa2d  ti_sysbios_family_arm_m3_TaskSupport_buildTaskStack                
1002fab9  ti_sysbios_family_arm_m3_Hwi_initStacks__E                         
1002fb11  ti_sysbios_family_arm_m3_Hwi_pendSV__I                             
1002fb35  ti_sysbios_family_arm_m3_Hwi_return                                
1002fb39  ti_sysbios_family_arm_m3_Hwi_excHandlerAsm__I                      
1002fb59  ti_sysbios_family_xxx_Hwi_switchAndRunFunc                         
1002fb77  ti_sysbios_family_arm_m3_TaskSupport_swap__E                       
1002fb77  ti_sysbios_knl_Task_SupportProxy_swap__E                           
1002fb77  ti_sysbios_knl_Task_SupportProxy_swap__E                           
1002fb83  ti_sysbios_knl_Task_swapReturn                                     
1002fb8f  ti_sysbios_family_arm_m3_TaskSupport_glue                          
1002fba0  ti_sysbios_knl_Task_Object__PARAMS__C                              
1002fbdc  ti_sysbios_knl_Mailbox_Object__PARAMS__C                           
1002fc10  ti_sysbios_family_arm_m3_Hwi_Object__PARAMS__C                     
1002fc40  ti_sysbios_hal_Hwi_Object__PARAMS__C                               
1002fc6c  ti_sysbios_knl_Swi_Object__PARAMS__C                               
1002fc94  ti_sysbios_heaps_HeapMem_Object__PARAMS__C                         
1002fcb8  ti_sysbios_knl_Clock_Object__PARAMS__C                             
1002fcdc  ti_sysbios_knl_Semaphore_Object__PARAMS__C                         
1002fd00  ti_sysbios_gates_GateHwi_Object__PARAMS__C                         
1002fd18  ti_sysbios_gates_GateMutex_Object__PARAMS__C                       
1002fd30  ti_sysbios_knl_Event_Object__PARAMS__C                             
1002fd48  ti_sysbios_knl_Queue_Object__PARAMS__C                             
1002fd80  ti_sysbios_heaps_HeapTrack_Object__PARAMS__C                       
1002fd9c  ti_sysbios_heaps_HeapTrack_Instance_State_trackQueue__O            
1002fda0  ti_sysbios_heaps_HeapTrack_Module__diagsEnabled__C                 
1002fda4  ti_sysbios_heaps_HeapTrack_Module__diagsIncluded__C                
1002fda8  ti_sysbios_heaps_HeapTrack_Module__diagsMask__C                    
1002fddb  strlen                                                             
20000000  __start___llvm_prf_cnts                                            
20000000  __stop___llvm_prf_cnts                                             
20000000  ti_sysbios_family_arm_m3_Hwi_ramVectors                            
20000100  xdcRomConstPtr                                                     
20000104  xdcRomExternFuncPtr                                                
20000108  xdcRomStatePtr                                                     
20000510  ti_sysbios_knl_Task_Instance_State_0_stack__A                      
20000710  uart2CC26X2Objects                                                 
20000908  __CIOBUF_                                                          
20000a28  ti_sysbios_family_arm_m3_Hwi_dispatchTable                         
20000b00  __TI_tmpnams                                                       
20000c38  gpioCallbackFunctions                                              
20000cb4  gpioUserArgs                                                       
20000d70  udmaCC26XXObject                                                   
20000dcc  displayUart2Object                                                 
20000dd8  parmbuf                                                            
20000de0  PowerCC26XX_swiKey                                                 
20000de4  PowerCC26XX_taskKey                                                
20000de8  nvsCC26XXObjects                                                   
20001870  __primary_heap_start__                                             
20005870  __primary_heap_end__                                               
200058b4  echoTask                                                           
20005904  txPacket                                                           
20006748  PowerCC26X2_module                                                 
200068b8  ROM_stateStruct                                                    
200068b8  ti_sysbios_knl_Clock_Module__state__V                              
200068e4  ti_sysbios_family_arm_cc26xx_TimestampProvider_Module__state__V    
200068e8  xdc_runtime_Startup_Module__state__V                               
200068f0  xdc_runtime_Registry_Module__state__V                              
200068f8  ti_sysbios_BIOS_Module__state__V                                   
2000691c  ti_sysbios_knl_Swi_Module__state__V                                
20006938  ti_sysbios_knl_Task_Module__state__V                               
2000697c  xdc_runtime_Memory_Module__state__V                                
20006980  xdc_runtime_System_Module__state__V                                
20006988  ti_sysbios_family_arm_m3_Hwi_Module__state__V                      
200069bc  ti_sysbios_family_arm_cc26xx_Timer_Module__state__V                
200069c4  _ftable                                                            
20006b68  gpioPinConfigs                                                     
20006be4  _device                                                            
20006c5c  txPowerTable_868_pa13                                              
20006cc0  _stream                                                            
20006d10  ti_sysbios_knl_Task_Object__table__V                               
20006d60  ti_sysbios_family_arm_cc26xx_Timer_Object__table__V                
20006de8  ti_sysbios_gates_GateMutex_Object__table__V                        
20006e20  RF_cmdPropRxAdv                                                    
20006e50  ti_sysbios_knl_Swi_Module_State_0_readyQ__A                        
20006e80  ti_sysbios_knl_Swi_Object__table__V                                
20006eb0  ti_sysbios_knl_Task_Module_State_0_readyQ__A                       
20006ee0  RF_cmdPropRadioDivSetup                                            
20006f08  pOverrides                                                         
20006f30  _hposcCoeffs                                                       
20006f54  EasyLink_supportedPhys                                             
20006f78  ti_sysbios_knl_Clock_Object__table__V                              
20006f98  xdc_runtime_Error_IgnoreBlock                                      
20006fb8  RF_cmdFs                                                           
20006fd0  RF_cmdPropTx                                                       
20006fe8  ti_sysbios_family_arm_m3_Hwi_Object__table__V                      
20007000  ti_sysbios_heaps_HeapMem_Object__table__V                          
20007018  RF_prop                                                            
20007028  __TI_ft_end                                                        
2000702c  __aeabi_stdin                                                      
20007030  __aeabi_stdout                                                     
20007034  __aeabi_stderr                                                     
20007038  __TI_cleanup_ptr                                                   
2000703c  __TI_dtors_ptr                                                     
20007040  __TI_enable_exit_profile_output                                    
20007044  _lock                                                              
20007048  _unlock                                                            
2000704c  RFCC26XX_schedulerPolicy                                           
20007054  ti_sysbios_family_arm_m3_Hwi_Module__root__V                       
2000705c  ti_sysbios_gates_GateHwi_Module__root__V                           
20007064  ti_sysbios_gates_GateMutex_Module__root__V                         
2000706c  ti_sysbios_hal_Hwi_Module__root__V                                 
20007074  ti_sysbios_heaps_HeapMem_Module__root__V                           
2000707c  ti_sysbios_knl_Clock_Module__root__V                               
20007084  ti_sysbios_knl_Event_Module__root__V                               
2000708c  ti_sysbios_knl_Mailbox_Module__root__V                             
20007094  ti_sysbios_knl_Queue_Module__root__V                               
2000709c  ti_sysbios_knl_Semaphore_Module__root__V                           
200070a4  ti_sysbios_knl_Swi_Module__root__V                                 
200070ac  ti_sysbios_knl_Task_Module__root__V                                
200070b4  xdc_runtime_System_Module_State_0_atexitHandlers__A                
200070bc  main_func_sp                                                       
200070c0  ti_sysbios_family_arm_m3_Hwi_Module_State_0_excContext__A          
200070c4  ti_sysbios_family_arm_m3_Hwi_Module_State_0_excStack__A            
200070c8  ti_sysbios_knl_Task_Module_State_0_idleTask__A                     
200070cc  ti_sysbios_family_arm_m3_Hwi_Module_State_0_excActive__A           
20013c00  __stack                                                            
20014000  __STACK_END                                                        
e000e000  ti_sysbios_family_arm_m3_Hwi_nvic                                  
ffffffff  __TI_pprof_out_hndl                                                
ffffffff  __TI_prof_data_size                                                
ffffffff  __TI_prof_data_start                                               
ffffffff  __binit__                                                          
ffffffff  __c_args__                                                         
ffffffff  binit                                                              
UNDEFED   ITM_flush                                                          
UNDEFED   ITM_restore                                                        
UNDEFED   PIN_hwi_bypass                                                     
UNDEFED   SHT$$INIT_ARRAY$$Base                                              
UNDEFED   SHT$$INIT_ARRAY$$Limit                                             

[1022 symbols]
