******************************************************************************
                  TI ARM Linker Unix v20.2.5                   
******************************************************************************
>> Linked Thu Jan 13 22:00:04 2022

OUTPUT FILE NAME:   <nvsinternal_CC1352R1_LAUNCHXL_tirtos_ccs.out>
ENTRY POINT SYMBOL: "ResetISR"  address: 00053845


MEMORY CONFIGURATION

         name            origin    length      used     unused   attr    fill
----------------------  --------  ---------  --------  --------  ----  --------
  FLASH                 00000000   00058000  00055d28  000022d8  R  X
  GPRAM                 11000000   00002000  00000000  00002000  RW X
  SRAM                  20000000   00014000  00005a2c  0000e5d4  RW X
  LOG_DATA              90000000   00040000  00000000  00040000  R   


SEGMENT ALLOCATION MAP

run origin  load origin   length   init length attrs members
----------  ----------- ---------- ----------- ----- -------
00000000    00000000    00002000   00002000    r-x
  00000000    00000000    0000003c   0000003c    r-- .resetVecs
  0000003c    0000003c    00001fc4   00001fc4    r-x .text.1
00002000    00002000    00050000   00000000    rw-
  00002000    00002000    00050000   00000000    rw- .TI.bound:flashBuf0
00052000    00052000    00003cd0   00003cd0    r-x
  00052000    00052000    00003414   00003414    r-x .text.2
  00055414    00055414    00000664   00000664    r-- .const
  00055a78    00055a78    00000258   00000258    r-- .cinit
00057fa8    00057fa8    00000058   00000058    r--
  00057fa8    00057fa8    00000058   00000058    r-- .ccfg
20000100    20000100    0000153c   00000000    rw-
  20000100    20000100    00000004   00000000    rw- .data:xdcRomConstPtr
  20000104    20000104    00000004   00000000    rw- .data:xdcRomExternFuncPtr
  20000108    20000108    00000004   00000000    rw- .data:xdcRomStatePtr
  20000110    20000110    00000d2c   00000000    rw- .bss
  20000e40    20000e40    000007fc   00000000    rw- .data
20001850    20001850    00000010   00000000    rw-
  20001850    20001850    00000010   00000000    rw- .TI.bound:dmaUart1RxControlTableEntry
20001860    20001860    00000010   00000000    rw-
  20001860    20001860    00000010   00000000    rw- .TI.bound:dmaUart1TxControlTableEntry
20001870    20001870    00004000   00000000    r--
  20001870    20001870    00004000   00000000    r-- .priheap
20013c00    20013c00    00000400   00000000    rw-
  20013c00    20013c00    00000400   00000000    rw- .stack


SECTION ALLOCATION MAP

 output                                  attributes/
section   page    origin      length       input sections
--------  ----  ----------  ----------   ----------------
.binit     0    00000000    00000000     

.cinit     0    00055a78    00000258     
                  00055a78    000001df     (.cinit..data.load) [load image, compression = lzss]
                  00055c57    00000001     --HOLE-- [fill = 0]
                  00055c58    0000000c     (__TI_handler_table)
                  00055c64    00000004     --HOLE-- [fill = 0]
                  00055c68    00000008     (.cinit..TI.bound:dmaUart1RxControlTableEntry.load) [load image, compression = zero_init]
                  00055c70    00000008     (.cinit..TI.bound:dmaUart1TxControlTableEntry.load) [load image, compression = zero_init]
                  00055c78    00000008     (.cinit..bss.load) [load image, compression = zero_init]
                  00055c80    00000008     (.cinit..data:xdcRomConstPtr.load) [load image, compression = lzss]
                  00055c88    00000008     (.cinit..data:xdcRomExternFuncPtr.load) [load image, compression = lzss]
                  00055c90    00000008     (.cinit..data:xdcRomStatePtr.load) [load image, compression = lzss]
                  00055c98    00000038     (__TI_cinit_table)

.init_array 
*          0    00000000    00000000     UNINITIALIZED

.ccfg      0    00057fa8    00000058     
                  00057fa8    00000058     ti_devices_config.obj (.ccfg:retain)

.bss       0    20000110    00000d2c     UNINITIALIZED
                  20000110    00000400     ti_drivers_config.obj (.bss:displayUART2Buffer)
                  20000510    00000200     release_pem4f.oem4f (.bss:taskStackSection)
                  20000710    000001f8     (.common:uart2CC26X2Objects)
                  20000908    00000120     rtsv7M4_T_le_v4SPD16_eabi.lib : trgmsg.c.obj (.bss:_CIOBUF_)
                  20000a28    000000fc     nvsinternal.obj (.bss:buffer)
                  20000b24    000000d8     (.common:ti_sysbios_family_arm_m3_Hwi_dispatchTable)
                  20000bfc    000000a0     (.common:__TI_tmpnams)
                  20000c9c    0000007c     (.common:gpioCallbackFunctions)
                  20000d18    0000007c     (.common:gpioUserArgs)
                  20000d94    00000020     ti_drivers_config.obj (.bss:uart2RxRingBuffer0)
                  20000db4    00000020     ti_drivers_config.obj (.bss:uart2TxRingBuffer0)
                  20000dd4    00000020     (.common:udmaCC26XXObject)
                  20000df4    0000001c     drivers_cc13x2.a : GPIOCC26XX.oem4f (.bss:gpioHwi)
                  20000e10    0000000c                      : NVSCC26XX.oem4f (.bss)
                  20000e1c    0000000c     (.common:displayUart2Object)
                  20000e28    00000008     (.common:parmbuf)
                  20000e30    00000004     (.common:PowerCC26XX_swiKey)
                  20000e34    00000004     (.common:PowerCC26XX_taskKey)
                  20000e38    00000004     (.common:nvsCC26XXObjects)

.data      0    20000e40    000007fc     UNINITIALIZED
                  20000e40    00000170     drivers_cc13x2.a : PowerCC26X2.oem4f (.data:PowerCC26X2_module)
                  20000fb0    0000010c     release_pem4f.oem4f (.data:ROM_stateStruct)
                  200010bc    000000f0     rtsv7M4_T_le_v4SPD16_eabi.lib : defs.c.obj (.data:_ftable)
                  200011ac    000000b4     rom_sysbios.aem4f : rom_sysbios.obj (.data:$O1$$)
                  20001260    0000007c     ti_drivers_config.obj (.data:gpioPinConfigs)
                  200012dc    00000078     rtsv7M4_T_le_v4SPD16_eabi.lib : host_device.c.obj (.data:_device)
                  20001354    00000050                                   : host_device.c.obj (.data:_stream)
                  200013a4    0000004c     release_pem4f.oem4f (.data:ti_sysbios_knl_Task_Object__table__V)
                  200013f0    00000048     release_pem4f.oem4f (.data:ti_sysbios_family_arm_cc26xx_Timer_Object__table__V)
                  20001438    00000038     release_pem4f.oem4f (.data:ti_sysbios_gates_GateMutex_Object__table__V)
                  20001470    00000030     release_pem4f.oem4f (.data:ti_sysbios_knl_Swi_Module_State_0_readyQ__A)
                  200014a0    00000030     release_pem4f.oem4f (.data:ti_sysbios_knl_Swi_Object__table__V)
                  200014d0    00000030     release_pem4f.oem4f (.data:ti_sysbios_knl_Task_Module_State_0_readyQ__A)
                  20001500    00000024     driverlib.lib : osc.obj (.data:$O1$$)
                  20001524    00000020     release_pem4f.oem4f (.data:ti_sysbios_knl_Clock_Object__table__V)
                  20001544    00000020     release_pem4f.oem4f (.data:xdc_runtime_Error_IgnoreBlock)
                  20001564    00000018     release_pem4f.oem4f (.data:ti_sysbios_family_arm_m3_Hwi_Object__table__V)
                  2000157c    00000018     release_pem4f.oem4f (.data:ti_sysbios_heaps_HeapMem_Object__table__V)
                  20001594    00000010     rtsv7M4_T_le_v4SPD16_eabi.lib : defs.c.obj (.data)
                  200015a4    0000000c                                   : exit.c.obj (.data:$O1$$)
                  200015b0    00000008                                   : _lock.c.obj (.data:$O1$$)
                  200015b8    00000008     release_pem4f.oem4f (.data:ti_sysbios_family_arm_m3_Hwi_Module__root__V)
                  200015c0    00000008     release_pem4f.oem4f (.data:ti_sysbios_gates_GateHwi_Module__root__V)
                  200015c8    00000008     release_pem4f.oem4f (.data:ti_sysbios_gates_GateMutex_Module__root__V)
                  200015d0    00000008     release_pem4f.oem4f (.data:ti_sysbios_hal_Hwi_Module__root__V)
                  200015d8    00000008     release_pem4f.oem4f (.data:ti_sysbios_heaps_HeapMem_Module__root__V)
                  200015e0    00000008     release_pem4f.oem4f (.data:ti_sysbios_knl_Clock_Module__root__V)
                  200015e8    00000008     release_pem4f.oem4f (.data:ti_sysbios_knl_Event_Module__root__V)
                  200015f0    00000008     release_pem4f.oem4f (.data:ti_sysbios_knl_Mailbox_Module__root__V)
                  200015f8    00000008     release_pem4f.oem4f (.data:ti_sysbios_knl_Queue_Module__root__V)
                  20001600    00000008     release_pem4f.oem4f (.data:ti_sysbios_knl_Semaphore_Module__root__V)
                  20001608    00000008     release_pem4f.oem4f (.data:ti_sysbios_knl_Swi_Module__root__V)
                  20001610    00000008     release_pem4f.oem4f (.data:ti_sysbios_knl_Task_Module__root__V)
                  20001618    00000008     release_pem4f.oem4f (.data:xdc_runtime_System_Module_State_0_atexitHandlers__A)
                  20001620    00000004     rtsv7M4_T_le_v4SPD16_eabi.lib : fopen.c.obj (.data)
                  20001624    00000004                                   : open.c.obj (.data)
                  20001628    00000004                                   : stkdepth_vars.c.obj (.data)
                  2000162c    00000004     release_pem4f.oem4f (.data:ti_sysbios_family_arm_m3_Hwi_Module_State_0_excContext__A)
                  20001630    00000004     release_pem4f.oem4f (.data:ti_sysbios_family_arm_m3_Hwi_Module_State_0_excStack__A)
                  20001634    00000004     release_pem4f.oem4f (.data:ti_sysbios_knl_Task_Module_State_0_idleTask__A)
                  20001638    00000002     release_pem4f.oem4f (.data:ti_sysbios_family_arm_m3_Hwi_Module_State_0_excActive__A)
                  2000163a    00000001     drivers_cc13x2.a : GPIOCC26XX.oem4f (.data)
                  2000163b    00000001                      : NVS.oem4f (.data)

.stack     0    20013c00    00000400     UNINITIALIZED
                  20013c00    00000400     --HOLE--

.priheap   0    20001870    00004000     UNINITIALIZED
                  20001870    00004000     --HOLE--

.log_data 
*          0    90000000    00000000     COPY SECTION

.data:xdcRomConstPtr 
*          0    20000100    00000004     UNINITIALIZED
                  20000100    00000004     release_pem4f.oem4f (.data:xdcRomConstPtr)

.data:xdcRomExternFuncPtr 
*          0    20000104    00000004     UNINITIALIZED
                  20000104    00000004     release_pem4f.oem4f (.data:xdcRomExternFuncPtr)

.data:xdcRomStatePtr 
*          0    20000108    00000004     UNINITIALIZED
                  20000108    00000004     release_pem4f.oem4f (.data:xdcRomStatePtr)

.bootVecs 
*          0    00000000    00000008     DSECT
                  00000000    00000008     boot.aem4f : boot.oem4f (.bootVecs)

.resetVecs 
*          0    00000000    0000003c     
                  00000000    0000003c     release_pem4f.oem4f (.resetVecs)

.TI.bound:flashBuf0 
*          0    00002000    00050000     UNINITIALIZED
                  00002000    00050000     ti_drivers_config.obj (.TI.bound:flashBuf0)

.vecs      0    20000000    000000d8     NOLOAD SECTION
                  20000000    000000d8     release_pem4f.oem4f (.vecs)

xdc.meta   0    00000000    000000ff     COPY SECTION
                  00000000    000000ff     release_pem4f.oem4f (xdc.meta)

xdc.noload 
*          0    00000000    00000000     COPY SECTION

__llvm_prf_cnts 
*          0    20000000    00000000     UNINITIALIZED

.TI.bound:dmaUart1RxControlTableEntry 
*          0    20001850    00000010     UNINITIALIZED
                  20001850    00000010     ti_drivers_config.obj (.TI.bound:dmaUart1RxControlTableEntry)

.TI.bound:dmaUart1TxControlTableEntry 
*          0    20001860    00000010     UNINITIALIZED
                  20001860    00000010     ti_drivers_config.obj (.TI.bound:dmaUart1TxControlTableEntry)

.text.1    0    0000003c    00001fc4     
                  0000003c    00000314     nvsinternal.obj (.text:mainThread)
                  00000350    00000278     drivers_cc13x2.a : UART2.oem4f (.text:UART2_writeTimeout)
                  000005c8    00000008     (.tramp.ti_sysbios_family_arm_m3_Hwi_restoreFxn__E.1)
                  000005d0    000001f4                      : UART2CC26X2.oem4f (.text:UART2CC26X2_hwiIntFxn)
                  000007c4    000001dc                      : UART2CC26X2.oem4f (.text:UART2_open)
                  000009a0    000001b6     rtsv7M4_T_le_v4SPD16_eabi.lib : fd_add_t2.asm.obj (.text)
                  00000b56    00000002     ti_drivers_config.obj (.text:Board_initHook)
                  00000b58    00000198     drivers_cc13x2.a : PowerCC26X2.oem4f (.text:Power_sleep)
                  00000cf0    00000190                      : PowerCC26X2_calibrateRCOSC.oem4f (.text:calibrateRcoscHf1)
                  00000e80    0000018c                      : PowerCC26X2_calibrateRCOSC.oem4f (.text:runCalibrateFsm)
                  0000100c    00000188     release_pem4f.oem4f (.text:xdc_runtime_System_printfExtend__I)
                  00001194    00000008     (.tramp.xdc_runtime_System_doPrint__I.1)
                  0000119c    0000016c     drivers_cc13x2.a : PowerCC26X2.oem4f (.text:Power_init)
                  00001308    00000138                      : NVSCC26XX.oem4f (.text:NVSCC26XX_write)
                  00001440    0000012c                      : UART2CC26X2.oem4f (.text:UART2CC26X2_initHw)
                  0000156c    00000120                      : PowerCC26X2.oem4f (.text:configureXOSCHF)
                  0000168c    00000110     rtsv7M4_T_le_v4SPD16_eabi.lib : fopen.c.obj (.text:_openfile)
                  0000179c    000000fc                                   : fd_mul_t2.asm.obj (.text)
                  00001898    000000f8                                   : fread.c.obj (.text:fread)
                  00001990    000000f0     driverlib.lib : sys_ctrl.obj (.text:NOROM_SysCtrlStandby)
                  00001a80    000000ec     rom_sysbios.aem4f : rom_sysbios.obj (.text:pthread_create)
                  00001b6c    00000008     (.tramp.ti_sysbios_knl_Task_Params__init__S.1)
                  00001b74    00000008     (.tramp.xdc_runtime_Memory_alloc__E.1)
                  00001b7c    00000008     (.tramp.ti_sysbios_knl_Queue_construct.1)
                  00001b84    00000008     (.tramp.ti_sysbios_knl_Semaphore_Params__init__S.1)
                  00001b8c    00000008     (.tramp.ti_sysbios_knl_Semaphore_construct.1)
                  00001b94    00000008     (.tramp.ti_sysbios_knl_Task_create.1)
                  00001b9c    000000e8     drivers_cc13x2.a : GPIOCC26XX.oem4f (.text:GPIO_init)
                  00001c84    000000e8                      : UART2CC26X2.oem4f (.text:UART2Support_dmaStartRx)
                  00001d6c    000000dc     rtsv7M4_T_le_v4SPD16_eabi.lib : setvbuf.c.obj (.text:setvbuf)
                  00001e48    000000c8     dpl_cc13x2.a : PowerCC26X2_tirtos.oem4f (.text:PowerCC26XX_standbyPolicy)
                  00001f10    00000008     (.tramp.ti_sysbios_knl_Clock_setTimeout__E.1)
                  00001f18    00000008     (.tramp.ti_sysbios_knl_Clock_start__E.1)
                  00001f20    00000008     (.tramp.ti_sysbios_knl_Clock_stop__E.1)
                  00001f28    000000c0     drivers_cc13x2.a : PowerCC26X2.oem4f (.text:Power_releaseDependency)
                  00001fe8    00000018                      : GPIOCC26XX.oem4f (.text:GPIO_disableInt)

.text.2    0    00052000    00003414     
                  00052000    000000bc     driverlib.lib : setup.obj (.text:NOROM_SetupTrimDevice)
                  000520bc    000000bc     rtsv7M4_T_le_v4SPD16_eabi.lib : open.c.obj (.text:open)
                  00052178    000000b8     drivers_cc13x2.a : PowerCC26X2.oem4f (.text:Power_setDependency)
                  00052230    000000b0     driverlib.lib : setup.obj (.text:TrimAfterColdResetWakeupFromShutDown)
                  000522e0    000000ac     drivers_cc13x2.a : UART2CC26X2.oem4f (.text:UART2Support_dmaStartTx)
                  0005238c    000000a0                      : UART2CC26X2.oem4f (.text:UART2_close)
                  0005242c    000000a0     auto_init.aem4f : auto_init.oem4f (.text)
                  000524cc    000000a0     rom_sysbios.aem4f : rom_sysbios.obj (.text:ti_sysbios_knl_Task_setPri__E)
                  0005256c    0000009c     rtsv7M4_T_le_v4SPD16_eabi.lib : _bufread.c.obj (.text:__TI_buff_read)
                  00052608    0000009c                                   : fopen.c.obj (.text:fopen)
                  000526a4    0000009c                                   : memcpy_t2.asm.obj (.text)
                  00052740    00000096                                   : ull_div_t2.asm.obj (.text)
                  000527d6    00000002     display_cc13x2.a : DisplayUart2.oem4f (.text:DisplayUart2Min_clear)
                  000527d8    00000088     driverlib.lib : osc.obj (.text:NOROM_OSCHF_AttemptToSwitchToXosc)
                  00052860    00000088     rom_sysbios.aem4f : rom_sysbios.obj (.text:_pthread_removeThreadKeys)
                  000528e8    00000088     drivers_cc13x2.a : PowerCC26X2_calibrateRCOSC.oem4f (.text:calibrateRcoscHf2)
                  00052970    00000088                      : PowerCC26X2.oem4f (.text:disableLFClockQualifiers)
                  000529f8    00000088                      : PowerCC26X2_calibrateRCOSC.oem4f (.text:updateSubSecInc)
                  00052a80    00000086     rtsv7M4_T_le_v4SPD16_eabi.lib : fd_cmp_t2.asm.obj (.text:__aeabi_cdcmple)
                  00052b06    00000086                                   : fd_cmp_t2.asm.obj (.text:__aeabi_cdrcmple)
                  00052b8c    00000084     rom_sysbios.aem4f : rom_sysbios.obj (.text:ti_sysbios_family_arm_m3_Hwi_excHandlerMin__I)
                  00052c10    00000080     driverlib.lib : sys_ctrl.obj (.text:NOROM_SysCtrlSetRechargeBeforePowerDown)
                  00052c90    00000080     drivers_cc13x2.a : NVSCC26XX.oem4f (.text:NVSCC26XX_open)
                  00052d10    00000080     rom_sysbios.aem4f : rom_sysbios.obj (.text:ti_sysbios_family_arm_cc26xx_Timer_start__E)
                  00052d90    0000007a     rtsv7M4_T_le_v4SPD16_eabi.lib : memset_t2.asm.obj (.text)
                  00052e0a    00000076     drivers_cc13x2.a : UART2CC26X2.oem4f (.text:UART2CC26X2_readCallback)
                  00052e80    00000076     rom_sysbios.aem4f : rom_sysbios.obj (.text:ti_sysbios_heaps_HeapMem_allocUnprotected__E)
                  00052ef6    00000002     display_cc13x2.a : DisplayUart2.oem4f (.text:DisplayUart2Min_clearLines)
                  00052ef8    00000074     drivers_cc13x2.a : PowerCC26X2_calibrateRCOSC.oem4f (.text:PowerCC26X2_auxISR)
                  00052f6c    00000074     rtsv7M4_T_le_v4SPD16_eabi.lib : fclose.c.obj (.text:__TI_closefile)
                  00052fe0    0000006d     rom_sysbios.aem4f : rom_sysbios.obj (.text:xdc_runtime_System_formatNum__I)
                  0005304d    00000001     --HOLE-- [fill = 0]
                  0005304e    00000002     display_cc13x2.a : DisplayUart2.oem4f (.text:DisplayUart2Min_init)
                  00053050    0000006c     drivers_cc13x2.a : GPIOCC26XX.oem4f (.text:GPIO_setConfig)
                  000530bc    0000006c     rtsv7M4_T_le_v4SPD16_eabi.lib : hostrename.c.obj (.text:HOSTrename)
                  00053128    0000006c     drivers_cc13x2.a : UART2CC26X2.oem4f (.text:UART2Support_dmaStopTx)
                  00053194    00000068     rtsv7M4_T_le_v4SPD16_eabi.lib : hostlseek.c.obj (.text:HOSTlseek)
                  000531fc    00000068     driverlib.lib : osc.obj (.text:NOROM_OSCHF_SwitchToRcOscTurnOffXosc)
                  00053264    00000068     rtsv7M4_T_le_v4SPD16_eabi.lib : copy_decompress_lzss.c.obj (.text:decompress:lzss:__TI_decompress_lzss)
                  000532cc    00000064     drivers_cc13x2.a : UART2CC26X2.oem4f (.text:UART2Support_dmaStopRx)
                  00053330    00000064     rtsv7M4_T_le_v4SPD16_eabi.lib : fseek.c.obj (.text:fseek)
                  00053394    00000064                                   : ftell.c.obj (.text:ftell)
                  000533f8    00000060                                   : hostopen.c.obj (.text:HOSTopen)
                  00053458    00000060     main_tirtos.obj (.text:main)
                  000534b8    0000005c     display_cc13x2.a : Display.oem4f (.text:Display_doOpen)
                  00053514    0000005c     drivers_cc13x2.a : UART2.oem4f (.text:UART2_readCancel)
                  00053570    0000005c     rtsv7M4_T_le_v4SPD16_eabi.lib : close.c.obj (.text:close)
                  000535cc    0000005c     drivers_cc13x2.a : NVSCC26XX.oem4f (.text:doErase)
                  00053628    0000005c     rom_sysbios.aem4f : rom_sysbios.obj (.text:ti_sysbios_heaps_HeapMem_initPrimary__I)
                  00053684    0000005c     release_pem4f.oem4f (.text:xdc_runtime_Startup_getState__I)
                  000536e0    0000005a     drivers_cc13x2.a : UART2.oem4f (.text:UART2_writeCancel)
                  0005373a    00000002                      : UART2CC26X2.oem4f (.text:UART2CC26X2_eventCallback)
                  0005373c    00000058     rtsv7M4_T_le_v4SPD16_eabi.lib : hostread.c.obj (.text:HOSTread)
                  00053794    00000058                                   : hostwrite.c.obj (.text:HOSTwrite)
                  000537ec    00000058     drivers_cc13x2.a : PowerCC26X2_calibrateRCOSC.oem4f (.text:PowerCC26X2_initiateCalibration)
                  00053844    00000058     boot.aem4f : boot.oem4f (.text)
                  0005389c    00000058     rom_sysbios.aem4f : rom_sysbios.obj (.text:pthread_exit)
                  000538f4    00000058                       : rom_sysbios.obj (.text:ti_sysbios_heaps_HeapMem_alloc__E)
                  0005394c    00000056     ti_drivers_config.obj (.text:Board_sendExtFlashByte)
                  000539a2    00000002     rtsv7M4_T_le_v4SPD16_eabi.lib : _lock.c.obj (.text:_nop)
                  000539a4    00000054     ti_drivers_config.obj (.text:Board_shutDownExtFlash)
                  000539f8    00000054     driverlib.lib : prcm.obj (.text:NOROM_PRCMPowerDomainsAllOff)
                  00053a4c    00000054     drivers_cc13x2.a : NVSCC26XX.oem4f (.text:NVSCC26XX_init)
                  00053aa0    00000050                      : GPIOCC26XX.oem4f (.text:GPIO_hwiIntFxn)
                  00053af0    0000004c     driverlib.lib : prcm.obj (.text:NOROM_PRCMPowerDomainsAllOn)
                  00053b3c    0000004c     drivers_cc13x2.a : UDMACC26XX.oem4f (.text:UDMACC26XX_open)
                  00053b88    0000004c     rtsv7M4_T_le_v4SPD16_eabi.lib : fflush.c.obj (.text:__TI_doflush)
                  00053bd4    0000004c                                   : cpy_tbl.c.obj (.text:copy_in)
                  00053c20    0000004a                                   : _io_perm.c.obj (.text:__TI_rd_ok)
                  00053c6a    00000048     display_cc13x2.a : DisplayUart2.oem4f (.text:DisplayUart2Min_vprintf)
                  00053cb2    00000002     drivers_cc13x2.a : PowerCC26X2.oem4f (.text:emptyClockFunc)
                  00053cb4    00000048                      : NVS.oem4f (.text:NVS_open)
                  00053cfc    00000048                      : PowerCC26X2_calibrateRCOSC.oem4f (.text:PowerCC26X2_RCOSC_clockFunc)
                  00053d44    00000048                      : NVSCC26XX.oem4f (.text:disableFlashCache)
                  00053d8c    00000048                      : PowerCC26X2.oem4f (.text:switchXOSCHF)
                  00053dd4    00000046                      : RingBuf.oem4f (.text:RingBuf_put)
                  00053e1a    00000002     rtsv7M4_T_le_v4SPD16_eabi.lib : div0.asm.obj (.text)
                  00053e1c    00000044                                   : hostclose.c.obj (.text:HOSTclose)
                  00053e60    00000044                                   : hostunlink.c.obj (.text:HOSTunlink)
                  00053ea4    00000044     driverlib.lib : chipinfo.obj (.text:NOROM_ChipInfo_GetHwRevision)
                  00053ee8    00000044     drivers_cc13x2.a : NVSCC26XX.oem4f (.text:NVSCC26XX_read)
                  00053f2c    00000044                      : UART2CC26X2.oem4f (.text:UART2CC26X2_initIO)
                  00053f70    00000044     rtsv7M4_T_le_v4SPD16_eabi.lib : getdevice.c.obj (.text:getdevice)
                  00053fb4    00000044                                   : fd_tou_t2.asm.obj (.text)
                  00053ff8    00000040     dpl_cc13x2.a : ClockP_tirtos.oem4f (.text:ClockP_construct)
                  00054038    00000008     (.tramp.ti_sysbios_knl_Clock_Params__init__S.1)
                  00054040    00000008     (.tramp.ti_sysbios_knl_Clock_construct.1)
                  00054048    00000040     driverlib.lib : osc.obj (.text:NOROM_OSC_HPOSCRelativeFrequencyOffsetGet)
                  00054088    00000040     rtsv7M4_T_le_v4SPD16_eabi.lib : u_divt2.asm.obj (.text)
                  000540c8    00000040     rom_sysbios.aem4f : rom_sysbios.obj (.text:ti_sysbios_family_arm_cc26xx_Timer_setThreshold__I)
                  00054108    0000003e     display_cc13x2.a : DisplayUart2.oem4f (.text:DisplayUart2Min_open)
                  00054146    0000003e     dpl_cc13x2.a : HwiP_tirtos.oem4f (.text:HwiP_construct)
                  00054184    00000008     (.tramp.ti_sysbios_family_arm_m3_Hwi_Params__init__S.1)
                  0005418c    0000003e     drivers_cc13x2.a : RingBuf.oem4f (.text:RingBuf_putAdvance)
                  000541ca    00000002     release_pem4f.oem4f (.text:ti_sysbios_BIOS_nullFunc__I)
                  000541cc    0000003c     driverlib.lib : osc.obj (.text:InternCapArrayAdjustWithBaseline7001F)
                  00054208    0000003c     drivers_cc13x2.a : UART2CC26X2.oem4f (.text:UART2CC26X2_finalizeIO)
                  00054244    0000003c                      : NVSCC26XX.oem4f (.text:checkEraseRange)
                  00054280    0000003c     rom_sysbios.aem4f : rom_sysbios.obj (.text:ti_sysbios_family_arm_m3_Hwi_construct2__E)
                  000542bc    00000008     (.tramp.ti_sysbios_family_arm_m3_Hwi_construct.1)
                  000542c4    00000038     drivers_cc13x2.a : UART2CC26X2.oem4f (.text:UART2Support_sendData)
                  000542fc    00000038     rtsv7M4_T_le_v4SPD16_eabi.lib : trgmsg.c.obj (.text:__TI_writemsg)
                  00054334    00000038     drivers_cc13x2.a : PowerCC26X2.oem4f (.text:notify)
                  0005436c    00000038     rtsv7M4_T_le_v4SPD16_eabi.lib : fs_tod_t2.asm.obj (.text)
                  000543a4    00000036     drivers_cc13x2.a : UART2.oem4f (.text:UART2_rxDisable)
                  000543da    00000036                      : UDMACC26XX.oem4f (.text:UDMACC26XX_close)
                  00054410    00000036     rtsv7M4_T_le_v4SPD16_eabi.lib : strncpy.c.obj (.text:strncpy)
                  00054446    00000002     rom_sysbios.aem4f : rom_sysbios.obj (.text:xdc_runtime_SysCallback_defaultAbort)
                  00054448    00000034     driverlib.lib : aux_sysif.obj (.text:NOROM_AUXSYSIFOpModeChange)
                  0005447c    00000034                   : sys_ctrl.obj (.text:NOROM_SysCtrlIdle)
                  000544b0    00000034     drivers_cc13x2.a : RingBuf.oem4f (.text:RingBuf_getConsume)
                  000544e4    00000034                      : RingBuf.oem4f (.text:RingBuf_putPointer)
                  00054518    00000034     rtsv7M4_T_le_v4SPD16_eabi.lib : fopen.c.obj (.text:__TI_cleanup)
                  0005454c    00000034                                   : trgmsg.c.obj (.text:__TI_readmsg)
                  00054580    00000032     rom_sysbios.aem4f : rom_sysbios.obj (.text:ti_sysbios_family_arm_cc26xx_Timer_setNextTick__E)
                  000545b2    00000002                       : rom_sysbios.obj (.text:xdc_runtime_SysCallback_defaultExit)
                  000545b4    00000030     ti_drivers_config.obj (.text:Board_wakeUpExtFlash)
                  000545e4    00000030     drivers_cc13x2.a : NVSCC26XX.oem4f (.text:NVSCC26XX_erase)
                  00054614    00000030                      : PowerCC26X2.oem4f (.text:Power_releaseConstraint)
                  00054644    00000030                      : PowerCC26X2.oem4f (.text:Power_setConstraint)
                  00054674    00000030     driverlib.lib : osc.obj (.text:SpecialCapArrayWorkaroundEnabledAndNeeded)
                  000546a4    00000030     rtsv7M4_T_le_v4SPD16_eabi.lib : getdevice.c.obj (.text:finddevice)
                  000546d4    00000030     release_pem4f.oem4f (.text:ti_sysbios_BIOS_atExitFunc__I)
                  00054704    00000008     (.tramp.ti_sysbios_knl_Swi_disable__E.1)
                  0005470c    00000030     release_pem4f.oem4f (.text:ti_sysbios_BIOS_startFunc__I)
                  0005473c    00000008     (.tramp.xdc_runtime_Startup_rtsDone__E.1)
                  00054744    00000008     (.tramp.ti_sysbios_BIOS_linkedWithIncorrectBootLibrary__E.1)
                  0005474c    00000008     (.tramp.xdc_runtime_System_atexit__E.1)
                  00054754    00000008     (.tramp.ti_sysbios_family_arm_cc26xx_Timer_startup__E.1)
                  0005475c    00000008     (.tramp.ti_sysbios_hal_Hwi_startup__E.1)
                  00054764    00000008     (.tramp.ti_sysbios_knl_Swi_startup__E.1)
                  0005476c    00000008     (.tramp.ti_sysbios_knl_Task_startup__E.1)
                  00054774    00000030     rom_sysbios.aem4f : rom_sysbios.obj (.text:ti_sysbios_family_arm_cc26xx_Timer_getCurrentTick__E)
                  000547a4    00000030                       : rom_sysbios.obj (.text:ti_sysbios_family_arm_cc26xx_Timer_initDevice__I)
                  000547d4    00000030     release_pem4f.oem4f (.text:ti_sysbios_rts_MemAlloc_alloc)
                  00054804    0000002c     drivers_cc13x2.a : GPIO.oem4f (.text:GPIO_resetConfig)
                  00054830    0000002c                      : NVS.oem4f (.text:NVS_init)
                  0005485c    0000002c     dpl_cc13x2.a : SemaphoreP_tirtos.oem4f (.text:SemaphoreP_constructBinary)
                  00054888    0000002c                  : SemaphoreP_tirtos.oem4f (.text:SemaphoreP_createBinary)
                  000548b4    00000008     (.tramp.ti_sysbios_knl_Semaphore_create.1)
                  000548bc    0000002c     rom_sysbios.aem4f : rom_sysbios.obj (.text:_pthread_delete$45)
                  000548e8    00000008     (.tramp.ti_sysbios_knl_Semaphore_destruct.1)
                  000548f0    00000008     (.tramp.ti_sysbios_knl_Task_delete.1)
                  000548f8    0000002c     rtsv7M4_T_le_v4SPD16_eabi.lib : fclose.c.obj (.text:fclose)
                  00054924    0000002c     rom_sysbios.aem4f : rom_sysbios.obj (.text:pthread_setcancelstate)
                  00054950    0000002c                       : rom_sysbios.obj (.text:ti_sysbios_knl_Clock_getTicksUntilInterrupt__E)
                  0005497c    00000008     (.tramp.ti_sysbios_knl_Clock_TimerProxy_getCurrentTick__E.1)
                  00054984    0000002c     rtsv7M4_T_le_v4SPD16_eabi.lib : unlink.c.obj (.text:unlink)
                  000549b0    0000002a     display_cc13x2.a : Display.oem4f (.text:Display_doPrintf)
                  000549da    0000002a     drivers_cc13x2.a : RingBuf.oem4f (.text:RingBuf_getPointer)
                  00054a04    00000028     display_cc13x2.a : Display.oem4f (.text:Display_doInit)
                  00054a2c    00000028     drivers_cc13x2.a : GPIOCC26XX.oem4f (.text:GPIO_setMux)
                  00054a54    00000028                      : PowerCC26X2.oem4f (.text:Power_registerNotify)
                  00054a7c    00000028     rtsv7M4_T_le_v4SPD16_eabi.lib : lseek.c.obj (.text:lseek)
                  00054aa4    00000028     drivers_cc13x2.a : PowerCC26X2.oem4f (.text:oscillatorISR)
                  00054acc    00000028     rtsv7M4_T_le_v4SPD16_eabi.lib : read.c.obj (.text:read)
                  00054af4    00000028     drivers_cc13x2.a : NVSCC26XX.oem4f (.text:restoreFlashCache)
                  00054b1c    00000028     rtsv7M4_T_le_v4SPD16_eabi.lib : write.c.obj (.text:write)
                  00054b44    00000026     drivers_cc13x2.a : List.oem4f (.text:List_put)
                  00054b6a    00000026                      : List.oem4f (.text:List_remove)
                  00054b90    00000024     driverlib.lib : osc.obj (.text:NOROM_OSCHF_TurnOnXosc)
                  00054bb4    00000024                   : osc.obj (.text:NOROM_OSC_CapArrayAdjustWorkaround_Boot)
                  00054bd8    00000024     rom_sysbios.aem4f : rom_sysbios.obj (.text:_pthread_cleanupFxn)
                  00054bfc    00000024     drivers_cc13x2.a : PowerCC26X2_calibrateRCOSC.oem4f (.text:getTdcSemaphore)
                  00054c20    00000024     rom_sysbios.aem4f : rom_sysbios.obj (.text:pthread_attr_init)
                  00054c44    00000024     release_pem4f.oem4f (.text:ti_sysbios_BIOS_registerRTSLock__I)
                  00054c68    00000024     release_pem4f.oem4f (.text:ti_sysbios_BIOS_removeRTSLock__I)
                  00054c8c    00000024     rom_sysbios.aem4f : rom_sysbios.obj (.text:ti_sysbios_family_arm_cc26xx_Timer_getMaxTicks__E)
                  00054cb0    00000020     drivers_cc13x2.a : PowerCC26X2.oem4f (.text:Power_unregisterNotify)
                  00054cd0    00000020     rtsv7M4_T_le_v4SPD16_eabi.lib : u_tofd_t2.asm.obj (.text)
                  00054cf0    00000020     release_pem4f.oem4f (.text:ti_sysbios_BIOS_rtsLock__I)
                  00054d10    00000008     (.tramp.ti_sysbios_BIOS_RtsGateProxy_enter__E.1)
                  00054d18    00000020     rom_sysbios.aem4f : rom_sysbios.obj (.text:ti_sysbios_family_arm_cc26xx_Timer_dynamicStub__E)
                  00054d38    00000020                       : rom_sysbios.obj (.text:xdc_runtime_Error_policyMin__E)
                  00054d58    0000001e     drivers_cc13x2.a : PowerCC26X2.oem4f (.text:Power_getTransitionLatency)
                  00054d76    0000001e                      : UART2CC26X2.oem4f (.text:UART2Support_disableRx)
                  00054d94    0000001c     driverlib.lib : chipinfo.obj (.text:NOROM_ChipInfo_GetChipFamily)
                  00054db0    0000001c                   : flash.obj (.text:NOROM_FlashProgram)
                  00054dcc    0000001c                   : flash.obj (.text:NOROM_FlashSectorErase)
                  00054de8    0000001c     drivers_cc13x2.a : NVSCC26XX.oem4f (.text:NVSCC26XX_getAttrs)
                  00054e04    0000001c                      : NVSCC26XX.oem4f (.text:NVSCC26XX_lock)
                  00054e20    0000001c     dpl_cc13x2.a : PowerCC26X2_tirtos.oem4f (.text:PowerCC26XX_schedulerDisable)
                  00054e3c    0000001c                  : PowerCC26X2_tirtos.oem4f (.text:PowerCC26XX_schedulerRestore)
                  00054e58    00000008     (.tramp.ti_sysbios_knl_Swi_restore__E.1)
                  00054e60    0000001c     drivers_cc13x2.a : UDMACC26XX.oem4f (.text:UDMACC26XX_initHw)
                  00054e7c    0000001c     release_pem4f.oem4f (.text:xdc_runtime_Startup_exec__I)
                  00054e98    0000001a     drivers_cc13x2.a : PowerCC26X2.oem4f (.text:PowerCC26XX_calibrate)
                  00054eb2    0000001a     release_pem4f.oem4f (.text:free)
                  00054ecc    00000018     drivers_cc13x2.a : GPIO.oem4f (.text:GPIO_setCallback)
                  00054ee4    00000018                      : PowerCC26X2.oem4f (.text:Power_idleFunc)
                  00054efc    00000018                      : UART2.oem4f (.text:UART2_Params_init)
                  00054f14    00000018     rtsv7M4_T_le_v4SPD16_eabi.lib : args_main.c.obj (.text:_args_main)
                  00054f2c    00000018                                   : ll_mul_t2.asm.obj (.text)
                  00054f44    00000018                                   : strcmp.c.obj (.text:strcmp)
                  00054f5c    00000018     drivers_cc13x2.a : PowerCC26X2.oem4f (.text:switchToTCXO)
                  00054f74    00000018     release_pem4f.oem4f (.text:ti_sysbios_BIOS_rtsUnlock__I)
                  00054f8c    00000008     (.tramp.ti_sysbios_BIOS_RtsGateProxy_leave__E.1)
                  00054f94    00000018     rom_sysbios.aem4f : rom_sysbios.obj (.text:ti_sysbios_rts_ti_ReentSupport_getReent__F)
                  00054fac    00000008     (.tramp.ti_sysbios_BIOS_getThreadType__E.1)
                  00054fb4    00000018                       : rom_sysbios.obj (.text:xdc_runtime_Error_init__E)
                  00054fcc    00000016     display_cc13x2.a : DisplayUart2.oem4f (.text:DisplayUart2Min_close)
                  00054fe2    00000016     driverlib.lib : chipinfo.obj (.text:NOROM_ThisLibraryIsFor_CC13x2_CC26x2_HwRev20AndLater_HaltIfViolated)
                  00054ff8    00000016     rom_sysbios.aem4f : rom_sysbios.obj (.text:_pthread_cleanup_pop)
                  0005500e    00000016     rtsv7M4_T_le_v4SPD16_eabi.lib : strchr.c.obj (.text:strchr)
                  00055024    00000016     release_pem4f.oem4f (.text:ti_sysbios_BIOS_exitFunc__I)
                  0005503a    00000014     ti_drivers_config.obj (.text:Board_init)
                  0005504e    00000014     dpl_cc13x2.a : HwiP_tirtos.oem4f (.text:HwiP_interruptsEnabled)
                  00055062    00000002     rom_sysbios.aem4f : rom_sysbios.obj (.text:xdc_runtime_SysCallback_defaultFlush)
                  00055064    00000008     (.tramp.ti_sysbios_family_arm_m3_Hwi_disableFxn__E.1)
                  0005506c    00000014     drivers_cc13x2.a : PowerCC26X2_calibrateRCOSC.oem4f (.text:PowerCC26X2_calibrate)
                  00055080    00000014     rom_sysbios.aem4f : rom_sysbios.obj (.text:pthread_attr_setschedparam)
                  00055094    00000014     rtsv7M4_T_le_v4SPD16_eabi.lib : strcpy.c.obj (.text:strcpy)
                  000550a8    00000014     rom_sysbios.aem4f : rom_sysbios.obj (.text:ti_sysbios_family_arm_cc26xx_Timer_getCount64__E)
                  000550bc    00000014     release_pem4f.oem4f (.text:ti_sysbios_knl_Clock_doTick__I)
                  000550d0    00000008     (.tramp.ti_sysbios_knl_Clock_logTick__E.1)
                  000550d8    00000008     (.tramp.ti_sysbios_knl_Swi_post__E.1)
                  000550e0    00000012     drivers_cc13x2.a : RingBuf.oem4f (.text:RingBuf_construct)
                  000550f2    00000012     dpl_cc13x2.a : SemaphoreP_tirtos.oem4f (.text:SemaphoreP_pend)
                  00055104    00000012     drivers_cc13x2.a : UART2CC26X2.oem4f (.text:UART2CC26X2_writeTimeout)
                  00055116    00000012     rom_sysbios.aem4f : rom_sysbios.obj (.text:_pthread_runStub$45)
                  00055128    00000010     drivers_cc13x2.a : GPIO.oem4f (.text:GPIO_setUserArg)
                  00055138    00000010                      : GPIOCC26XX.oem4f (.text:GPIO_write)
                  00055148    00000010     dpl_cc13x2.a : HwiP_tirtos.oem4f (.text:HwiP_Params_init)
                  00055158    00000010     drivers_cc13x2.a : UART2CC26X2.oem4f (.text:UART2CC26X2_postNotifyFxn)
                  00055168    00000010                      : UART2CC26X2.oem4f (.text:UART2CC26X2_readTimeout)
                  00055178    00000010                      : UART2CC26X2.oem4f (.text:UART2Support_rxStatus2ErrorCode)
                  00055188    00000010                      : UART2CC26X2.oem4f (.text:UART2Support_txDone)
                  00055198    0000000e                      : NVS.oem4f (.text:NVS_write)
                  000551a6    0000000e                      : UART2.oem4f (.text:UART2_write)
                  000551b4    0000000e     rtsv7M4_T_le_v4SPD16_eabi.lib : copy_decompress_none.c.obj (.text:decompress:none:__TI_decompress_none)
                  000551c2    0000000e     rom_sysbios.aem4f : rom_sysbios.obj (.text:pthread_attr_setdetachstate)
                  000551d0    0000000e                       : rom_sysbios.obj (.text:ti_sysbios_family_arm_cc26xx_TimestampProvider_get32__E)
                  000551de    00000002                       : rom_sysbios.obj (.text:xdc_runtime_SysCallback_defaultPutch)
                  000551e0    0000000c     dpl_cc13x2.a : ClockP_tirtos.oem4f (.text:ClockP_getSystemTickPeriod)
                  000551ec    0000000c     driverlib.lib : cpu.obj (.text:NOROM_CPUcpsid)
                  000551f8    0000000c                   : cpu.obj (.text:NOROM_CPUcpsie)
                  00055204    0000000c     drivers_cc13x2.a : NVSCC26XX.oem4f (.text:NVSCC26XX_unlock)
                  00055210    0000000c                      : PowerCC26X2.oem4f (.text:Power_getConstraintMask)
                  0005521c    0000000c                      : PowerCC26X2.oem4f (.text:Power_getDependencyCount)
                  00055228    0000000c     dpl_cc13x2.a : SemaphoreP_tirtos.oem4f (.text:SemaphoreP_delete)
                  00055234    00000008     (.tramp.ti_sysbios_knl_Semaphore_delete.1)
                  0005523c    0000000c     drivers_cc13x2.a : UART2CC26X2.oem4f (.text:UART2Support_disableTx)
                  00055248    0000000c                      : UART2CC26X2.oem4f (.text:UART2Support_enableTx)
                  00055254    0000000c     rtsv7M4_T_le_v4SPD16_eabi.lib : _lock.c.obj (.text:_register_lock)
                  00055260    0000000c                                   : _lock.c.obj (.text:_register_unlock)
                  0005526c    0000000c                                   : copy_zero_init.c.obj (.text:decompress:ZI:__TI_zero_init)
                  00055278    0000000c     rom_sysbios.aem4f : rom_sysbios.obj (.text:pthread_self)
                  00055284    00000008     (.tramp.ti_sysbios_knl_Task_self__E.1)
                  0005528c    0000000c                       : rom_sysbios.obj (.text:ti_sysbios_knl_Queue_insert__E)
                  00055298    0000000a     dpl_cc13x2.a : ClockP_tirtos.oem4f (.text:ClockP_Params_init)
                  000552a2    0000000a     drivers_cc13x2.a : NVS.oem4f (.text:NVS_getAttrs)
                  000552ac    0000000a                      : NVS.oem4f (.text:NVS_read)
                  000552b6    0000000a                      : UDMACC26XX.oem4f (.text:UDMACC26XX_hwiIntFxn)
                  000552c0    0000000a     release_pem4f.oem4f (.text:ti_sysbios_rts_ti_ReentSupport_getTlsAddr__I)
                  000552ca    00000008     drivers_cc13x2.a : NVSCC26XX.oem4f (.text:NVSCC26XX_close)
                  000552d2    00000008     release_pem4f.oem4f (.text:xdc_runtime_Text_visitRope__I)
                  000552da    00000006     display_cc13x2.a : DisplayUart2.oem4f (.text:DisplayUart2Min_control)
                  000552e0    00000006                      : DisplayUart2.oem4f (.text:DisplayUart2Min_getType)
                  000552e6    00000006     driverlib.lib : cpu.obj (.text:NOROM_CPUdelay)
                  000552ec    00000006     drivers_cc13x2.a : NVSCC26XX.oem4f (.text:NVSCC26XX_control)
                  000552f2    00000006                      : NVS.oem4f (.text:NVS_Params_init)
                  000552f8    00000006                      : UART2CC26X2.oem4f (.text:UART2Support_powerRelConstraint)
                  000552fe    00000006                      : PowerCC26X2.oem4f (.text:delayUs)
                  00055304    00000006     rom_sysbios.aem4f : rom_sysbios.obj (.text:pthread_attr_setstacksize)
                  0005530a    00000004     dpl_cc13x2.a : PowerCC26X2_tirtos.oem4f (.text:CPUwfi)
                  0005530e    00000004                  : ClockP_tirtos.oem4f (.text:ClockP_destruct)
                  00055312    00000002     --HOLE-- [fill = 0]
                  00055314    00000008     (.tramp.ti_sysbios_knl_Clock_destruct.1)
                  0005531c    00000004                  : ClockP_tirtos.oem4f (.text:ClockP_getCpuFreq)
                  00055320    00000008     (.tramp.ti_sysbios_BIOS_getCpuFreq__E.1)
                  00055328    00000004                  : ClockP_tirtos.oem4f (.text:ClockP_setTimeout)
                  0005532c    00000004                  : ClockP_tirtos.oem4f (.text:ClockP_start)
                  00055330    00000004                  : ClockP_tirtos.oem4f (.text:ClockP_stop)
                  00055334    00000004                  : HwiP_tirtos.oem4f (.text:HwiP_destruct)
                  00055338    00000008     (.tramp.ti_sysbios_family_arm_m3_Hwi_destruct.1)
                  00055340    00000004                  : HwiP_tirtos.oem4f (.text:HwiP_disable)
                  00055344    00000004                  : SemaphoreP_tirtos.oem4f (.text:SemaphoreP_destruct)
                  00055348    00000004                  : SemaphoreP_tirtos.oem4f (.text:SemaphoreP_post)
                  0005534c    00000004                  : SystemP_tirtos.oem4f (.text:SystemP_vsnprintf)
                  00055350    00000008     (.tramp.xdc_runtime_System_vsnprintf__E.1)
                  00055358    00000004     rom_sysbios.aem4f : rom_sysbios.obj (.text:__aeabi_errno_addr)
                  0005535c    00000004     drivers_cc13x2.a : PowerCC26X2.oem4f (.text:configureRFCoreClocks)
                  00055360    00000004                      : PowerCC26X2.oem4f (.text:nopResourceHandler)
                  00055364    00000004     rom_sysbios.aem4f : rom_sysbios.obj (.text:ti_sysbios_knl_Task_getArg1__E)
                  00055368    00000004                       : rom_sysbios.obj (.text:ti_sysbios_knl_Task_getEnv__E)
                  0005536c    00000004     release_pem4f.oem4f (.text:xdc_runtime_Startup_reset__I)
                  00055370    00000004     rom_sysbios.aem4f : rom_sysbios.obj (.text:xdc_runtime_SysCallback_defaultReady)
                  00055374    00000008     (.tramp.ti_sysbios_heaps_HeapMem_Module_GateProxy_leave__E.1)
                  0005537c    00000008     (.tramp.ti_sysbios_heaps_HeapMem_Module_GateProxy_enter__E.1)
                  00055384    00000008     (.tramp.xdc_runtime_System_exit__E.1)
                  0005538c    00000008     (.tramp.ti_sysbios_heaps_HeapMem_restore__E.1)
                  00055394    00000008     (.tramp.ti_sysbios_heaps_HeapMem_Object__get__S.1)
                  0005539c    00000008     (.tramp.ti_sysbios_BIOS_start__E.1)
                  000553a4    00000008     (.tramp.strlen.1)
                  000553ac    00000008     (.tramp.xdc_runtime_Error_raiseX__E.1)
                  000553b4    00000008     (.tramp.ti_sysbios_BIOS_setThreadType__E.1)
                  000553bc    00000008     (.tramp.ti_sysbios_family_arm_m3_Hwi_excFillContext__I.1)
                  000553c4    00000008     (.tramp.ti_sysbios_knl_Semaphore_post__E.1)
                  000553cc    00000008     (.tramp.xdc_runtime_Memory_free__E.1)
                  000553d4    00000008     (.tramp.ti_sysbios_knl_Queue_next__E.1)
                  000553dc    00000008     (.tramp.ti_sysbios_knl_Queue_head__E.1)
                  000553e4    00000008     (.tramp.ti_sysbios_knl_Semaphore_pend__E.1)
                  000553ec    00000008     (.tramp.ti_sysbios_knl_Task_restore__E.1)
                  000553f4    00000008     (.tramp.ti_sysbios_knl_Queue_enqueue__E.1)
                  000553fc    00000008     (.tramp.ti_sysbios_knl_Queue_empty__E.1)
                  00055404    00000008     (.tramp.ti_sysbios_knl_Queue_remove__E.1)
                  0005540c    00000008     (.tramp.ti_sysbios_knl_Task_disable__E.1)

.const     0    00055414    00000664     
                  00055414    000003b8     release_pem4f.oem4f (.const:ROM_constStruct)
                  000557cc    00000058     ti_drivers_config.obj (.const:uart2CC26X2HWAttrs)
                  00055824    00000054     drivers_cc13x2.a : PowerCC26X2.oem4f (.const:resourceDB)
                  00055878    00000048     release_pem4f.oem4f (.const:.string)
                  000558c0    00000048     release_pem4f.oem4f (.const:ROM_externFuncPtrs)
                  00055908    00000028     drivers_cc13x2.a : NVSCC26XX.oem4f (.const:NVSCC26XX_fxnTable)
                  00055930    00000024                      : UART2.oem4f (.const:UART2_defaultParams)
                  00055954    00000024     release_pem4f.oem4f (.const:xdc_runtime_Startup_sfxnTab__A)
                  00055978    00000020     display_cc13x2.a : DisplayUart2.oem4f (.const:DisplayUart2Min_fxnTable)
                  00055998    00000014     ti_drivers_config.obj (.const:PowerCC26X2_config)
                  000559ac    00000014     ti_drivers_config.obj (.const:displayUart2HWAttrs)
                  000559c0    00000012     release_pem4f.oem4f (.const:xdc_runtime_Startup_sfxnRts__A)
                  000559d2    00000002     drivers_cc13x2.a : UART2CC26X2.oem4f (.const:.string:stopBits)
                  000559d4    00000010     ti_drivers_config.obj (.const:GPIO_config)
                  000559e4    0000000c     ti_drivers_config.obj (.const:Display_config)
                  000559f0    0000000c     ti_drivers_config.obj (.const:NVS_config)
                  000559fc    0000000c     release_pem4f.oem4f (.const:xdc_runtime_Startup_firstFxns__A)
                  00055a08    00000009     ti_drivers_config.obj (.const)
                  00055a11    00000001     display_cc13x2.a : Display.oem4f (.const:Display_defaultParams)
                  00055a12    00000001     release_pem4f.oem4f (.const:xdc_runtime_Text_charTab__A)
                  00055a13    00000001     --HOLE-- [fill = 0]
                  00055a14    00000008     driverlib.lib : aux_sysif.obj (.const:$O1$$)
                  00055a1c    00000008     ti_drivers_config.obj (.const:UART2_config)
                  00055a24    00000008     ti_drivers_config.obj (.const:UDMACC26XX_config)
                  00055a2c    00000008     ti_drivers_config.obj (.const:nvsCC26XXHWAttrs)
                  00055a34    00000008     release_pem4f.oem4f (.const:ti_sysbios_family_arm_m3_Hwi_excHookFuncs__A)
                  00055a3c    00000008     release_pem4f.oem4f (.const:ti_sysbios_knl_Idle_funcList__A)
                  00055a44    00000008     ti_drivers_config.obj (.const:udmaCC26XXHWAttrs)
                  00055a4c    00000005     drivers_cc13x2.a : UART2CC26X2.oem4f (.const:.string:parityType)
                  00055a51    00000005                      : UART2CC26X2.oem4f (.const:.string:rxFifoThreshold)
                  00055a56    00000005                      : UART2CC26X2.oem4f (.const:.string:txFifoThreshold)
                  00055a5b    00000004                      : UART2CC26X2.oem4f (.const:.string:dataLength)
                  00055a5f    00000001     --HOLE-- [fill = 0]
                  00055a60    00000004                      : NVS.oem4f (.const:NVS_defaultParams)
                  00055a64    00000004     release_pem4f.oem4f (.const:ti_sysbios_family_arm_m3_Hwi_E_exception__C)
                  00055a68    00000004     release_pem4f.oem4f (.const:ti_sysbios_heaps_HeapMem_primaryHeapBaseAddr__C)
                  00055a6c    00000004     release_pem4f.oem4f (.const:ti_sysbios_heaps_HeapMem_primaryHeapEndAddr__C)
                  00055a70    00000004     release_pem4f.oem4f (.const:ti_sysbios_knl_Clock_tickPeriod__C)
                  00055a74    00000004     release_pem4f.oem4f (.const:ti_sysbios_knl_Task_Object__heap__C)

MODULE SUMMARY

       Module                             code    ro data   rw data
       ------                             ----    -------   -------
    ./
       nvsinternal.obj                    788     0         252    
       main_tirtos.obj                    96      0         0      
    +--+----------------------------------+-------+---------+---------+
       Total:                             884     0         252    
                                                                   
    ./syscfg/
       ti_drivers_config.obj              240     209       329724 
       ti_devices_config.obj              0       88        0      
    +--+----------------------------------+-------+---------+---------+
       Total:                             240     297       329724 
                                                                   
    /home/pramodh/workspace_v11/tirtos_builds_cc13x2_cc26x2_release_ccs/Debug/configPkg/package/cfg/
       release_pem4f.oem4f                876     1259      1802   
    +--+----------------------------------+-------+---------+---------+
       Total:                             876     1259      1802   
                                                                   
    /home/pramodh/ti/ccs1100/ccs/tools/compiler/ti-cgt-arm_20.2.5.LTS/lib/rtsv7M4_T_le_v4SPD16_eabi.lib
       fopen.c.obj                        480     0         4      
       fd_add_t2.asm.obj                  438     0         0      
       defs.c.obj                         0       0         416    
       trgmsg.c.obj                       108     0         288    
       fd_cmp_t2.asm.obj                  268     0         0      
       fd_mul_t2.asm.obj                  252     0         0      
       fread.c.obj                        248     0         0      
       setvbuf.c.obj                      220     0         0      
       host_device.c.obj                  0       0         200    
       open.c.obj                         188     0         4      
       fclose.c.obj                       160     0         0      
       _bufread.c.obj                     156     0         0      
       memcpy_t2.asm.obj                  156     0         0      
       ull_div_t2.asm.obj                 150     0         0      
       memset_t2.asm.obj                  122     0         0      
       getdevice.c.obj                    116     0         0      
       hostrename.c.obj                   108     0         0      
       copy_decompress_lzss.c.obj         104     0         0      
       hostlseek.c.obj                    104     0         0      
       hostopen.c.obj                     96      0         8      
       fseek.c.obj                        100     0         0      
       ftell.c.obj                        100     0         0      
       close.c.obj                        92      0         0      
       hostread.c.obj                     88      0         0      
       hostwrite.c.obj                    88      0         0      
       cpy_tbl.c.obj                      76      0         0      
       fflush.c.obj                       76      0         0      
       _io_perm.c.obj                     74      0         0      
       fd_tou_t2.asm.obj                  68      0         0      
       hostclose.c.obj                    68      0         0      
       hostunlink.c.obj                   68      0         0      
       u_divt2.asm.obj                    64      0         0      
       fs_tod_t2.asm.obj                  56      0         0      
       strncpy.c.obj                      54      0         0      
       unlink.c.obj                       44      0         0      
       lseek.c.obj                        40      0         0      
       read.c.obj                         40      0         0      
       write.c.obj                        40      0         0      
       _lock.c.obj                        26      0         8      
       u_tofd_t2.asm.obj                  32      0         0      
       args_main.c.obj                    24      0         0      
       ll_mul_t2.asm.obj                  24      0         0      
       strcmp.c.obj                       24      0         0      
       strchr.c.obj                       22      0         0      
       strcpy.c.obj                       20      0         0      
       copy_decompress_none.c.obj         14      0         0      
       copy_zero_init.c.obj               12      0         0      
       exit.c.obj                         0       0         12     
       stkdepth_vars.c.obj                0       0         4      
       div0.asm.obj                       2       0         0      
    +--+----------------------------------+-------+---------+---------+
       Total:                             4910    0         944    
                                                                   
    /home/pramodh/ti/simplelink_cc13xx_cc26xx_sdk_5_30_01_01/kernel/tirtos/packages/ti/dpl/lib/ccs/m4f/dpl_cc13x2.a
       PowerCC26X2_tirtos.oem4f           260     0         8      
       SemaphoreP_tirtos.oem4f            126     0         0      
       ClockP_tirtos.oem4f                106     0         0      
       HwiP_tirtos.oem4f                  106     0         0      
       SystemP_tirtos.oem4f               4       0         0      
    +--+----------------------------------+-------+---------+---------+
       Total:                             602     0         8      
                                                                   
    /home/pramodh/ti/simplelink_cc13xx_cc26xx_sdk_5_30_01_01/kernel/tirtos/packages/ti/targets/arm/rtsarm/lib/auto_init.aem4f
       auto_init.oem4f                    160     0         0      
    +--+----------------------------------+-------+---------+---------+
       Total:                             160     0         0      
                                                                   
    /home/pramodh/ti/simplelink_cc13xx_cc26xx_sdk_5_30_01_01/kernel/tirtos/packages/ti/targets/arm/rtsarm/lib/boot.aem4f
       boot.oem4f                         88      0         0      
    +--+----------------------------------+-------+---------+---------+
       Total:                             88      0         0      
                                                                   
    /home/pramodh/ti/simplelink_cc13xx_cc26xx_sdk_5_30_01_01/source/ti/devices/cc13x2_cc26x2/driverlib/bin/ccs/driverlib.lib
       osc.obj                            484     0         36     
       sys_ctrl.obj                       420     0         0      
       setup.obj                          364     0         0      
       prcm.obj                           160     0         0      
       chipinfo.obj                       118     0         0      
       aux_sysif.obj                      52      8         0      
       flash.obj                          56      0         0      
       cpu.obj                            30      0         0      
    +--+----------------------------------+-------+---------+---------+
       Total:                             1684    8         36     
                                                                   
    /home/pramodh/ti/simplelink_cc13xx_cc26xx_sdk_5_30_01_01/source/ti/display/lib/ccs/m4f/display_cc13x2.a
       DisplayUart2.oem4f                 174     32        0      
       Display.oem4f                      174     1         0      
    +--+----------------------------------+-------+---------+---------+
       Total:                             348     33        0      
                                                                   
    /home/pramodh/ti/simplelink_cc13xx_cc26xx_sdk_5_30_01_01/source/ti/drivers/lib/ccs/m4f/drivers_cc13x2.a
       UART2CC26X2.oem4f                  2494    21        0      
       PowerCC26X2.oem4f                  2052    84        368    
       PowerCC26X2_calibrateRCOSC.oem4f   1400    0         0      
       NVSCC26XX.oem4f                    986     40        12     
       UART2.oem4f                        906     36        0      
       GPIOCC26XX.oem4f                   500     0         29     
       RingBuf.oem4f                      296     0         0      
       UDMACC26XX.oem4f                   168     0         0      
       NVS.oem4f                          156     4         1      
       GPIO.oem4f                         84      0         0      
       List.oem4f                         76      0         0      
    +--+----------------------------------+-------+---------+---------+
       Total:                             9118    185       410    
                                                                   
    /home/pramodh/workspace_v11/tirtos_builds_cc13x2_cc26x2_release_ccs/src/sysbios/rom_sysbios.aem4f
       rom_sysbios.obj                    2071    0         180    
    +--+----------------------------------+-------+---------+---------+
       Total:                             2071    0         180    
                                                                   
       Stack:                             0       0         1024   
       Linker Generated:                  480     595       0      
    +--+----------------------------------+-------+---------+---------+
       Grand Total:                       21461   2377      334380 


LINKER GENERATED COPY TABLES

__TI_cinit_table @ 00055c98 records: 7, size/record: 8, table size: 56
	.data: load addr=00055a78, load size=000001df bytes, run addr=20000e40, run size=000007fc bytes, compression=lzss
	.TI.bound:dmaUart1RxControlTableEntry: load addr=00055c68, load size=00000008 bytes, run addr=20001850, run size=00000010 bytes, compression=zero_init
	.TI.bound:dmaUart1TxControlTableEntry: load addr=00055c70, load size=00000008 bytes, run addr=20001860, run size=00000010 bytes, compression=zero_init
	.bss: load addr=00055c78, load size=00000008 bytes, run addr=20000110, run size=00000d2c bytes, compression=zero_init
	.data:xdcRomConstPtr: load addr=00055c80, load size=00000008 bytes, run addr=20000100, run size=00000004 bytes, compression=lzss
	.data:xdcRomExternFuncPtr: load addr=00055c88, load size=00000008 bytes, run addr=20000104, run size=00000004 bytes, compression=lzss
	.data:xdcRomStatePtr: load addr=00055c90, load size=00000008 bytes, run addr=20000108, run size=00000004 bytes, compression=lzss


LINKER GENERATED HANDLER TABLE

__TI_handler_table @ 00055c58 records: 3, size/record: 4, table size: 12
	index: 0, handler: __TI_decompress_lzss
	index: 1, handler: __TI_decompress_none
	index: 2, handler: __TI_zero_init


FAR CALL TRAMPOLINES

callee name               trampoline name
   callee addr  tramp addr   call addr  call info
--------------  -----------  ---------  ----------------
ti_sysbios_family_arm_m3_Hwi_restoreFxn__E  $Tramp$TT$L$PI$$ti_sysbios_family_arm_m3_Hwi_restoreFxn__E
   1002ec47     000005c8     000003d0   drivers_cc13x2.a : UART2.oem4f (.text:UART2_writeTimeout)
                             00000476                    : UART2.oem4f (.text:UART2_writeTimeout)
                             000004ac                    : UART2.oem4f (.text:UART2_writeTimeout)
                             000004fa                    : UART2.oem4f (.text:UART2_writeTimeout)
                             0000053a                    : UART2.oem4f (.text:UART2_writeTimeout)
                             000005bc                    : UART2.oem4f (.text:UART2_writeTimeout)
                             000007fe                    : UART2CC26X2.oem4f (.text:UART2_open)
                             0000080e                    : UART2CC26X2.oem4f (.text:UART2_open)
                             000013de                    : NVSCC26XX.oem4f (.text:NVSCC26XX_write)
                             000014fa                    : UART2CC26X2.oem4f (.text:UART2CC26X2_initHw)
                             00001bb6                    : GPIOCC26XX.oem4f (.text:GPIO_init)
                             00001c56                    : GPIOCC26XX.oem4f (.text:GPIO_init)
                             00001d60                    : UART2CC26X2.oem4f (.text:UART2Support_dmaStartRx)
                             00001fc8                    : PowerCC26X2.oem4f (.text:Power_releaseDependency)
                             00052212                    : PowerCC26X2.oem4f (.text:Power_setDependency)
                             0005236c                    : UART2CC26X2.oem4f (.text:UART2Support_dmaStartTx)
                             00053084                    : GPIOCC26XX.oem4f (.text:GPIO_setConfig)
                             000530aa                    : GPIOCC26XX.oem4f (.text:GPIO_setConfig)
                             00053150                    : UART2CC26X2.oem4f (.text:UART2Support_dmaStopTx)
                             000532f2                    : UART2CC26X2.oem4f (.text:UART2Support_dmaStopRx)
                             0005356a                    : UART2.oem4f (.text:UART2_readCancel)
                             00053600                    : NVSCC26XX.oem4f (.text:doErase)
                             00053734                    : UART2.oem4f (.text:UART2_writeCancel)
                             00053812                    : PowerCC26X2_calibrateRCOSC.oem4f (.text:PowerCC26X2_initiateCalibration)
                             00053a78                    : NVSCC26XX.oem4f (.text:NVSCC26XX_init)
                             00053a88                    : NVSCC26XX.oem4f (.text:NVSCC26XX_init)
                             00053b78                    : UDMACC26XX.oem4f (.text:UDMACC26XX_open)
                             00053daa                    : PowerCC26X2.oem4f (.text:switchXOSCHF)
                             00053de8                    : RingBuf.oem4f (.text:RingBuf_put)
                             00053e12                    : RingBuf.oem4f (.text:RingBuf_put)
                             000541c2                    : RingBuf.oem4f (.text:RingBuf_putAdvance)
                             000543d4                    : UART2.oem4f (.text:UART2_rxDisable)
                             0005440a                    : UDMACC26XX.oem4f (.text:UDMACC26XX_close)
                             000544dc                    : RingBuf.oem4f (.text:RingBuf_getConsume)
                             00054510                    : RingBuf.oem4f (.text:RingBuf_putPointer)
                             00054638                    : PowerCC26X2.oem4f (.text:Power_releaseConstraint)
                             00054668                    : PowerCC26X2.oem4f (.text:Power_setConstraint)
                             000549fc                    : RingBuf.oem4f (.text:RingBuf_getPointer)
                             00054a48                    : GPIOCC26XX.oem4f (.text:GPIO_setMux)
                             00054b64                    : List.oem4f (.text:List_put)
                             00054b8a                    : List.oem4f (.text:List_remove)
                             00054cc4                    : PowerCC26X2.oem4f (.text:Power_unregisterNotify)
                             00055056   dpl_cc13x2.a : HwiP_tirtos.oem4f (.text:HwiP_interruptsEnabled)
xdc_runtime_System_doPrint__I  $Tramp$TT$L$PI$$xdc_runtime_System_doPrint__I
   1002ecf1     00001194     00001056   release_pem4f.oem4f (.text:xdc_runtime_System_printfExtend__I)
ti_sysbios_knl_Task_Params__init__S  $Tramp$TT$L$PI$$ti_sysbios_knl_Task_Params__init__S
   1002ec09     00001b6c     00001a9e   rom_sysbios.aem4f : rom_sysbios.obj (.text:pthread_create)
xdc_runtime_Memory_alloc__E  $Tramp$TT$L$PI$$xdc_runtime_Memory_alloc__E
   1002f289     00001b74     00001ab2   rom_sysbios.aem4f : rom_sysbios.obj (.text:pthread_create)
                             000547f0   release_pem4f.oem4f (.text:ti_sysbios_rts_MemAlloc_alloc)
ti_sysbios_knl_Queue_construct  $Tramp$TT$L$PI$$ti_sysbios_knl_Queue_construct
   1002dee5     00001b7c     00001b0a   rom_sysbios.aem4f : rom_sysbios.obj (.text:pthread_create)
ti_sysbios_knl_Semaphore_Params__init__S  $Tramp$TT$L$PI$$ti_sysbios_knl_Semaphore_Params__init__S
   1002ebe5     00001b84     00001b16   rom_sysbios.aem4f : rom_sysbios.obj (.text:pthread_create)
                             0005486e   dpl_cc13x2.a : SemaphoreP_tirtos.oem4f (.text:SemaphoreP_constructBinary)
                             00054898                : SemaphoreP_tirtos.oem4f (.text:SemaphoreP_createBinary)
ti_sysbios_knl_Semaphore_construct  $Tramp$TT$L$PI$$ti_sysbios_knl_Semaphore_construct
   1002ddc1     00001b8c     00001b28   rom_sysbios.aem4f : rom_sysbios.obj (.text:pthread_create)
                             0005487e   dpl_cc13x2.a : SemaphoreP_tirtos.oem4f (.text:SemaphoreP_constructBinary)
ti_sysbios_knl_Task_create  $Tramp$TT$L$PI$$ti_sysbios_knl_Task_create
   1002d529     00001b94     00001b32   rom_sysbios.aem4f : rom_sysbios.obj (.text:pthread_create)
ti_sysbios_knl_Clock_setTimeout__E  $Tramp$TT$L$PI$$ti_sysbios_knl_Clock_setTimeout__E
   1002ecc3     00001f10     00001e94   dpl_cc13x2.a : PowerCC26X2_tirtos.oem4f (.text:PowerCC26XX_standbyPolicy)
                             00055328                : ClockP_tirtos.oem4f (.text:ClockP_setTimeout)
ti_sysbios_knl_Clock_start__E  $Tramp$TT$L$PI$$ti_sysbios_knl_Clock_start__E
   1002e9e7     00001f18     00001e9a   dpl_cc13x2.a : PowerCC26X2_tirtos.oem4f (.text:PowerCC26XX_standbyPolicy)
                             0005532c                : ClockP_tirtos.oem4f (.text:ClockP_start)
ti_sysbios_knl_Clock_stop__E  $Tramp$TT$L$PI$$ti_sysbios_knl_Clock_stop__E
   1002e2c5     00001f20     00001eae   dpl_cc13x2.a : PowerCC26X2_tirtos.oem4f (.text:PowerCC26XX_standbyPolicy)
                             00055330                : ClockP_tirtos.oem4f (.text:ClockP_stop)
ti_sysbios_knl_Clock_Params__init__S  $Tramp$TT$L$PI$$ti_sysbios_knl_Clock_Params__init__S
   1002eb9d     00054038     00054014   dpl_cc13x2.a : ClockP_tirtos.oem4f (.text:ClockP_construct)
ti_sysbios_knl_Clock_construct  $Tramp$TT$L$PI$$ti_sysbios_knl_Clock_construct
   1002dd8d     00054040     0005402e   dpl_cc13x2.a : ClockP_tirtos.oem4f (.text:ClockP_construct)
ti_sysbios_family_arm_m3_Hwi_Params__init__S  $Tramp$TT$L$PI$$ti_sysbios_family_arm_m3_Hwi_Params__init__S
   1002eb49     00054184     00054162   dpl_cc13x2.a : HwiP_tirtos.oem4f (.text:HwiP_construct)
ti_sysbios_family_arm_m3_Hwi_construct  $Tramp$TT$L$PI$$ti_sysbios_family_arm_m3_Hwi_construct
   1002d421     000542bc     0005429a   rom_sysbios.aem4f : rom_sysbios.obj (.text:ti_sysbios_family_arm_m3_Hwi_construct2__E)
ti_sysbios_knl_Swi_disable__E  $Tramp$TT$L$PI$$ti_sysbios_knl_Swi_disable__E
   1002ea25     00054704     000546d6   release_pem4f.oem4f (.text:ti_sysbios_BIOS_atExitFunc__I)
                             00054e2a   dpl_cc13x2.a : PowerCC26X2_tirtos.oem4f (.text:PowerCC26XX_schedulerDisable)
xdc_runtime_Startup_rtsDone__E  $Tramp$TT$L$PI$$xdc_runtime_Startup_rtsDone__E
   1002f8e5     0005473c     0005470e   release_pem4f.oem4f (.text:ti_sysbios_BIOS_startFunc__I)
ti_sysbios_BIOS_linkedWithIncorrectBootLibrary__E  $Tramp$TT$L$PI$$ti_sysbios_BIOS_linkedWithIncorrectBootLibrary__E
   1002d01b     00054744     00054716   release_pem4f.oem4f (.text:ti_sysbios_BIOS_startFunc__I)
xdc_runtime_System_atexit__E  $Tramp$TT$L$PI$$xdc_runtime_System_atexit__E
   1002f559     0005474c     0005471c   release_pem4f.oem4f (.text:ti_sysbios_BIOS_startFunc__I)
ti_sysbios_family_arm_cc26xx_Timer_startup__E  $Tramp$TT$L$PI$$ti_sysbios_family_arm_cc26xx_Timer_startup__E
   1002dcf1     00054754     00054724   release_pem4f.oem4f (.text:ti_sysbios_BIOS_startFunc__I)
ti_sysbios_hal_Hwi_startup__E  $Tramp$TT$L$PI$$ti_sysbios_hal_Hwi_startup__E
   1002ec31     0005475c     00054728   release_pem4f.oem4f (.text:ti_sysbios_BIOS_startFunc__I)
ti_sysbios_knl_Swi_startup__E  $Tramp$TT$L$PI$$ti_sysbios_knl_Swi_startup__E
   1002ec6b     00054764     0005472c   release_pem4f.oem4f (.text:ti_sysbios_BIOS_startFunc__I)
ti_sysbios_knl_Task_startup__E  $Tramp$TT$L$PI$$ti_sysbios_knl_Task_startup__E
   1002eceb     0005476c     00054730   release_pem4f.oem4f (.text:ti_sysbios_BIOS_startFunc__I)
ti_sysbios_knl_Semaphore_create  $Tramp$TT$L$PI$$ti_sysbios_knl_Semaphore_create
   1002dc49     000548b4     000548a8   dpl_cc13x2.a : SemaphoreP_tirtos.oem4f (.text:SemaphoreP_createBinary)
ti_sysbios_knl_Semaphore_destruct  $Tramp$TT$L$PI$$ti_sysbios_knl_Semaphore_destruct
   1002e6fd     000548e8     000548c4   rom_sysbios.aem4f : rom_sysbios.obj (.text:_pthread_delete$45)
                             00055344   dpl_cc13x2.a : SemaphoreP_tirtos.oem4f (.text:SemaphoreP_destruct)
ti_sysbios_knl_Task_delete  $Tramp$TT$L$PI$$ti_sysbios_knl_Task_delete
   1002ece7     000548f0     000548d0   rom_sysbios.aem4f : rom_sysbios.obj (.text:_pthread_delete$45)
ti_sysbios_knl_Clock_TimerProxy_getCurrentTick__E  $Tramp$TT$L$PI$$ti_sysbios_knl_Clock_TimerProxy_getCurrentTick__E
   1002eac5     0005497c     00054962   rom_sysbios.aem4f : rom_sysbios.obj (.text:ti_sysbios_knl_Clock_getTicksUntilInterrupt__E)
ti_sysbios_BIOS_RtsGateProxy_enter__E  $Tramp$TT$L$PI$$ti_sysbios_BIOS_RtsGateProxy_enter__E
   1002ec77     00054d10     00054cf6   release_pem4f.oem4f (.text:ti_sysbios_BIOS_rtsLock__I)
ti_sysbios_knl_Swi_restore__E  $Tramp$TT$L$PI$$ti_sysbios_knl_Swi_restore__E
   1002db61     00054e58     00054e42   dpl_cc13x2.a : PowerCC26X2_tirtos.oem4f (.text:PowerCC26XX_schedulerRestore)
ti_sysbios_BIOS_RtsGateProxy_leave__E  $Tramp$TT$L$PI$$ti_sysbios_BIOS_RtsGateProxy_leave__E
   1002ec7b     00054f8c     00054f82   release_pem4f.oem4f (.text:ti_sysbios_BIOS_rtsUnlock__I)
ti_sysbios_BIOS_getThreadType__E  $Tramp$TT$L$PI$$ti_sysbios_BIOS_getThreadType__E
   1002ea95     00054fac     00054f96   rom_sysbios.aem4f : rom_sysbios.obj (.text:ti_sysbios_rts_ti_ReentSupport_getReent__F)
ti_sysbios_family_arm_m3_Hwi_disableFxn__E  $Tramp$TT$L$PI$$ti_sysbios_family_arm_m3_Hwi_disableFxn__E
   1002eb55     00055064     00055050   dpl_cc13x2.a : HwiP_tirtos.oem4f (.text:HwiP_interruptsEnabled)
                             00055340                : HwiP_tirtos.oem4f (.text:HwiP_disable)
ti_sysbios_knl_Clock_logTick__E  $Tramp$TT$L$PI$$ti_sysbios_knl_Clock_logTick__E
   1002dbd7     000550d0     000550be   release_pem4f.oem4f (.text:ti_sysbios_knl_Clock_doTick__I)
ti_sysbios_knl_Swi_post__E  $Tramp$TT$L$PI$$ti_sysbios_knl_Swi_post__E
   1002d891     000550d8     000550c6   release_pem4f.oem4f (.text:ti_sysbios_knl_Clock_doTick__I)
ti_sysbios_knl_Semaphore_delete  $Tramp$TT$L$PI$$ti_sysbios_knl_Semaphore_delete
   1002ecdb     00055234     0005522e   dpl_cc13x2.a : SemaphoreP_tirtos.oem4f (.text:SemaphoreP_delete)
ti_sysbios_knl_Task_self__E  $Tramp$TT$L$PI$$ti_sysbios_knl_Task_self__E
   1002eaf5     00055284     0005527a   rom_sysbios.aem4f : rom_sysbios.obj (.text:pthread_self)
                             000552c2   release_pem4f.oem4f (.text:ti_sysbios_rts_ti_ReentSupport_getTlsAddr__I)
ti_sysbios_knl_Clock_destruct  $Tramp$TT$L$PI$$ti_sysbios_knl_Clock_destruct
   1002e649     00055314     0005530e   dpl_cc13x2.a : ClockP_tirtos.oem4f (.text:ClockP_destruct)
ti_sysbios_BIOS_getCpuFreq__E  $Tramp$TT$L$PI$$ti_sysbios_BIOS_getCpuFreq__E
   1002e9fd     00055320     0005531c   dpl_cc13x2.a : ClockP_tirtos.oem4f (.text:ClockP_getCpuFreq)
ti_sysbios_family_arm_m3_Hwi_destruct  $Tramp$TT$L$PI$$ti_sysbios_family_arm_m3_Hwi_destruct
   1002e475     00055338     00055334   dpl_cc13x2.a : HwiP_tirtos.oem4f (.text:HwiP_destruct)
xdc_runtime_System_vsnprintf__E  $Tramp$TT$L$PI$$xdc_runtime_System_vsnprintf__E
   1002f8b9     00055350     0005534c   dpl_cc13x2.a : SystemP_tirtos.oem4f (.text:SystemP_vsnprintf)
ti_sysbios_heaps_HeapMem_Module_GateProxy_leave__E  $Tramp$TT$L$PI$$ti_sysbios_heaps_HeapMem_Module_GateProxy_leave__E
   1002ecaf     00055374     0005391a   rom_sysbios.aem4f : rom_sysbios.obj (.text:ti_sysbios_heaps_HeapMem_alloc__E)
ti_sysbios_heaps_HeapMem_Module_GateProxy_enter__E  $Tramp$TT$L$PI$$ti_sysbios_heaps_HeapMem_Module_GateProxy_enter__E
   1002ecab     0005537c     00053904   rom_sysbios.aem4f : rom_sysbios.obj (.text:ti_sysbios_heaps_HeapMem_alloc__E)
xdc_runtime_System_exit__E  $Tramp$TT$L$PI$$xdc_runtime_System_exit__E
   1002f7b1     00055384     00053884   boot.aem4f : boot.oem4f (.text)
                             00055034   release_pem4f.oem4f (.text:ti_sysbios_BIOS_exitFunc__I)
ti_sysbios_heaps_HeapMem_restore__E  $Tramp$TT$L$PI$$ti_sysbios_heaps_HeapMem_restore__E
   1002eb13     0005538c     0005366c   rom_sysbios.aem4f : rom_sysbios.obj (.text:ti_sysbios_heaps_HeapMem_initPrimary__I)
ti_sysbios_heaps_HeapMem_Object__get__S  $Tramp$TT$L$PI$$ti_sysbios_heaps_HeapMem_Object__get__S
   1002e275     00055394     0005363c   rom_sysbios.aem4f : rom_sysbios.obj (.text:ti_sysbios_heaps_HeapMem_initPrimary__I)
ti_sysbios_BIOS_start__E  $Tramp$TT$L$PI$$ti_sysbios_BIOS_start__E
   1002eaa5     0005539c     000534a2   main_tirtos.obj (.text:main)
strlen                    $Tramp$TT$L$PI$$strlen
   1002fddb     000553a4     000530d6   rtsv7M4_T_le_v4SPD16_eabi.lib : hostrename.c.obj (.text:HOSTrename)
                             000530e8                                 : hostrename.c.obj (.text:HOSTrename)
                             00053418                                 : hostopen.c.obj (.text:HOSTopen)
                             00053c8c   display_cc13x2.a : DisplayUart2.oem4f (.text:DisplayUart2Min_vprintf)
                             00053e6c   rtsv7M4_T_le_v4SPD16_eabi.lib : hostunlink.c.obj (.text:HOSTunlink)
xdc_runtime_Error_raiseX__E  $Tramp$TT$L$PI$$xdc_runtime_Error_raiseX__E
   1002f739     000553ac     00052bee   rom_sysbios.aem4f : rom_sysbios.obj (.text:ti_sysbios_family_arm_m3_Hwi_excHandlerMin__I)
                             00053934                     : rom_sysbios.obj (.text:ti_sysbios_heaps_HeapMem_alloc__E)
ti_sysbios_BIOS_setThreadType__E  $Tramp$TT$L$PI$$ti_sysbios_BIOS_setThreadType__E
   1002ea11     000553b4     00052bae   rom_sysbios.aem4f : rom_sysbios.obj (.text:ti_sysbios_family_arm_m3_Hwi_excHandlerMin__I)
                             000546e0   release_pem4f.oem4f (.text:ti_sysbios_BIOS_atExitFunc__I)
                             0005502e   release_pem4f.oem4f (.text:ti_sysbios_BIOS_exitFunc__I)
ti_sysbios_family_arm_m3_Hwi_excFillContext__I  $Tramp$TT$L$PI$$ti_sysbios_family_arm_m3_Hwi_excFillContext__I
   1002bda9     000553bc     00052ba8   rom_sysbios.aem4f : rom_sysbios.obj (.text:ti_sysbios_family_arm_m3_Hwi_excHandlerMin__I)
ti_sysbios_knl_Semaphore_post__E  $Tramp$TT$L$PI$$ti_sysbios_knl_Semaphore_post__E
   1002cd21     000553c4     000528ce   rom_sysbios.aem4f : rom_sysbios.obj (.text:_pthread_removeThreadKeys)
                             000538cc                     : rom_sysbios.obj (.text:pthread_exit)
                             00055348   dpl_cc13x2.a : SemaphoreP_tirtos.oem4f (.text:SemaphoreP_post)
xdc_runtime_Memory_free__E  $Tramp$TT$L$PI$$xdc_runtime_Memory_free__E
   1002f81d     000553cc     000528c4   rom_sysbios.aem4f : rom_sysbios.obj (.text:_pthread_removeThreadKeys)
                             000548dc                     : rom_sysbios.obj (.text:_pthread_delete$45)
                             00054ec6   release_pem4f.oem4f (.text:free)
ti_sysbios_knl_Queue_next__E  $Tramp$TT$L$PI$$ti_sysbios_knl_Queue_next__E
   1002ecd7     000553d4     0005289e   rom_sysbios.aem4f : rom_sysbios.obj (.text:_pthread_removeThreadKeys)
ti_sysbios_knl_Queue_head__E  $Tramp$TT$L$PI$$ti_sysbios_knl_Queue_head__E
   1002ecd3     000553dc     0005288a   rom_sysbios.aem4f : rom_sysbios.obj (.text:_pthread_removeThreadKeys)
ti_sysbios_knl_Semaphore_pend__E  $Tramp$TT$L$PI$$ti_sysbios_knl_Semaphore_pend__E
   1002bfb1     000553e4     00052884   rom_sysbios.aem4f : rom_sysbios.obj (.text:_pthread_removeThreadKeys)
                             000550f4   dpl_cc13x2.a : SemaphoreP_tirtos.oem4f (.text:SemaphoreP_pend)
ti_sysbios_knl_Task_restore__E  $Tramp$TT$L$PI$$ti_sysbios_knl_Task_restore__E
[...]
1002eb79  ti_sysbios_gates_GateMutex_Params__init__S                         
1002eb79  ti_sysbios_heaps_HeapMem_Module_GateProxy_Params__init__S          
1002eb85  ti_sysbios_heaps_HeapTrack_Params__init__S                         
1002eb91  ti_sysbios_heaps_HeapTrack_isBlocking__E                           
1002eb9d  ti_sysbios_knl_Clock_Params__init__S                               
1002eba9  ti_sysbios_knl_Clock_getTimerHandle__E                             
1002ebb5  ti_sysbios_knl_Event_Params__init__S                               
1002ebc1  ti_sysbios_knl_Mailbox_Params__init__S                             
1002ebcd  ti_sysbios_knl_Queue_dequeue__E                                    
1002ebd9  ti_sysbios_knl_Queue_enqueue__E                                    
1002ebe5  ti_sysbios_knl_Semaphore_Params__init__S                           
1002ebf1  ti_sysbios_knl_Swi_Params__init__S                                 
1002ebfd  ti_sysbios_knl_Swi_self__E                                         
1002ec09  ti_sysbios_knl_Task_Params__init__S                                
1002ec15  ti_sysbios_hal_Hwi_Instance_finalize__E                            
1002ec1f  ti_sysbios_knl_Event_Instance_init__E                              
1002ec29  ti_sysbios_family_arm_m3_Hwi_doSwiRestore__I                       
1002ec31  ti_sysbios_family_arm_m3_Hwi_startup__E                            
1002ec31  ti_sysbios_hal_Hwi_HwiProxy_startup__E                             
1002ec31  ti_sysbios_hal_Hwi_HwiProxy_startup__E                             
1002ec31  ti_sysbios_hal_Hwi_startup__E                                      
1002ec31  ti_sysbios_hal_Hwi_startup__E                                      
1002ec39  ti_sysbios_knl_Idle_loop__E                                        
1002ec41  ti_sysbios_family_arm_m3_Hwi_doTaskRestore__I                      
1002ec47  HwiP_restore                                                       
1002ec47  ti_sysbios_family_arm_m3_Hwi_restoreFxn__E                         
1002ec4d  ti_sysbios_gates_GateHwi_leave__E                                  
1002ec53  ti_sysbios_gates_GateMutex_Instance_finalize__E                    
1002ec59  ti_sysbios_heaps_HeapMem_isBlocking__E                             
1002ec5f  ti_sysbios_knl_Queue_Instance_init__E                              
1002ec65  ti_sysbios_knl_Queue_elemClear__E                                  
1002ec6b  ti_sysbios_knl_Swi_startup__E                                      
1002ec71  ti_sysbios_knl_Task_enable__E                                      
1002ec77  ti_sysbios_BIOS_RtsGateProxy_enter__E                              
1002ec7b  ti_sysbios_BIOS_RtsGateProxy_leave__E                              
1002ec7f  ti_sysbios_family_arm_cc26xx_Timer_getExpiredTicks__E              
1002ec83  ti_sysbios_family_arm_cc26xx_Timer_getPeriod__E                    
1002ec87  ti_sysbios_family_arm_cc26xx_Timer_setPeriod__E                    
1002ec8b  ti_sysbios_family_arm_m3_Hwi_delete                                
1002ec8f  ti_sysbios_family_arm_m3_TaskSupport_Module__startupDone__S        
1002ec8f  ti_sysbios_knl_Task_SupportProxy_Module__startupDone__S            
1002ec93  ti_sysbios_gates_GateHwi_query__E                                  
1002ec93  xdc_runtime_Main_Module_GateProxy_query__E                         
1002ec93  xdc_runtime_System_Module_GateProxy_query__E                       
1002ec93  xdc_runtime_System_Module_GateProxy_query__E                       
1002ec97  ti_sysbios_gates_GateMutex_delete                                  
1002ec9b  ti_sysbios_BIOS_RtsGateProxy_query__E                              
1002ec9b  ti_sysbios_BIOS_RtsGateProxy_query__E                              
1002ec9b  ti_sysbios_gates_GateMutex_query__E                                
1002ec9b  ti_sysbios_heaps_HeapMem_Module_GateProxy_query__E                 
1002ec9b  ti_sysbios_heaps_HeapMem_Module_GateProxy_query__E                 
1002ec9f  ti_sysbios_hal_Hwi_HwiProxy_create                                 
1002eca3  ti_sysbios_hal_Hwi_HwiProxy_delete                                 
1002eca7  ti_sysbios_hal_Hwi_delete                                          
1002ecab  ti_sysbios_heaps_HeapMem_Module_GateProxy_enter__E                 
1002ecaf  ti_sysbios_heaps_HeapMem_Module_GateProxy_leave__E                 
1002ecb3  ti_sysbios_knl_Clock_TimerProxy_getExpiredTicks__E                 
1002ecb7  ti_sysbios_knl_Clock_TimerProxy_getPeriod__E                       
1002ecbb  ti_sysbios_knl_Clock_delete                                        
1002ecbf  ti_sysbios_knl_Clock_removeI__E                                    
1002ecc3  ti_sysbios_knl_Clock_setTimeout__E                                 
1002ecc7  ti_sysbios_knl_Event_delete                                        
1002eccb  ti_sysbios_knl_Mailbox_delete                                      
1002eccf  ti_sysbios_knl_Queue_delete                                        
1002ecd3  ti_sysbios_knl_Queue_head__E                                       
1002ecd7  ti_sysbios_knl_Queue_next__E                                       
1002ecdb  ti_sysbios_knl_Semaphore_delete                                    
1002ecdf  ti_sysbios_knl_Swi_delete                                          
1002ece3  ti_sysbios_knl_Swi_postInit__I                                     
1002ece7  ti_sysbios_knl_Task_delete                                         
1002eceb  ti_sysbios_knl_Task_startup__E                                     
1002ecf1  xdc_runtime_System_doPrint__I                                      
1002f055  xdc_runtime_Startup_startMods__I                                   
1002f15d  xdc_runtime_Text_putSite__E                                        
1002f1f7  xdc_runtime_Error_policySpin__E                                    
1002f1f9  xdc_runtime_Text_putMod__E                                         
1002f289  xdc_runtime_Memory_alloc__E                                        
1002f2f9  xdc_runtime_Core_createObject__I                                   
1002f367  xdc_runtime_Core_deleteObject__I                                   
1002f3c5  xdc_runtime_Text_putLab__E                                         
1002f421  xdc_runtime_Assert_raise__I                                        
1002f475  xdc_runtime_Startup_exec__E                                        
1002f4c9  xdc_runtime_Core_assignParams__I                                   
1002f511  xdc_runtime_Core_constructObject__I                                
1002f559  xdc_runtime_System_atexit__E                                       
1002f5a1  xdc_runtime_Text_xprintf__I                                        
1002f5e5  xdc_runtime_System_processAtExit__E                                
1002f625  xdc_runtime_System_putchar__I                                      
1002f659  xdc_runtime_Core_assignLabel__I                                    
1002f689  xdc_runtime_Text_printVisFxn__I                                    
1002f6b9  xdc_runtime_System_vprintf__E                                      
1002f6e5  xdc_runtime_Text_cordText__E                                       
1002f711  xdc_runtime_System_abort__E                                        
1002f739  xdc_runtime_Error_raiseX__E                                        
1002f759  xdc_runtime_Registry_findById__E                                   
1002f779  xdc_runtime_Error_check__E                                         
1002f795  xdc_runtime_Memory_valloc__E                                       
1002f7b1  xdc_runtime_System_exit__E                                         
1002f7cd  xdc_runtime_Text_ropeText__E                                       
1002f7e9  xdc_runtime_System_printf__E                                       
1002f803  xdc_runtime_Core_destructObject__I                                 
1002f81b  xdc_runtime_System_abortSpin__E                                    
1002f81d  xdc_runtime_Memory_free__E                                         
1002f831  xdc_runtime_Memory_getStats__E                                     
1002f845  xdc_runtime_SysCallback_abort__E                                   
1002f845  xdc_runtime_System_SupportProxy_abort__E                           
1002f859  xdc_runtime_SysCallback_exit__E                                    
1002f859  xdc_runtime_System_SupportProxy_exit__E                            
1002f86d  xdc_runtime_SysCallback_flush__E                                   
1002f86d  xdc_runtime_System_SupportProxy_flush__E                           
1002f86d  xdc_runtime_System_flush__E                                        
1002f881  xdc_runtime_SysCallback_putch__E                                   
1002f881  xdc_runtime_System_SupportProxy_putch__E                           
1002f895  xdc_runtime_SysCallback_ready__E                                   
1002f895  xdc_runtime_System_SupportProxy_ready__E                           
1002f8a9  xdc_runtime_Memory_getMaxDefaultTypeAlign__E                       
1002f8b9  xdc_runtime_System_vsnprintf__E                                    
1002f8c9  xdc_runtime_Timestamp_SupportProxy_get32__E                        
1002f8c9  xdc_runtime_Timestamp_SupportProxy_get32__E                        
1002f8c9  xdc_runtime_Timestamp_get32__E                                     
1002f8c9  xdc_runtime_Timestamp_get32__E                                     
1002f8d9  xdc_runtime_Memory_calloc__E                                       
1002f8e5  xdc_runtime_Startup_rtsDone__E                                     
1002f8f1  xdc_runtime_Memory_HeapProxy_alloc__E                              
1002f8fb  xdc_runtime_Memory_HeapProxy_free__E                               
1002f905  xdc_runtime_Memory_HeapProxy_getStats__E                           
1002f90f  xdc_runtime_Gate_leaveSystem__E                                    
1002f915  xdc_runtime_System_Module_startup__E                               
1002f91b  xdc_runtime_Gate_enterSystem__E                                    
1002f91f  xdc_runtime_SysCallback_Module__startupDone__S                     
1002f91f  xdc_runtime_System_SupportProxy_Module__startupDone__S             
1002f923  xdc_runtime_System_Module_GateProxy_enter__E                       
1002f927  xdc_runtime_System_Module_GateProxy_leave__E                       
1002f92b  xdc_runtime_System_printf_va__F                                    
1002f92f  xdc_runtime_System_exitSpin__E                                     
1002f931  ti_sysbios_family_arm_m3_Hwi_dispatch__I                           
1002fa11  ti_sysbios_family_arm_m3_Hwi_interruptsAreDisabledButShouldNotBe   
1002fa2d  ti_sysbios_family_arm_m3_TaskSupport_buildTaskStack                
1002fab9  ti_sysbios_family_arm_m3_Hwi_initStacks__E                         
1002fb11  ti_sysbios_family_arm_m3_Hwi_pendSV__I                             
1002fb35  ti_sysbios_family_arm_m3_Hwi_return                                
1002fb39  ti_sysbios_family_arm_m3_Hwi_excHandlerAsm__I                      
1002fb59  ti_sysbios_family_xxx_Hwi_switchAndRunFunc                         
1002fb77  ti_sysbios_family_arm_m3_TaskSupport_swap__E                       
1002fb77  ti_sysbios_knl_Task_SupportProxy_swap__E                           
1002fb77  ti_sysbios_knl_Task_SupportProxy_swap__E                           
1002fb83  ti_sysbios_knl_Task_swapReturn                                     
1002fb8f  ti_sysbios_family_arm_m3_TaskSupport_glue                          
1002fba0  ti_sysbios_knl_Task_Object__PARAMS__C                              
1002fbdc  ti_sysbios_knl_Mailbox_Object__PARAMS__C                           
1002fc10  ti_sysbios_family_arm_m3_Hwi_Object__PARAMS__C                     
1002fc40  ti_sysbios_hal_Hwi_Object__PARAMS__C                               
1002fc6c  ti_sysbios_knl_Swi_Object__PARAMS__C                               
1002fc94  ti_sysbios_heaps_HeapMem_Object__PARAMS__C                         
1002fcb8  ti_sysbios_knl_Clock_Object__PARAMS__C                             
1002fcdc  ti_sysbios_knl_Semaphore_Object__PARAMS__C                         
1002fd00  ti_sysbios_gates_GateHwi_Object__PARAMS__C                         
1002fd18  ti_sysbios_gates_GateMutex_Object__PARAMS__C                       
1002fd30  ti_sysbios_knl_Event_Object__PARAMS__C                             
1002fd48  ti_sysbios_knl_Queue_Object__PARAMS__C                             
1002fd80  ti_sysbios_heaps_HeapTrack_Object__PARAMS__C                       
1002fd9c  ti_sysbios_heaps_HeapTrack_Instance_State_trackQueue__O            
1002fda0  ti_sysbios_heaps_HeapTrack_Module__diagsEnabled__C                 
1002fda4  ti_sysbios_heaps_HeapTrack_Module__diagsIncluded__C                
1002fda8  ti_sysbios_heaps_HeapTrack_Module__diagsMask__C                    
1002fddb  strlen                                                             
20000000  __start___llvm_prf_cnts                                            
20000000  __stop___llvm_prf_cnts                                             
20000000  ti_sysbios_family_arm_m3_Hwi_ramVectors                            
20000100  xdcRomConstPtr                                                     
20000104  xdcRomExternFuncPtr                                                
20000108  xdcRomStatePtr                                                     
20000510  ti_sysbios_knl_Task_Instance_State_0_stack__A                      
20000710  uart2CC26X2Objects                                                 
20000908  __CIOBUF_                                                          
20000b24  ti_sysbios_family_arm_m3_Hwi_dispatchTable                         
20000bfc  __TI_tmpnams                                                       
20000c9c  gpioCallbackFunctions                                              
20000d18  gpioUserArgs                                                       
20000dd4  udmaCC26XXObject                                                   
20000e1c  displayUart2Object                                                 
20000e28  parmbuf                                                            
20000e30  PowerCC26XX_swiKey                                                 
20000e34  PowerCC26XX_taskKey                                                
20000e38  nvsCC26XXObjects                                                   
20000e40  PowerCC26X2_module                                                 
20000fb0  ROM_stateStruct                                                    
20000fb0  ti_sysbios_knl_Clock_Module__state__V                              
20000fdc  ti_sysbios_family_arm_cc26xx_TimestampProvider_Module__state__V    
20000fe0  xdc_runtime_Startup_Module__state__V                               
20000fe8  xdc_runtime_Registry_Module__state__V                              
20000ff0  ti_sysbios_BIOS_Module__state__V                                   
20001014  ti_sysbios_knl_Swi_Module__state__V                                
20001030  ti_sysbios_knl_Task_Module__state__V                               
20001074  xdc_runtime_Memory_Module__state__V                                
20001078  xdc_runtime_System_Module__state__V                                
20001080  ti_sysbios_family_arm_m3_Hwi_Module__state__V                      
200010b4  ti_sysbios_family_arm_cc26xx_Timer_Module__state__V                
200010bc  _ftable                                                            
20001260  gpioPinConfigs                                                     
200012dc  _device                                                            
20001354  _stream                                                            
200013a4  ti_sysbios_knl_Task_Object__table__V                               
200013f0  ti_sysbios_family_arm_cc26xx_Timer_Object__table__V                
20001438  ti_sysbios_gates_GateMutex_Object__table__V                        
20001470  ti_sysbios_knl_Swi_Module_State_0_readyQ__A                        
200014a0  ti_sysbios_knl_Swi_Object__table__V                                
200014d0  ti_sysbios_knl_Task_Module_State_0_readyQ__A                       
20001500  _hposcCoeffs                                                       
20001524  ti_sysbios_knl_Clock_Object__table__V                              
20001544  xdc_runtime_Error_IgnoreBlock                                      
20001564  ti_sysbios_family_arm_m3_Hwi_Object__table__V                      
2000157c  ti_sysbios_heaps_HeapMem_Object__table__V                          
20001594  __TI_ft_end                                                        
20001598  __aeabi_stdin                                                      
2000159c  __aeabi_stdout                                                     
200015a0  __aeabi_stderr                                                     
200015a4  __TI_cleanup_ptr                                                   
200015a8  __TI_dtors_ptr                                                     
200015ac  __TI_enable_exit_profile_output                                    
200015b0  _lock                                                              
200015b4  _unlock                                                            
200015b8  ti_sysbios_family_arm_m3_Hwi_Module__root__V                       
200015c0  ti_sysbios_gates_GateHwi_Module__root__V                           
200015c8  ti_sysbios_gates_GateMutex_Module__root__V                         
200015d0  ti_sysbios_hal_Hwi_Module__root__V                                 
200015d8  ti_sysbios_heaps_HeapMem_Module__root__V                           
200015e0  ti_sysbios_knl_Clock_Module__root__V                               
200015e8  ti_sysbios_knl_Event_Module__root__V                               
200015f0  ti_sysbios_knl_Mailbox_Module__root__V                             
200015f8  ti_sysbios_knl_Queue_Module__root__V                               
20001600  ti_sysbios_knl_Semaphore_Module__root__V                           
20001608  ti_sysbios_knl_Swi_Module__root__V                                 
20001610  ti_sysbios_knl_Task_Module__root__V                                
20001618  xdc_runtime_System_Module_State_0_atexitHandlers__A                
20001628  main_func_sp                                                       
2000162c  ti_sysbios_family_arm_m3_Hwi_Module_State_0_excContext__A          
20001630  ti_sysbios_family_arm_m3_Hwi_Module_State_0_excStack__A            
20001634  ti_sysbios_knl_Task_Module_State_0_idleTask__A                     
20001638  ti_sysbios_family_arm_m3_Hwi_Module_State_0_excActive__A           
20001870  __primary_heap_start__                                             
20005870  __primary_heap_end__                                               
20013c00  __stack                                                            
20014000  __STACK_END                                                        
e000e000  ti_sysbios_family_arm_m3_Hwi_nvic                                  
ffffffff  __TI_pprof_out_hndl                                                
ffffffff  __TI_prof_data_size                                                
ffffffff  __TI_prof_data_start                                               
ffffffff  __binit__                                                          
ffffffff  __c_args__                                                         
ffffffff  binit                                                              
UNDEFED   ITM_flush                                                          
UNDEFED   ITM_restore                                                        
UNDEFED   PIN_hwi_bypass                                                     
UNDEFED   SHT$$INIT_ARRAY$$Base                                              
UNDEFED   SHT$$INIT_ARRAY$$Limit                                             

[928 symbols]
